Archive member included to satisfy reference by file (symbol)

/opt/st/stm32cubeide_1.17.0/plugins/com.st.stm32cube.ide.mcu.externaltools.gnu-tools-for-stm32.12.3.rel1.linux64_1.1.0.202410170702/tools/bin/../lib/gcc/arm-none-eabi/12.3.1/../../../../arm-none-eabi/lib/thumb/v6-m/nofp/libc_nano.a(libc_a-exit.o)
                              /opt/st/stm32cubeide_1.17.0/plugins/com.st.stm32cube.ide.mcu.externaltools.gnu-tools-for-stm32.12.3.rel1.linux64_1.1.0.202410170702/tools/bin/../lib/gcc/arm-none-eabi/12.3.1/../../../../arm-none-eabi/lib/thumb/v6-m/nofp/crt0.o (exit)
/opt/st/stm32cubeide_1.17.0/plugins/com.st.stm32cube.ide.mcu.externaltools.gnu-tools-for-stm32.12.3.rel1.linux64_1.1.0.202410170702/tools/bin/../lib/gcc/arm-none-eabi/12.3.1/../../../../arm-none-eabi/lib/thumb/v6-m/nofp/libc_nano.a(libc_a-malloc.o)
                              ./Core/Src/main.o (free)
/opt/st/stm32cubeide_1.17.0/plugins/com.st.stm32cube.ide.mcu.externaltools.gnu-tools-for-stm32.12.3.rel1.linux64_1.1.0.202410170702/tools/bin/../lib/gcc/arm-none-eabi/12.3.1/../../../../arm-none-eabi/lib/thumb/v6-m/nofp/libc_nano.a(libc_a-mallocr.o)
                              /opt/st/stm32cubeide_1.17.0/plugins/com.st.stm32cube.ide.mcu.externaltools.gnu-tools-for-stm32.12.3.rel1.linux64_1.1.0.202410170702/tools/bin/../lib/gcc/arm-none-eabi/12.3.1/../../../../arm-none-eabi/lib/thumb/v6-m/nofp/libc_nano.a(libc_a-malloc.o) (_malloc_r)
/opt/st/stm32cubeide_1.17.0/plugins/com.st.stm32cube.ide.mcu.externaltools.gnu-tools-for-stm32.12.3.rel1.linux64_1.1.0.202410170702/tools/bin/../lib/gcc/arm-none-eabi/12.3.1/../../../../arm-none-eabi/lib/thumb/v6-m/nofp/libc_nano.a(libc_a-mlock.o)
                              /opt/st/stm32cubeide_1.17.0/plugins/com.st.stm32cube.ide.mcu.externaltools.gnu-tools-for-stm32.12.3.rel1.linux64_1.1.0.202410170702/tools/bin/../lib/gcc/arm-none-eabi/12.3.1/../../../../arm-none-eabi/lib/thumb/v6-m/nofp/libc_nano.a(libc_a-mallocr.o) (__malloc_lock)
/opt/st/stm32cubeide_1.17.0/plugins/com.st.stm32cube.ide.mcu.externaltools.gnu-tools-for-stm32.12.3.rel1.linux64_1.1.0.202410170702/tools/bin/../lib/gcc/arm-none-eabi/12.3.1/../../../../arm-none-eabi/lib/thumb/v6-m/nofp/libc_nano.a(libc_a-realloc.o)
                              ./Core/Src/main.o (realloc)
/opt/st/stm32cubeide_1.17.0/plugins/com.st.stm32cube.ide.mcu.externaltools.gnu-tools-for-stm32.12.3.rel1.linux64_1.1.0.202410170702/tools/bin/../lib/gcc/arm-none-eabi/12.3.1/../../../../arm-none-eabi/lib/thumb/v6-m/nofp/libc_nano.a(libc_a-reallocr.o)
                              /opt/st/stm32cubeide_1.17.0/plugins/com.st.stm32cube.ide.mcu.externaltools.gnu-tools-for-stm32.12.3.rel1.linux64_1.1.0.202410170702/tools/bin/../lib/gcc/arm-none-eabi/12.3.1/../../../../arm-none-eabi/lib/thumb/v6-m/nofp/libc_nano.a(libc_a-realloc.o) (_realloc_r)
/opt/st/stm32cubeide_1.17.0/plugins/com.st.stm32cube.ide.mcu.externaltools.gnu-tools-for-stm32.12.3.rel1.linux64_1.1.0.202410170702/tools/bin/../lib/gcc/arm-none-eabi/12.3.1/../../../../arm-none-eabi/lib/thumb/v6-m/nofp/libc_nano.a(libc_a-findfp.o)
                              /opt/st/stm32cubeide_1.17.0/plugins/com.st.stm32cube.ide.mcu.externaltools.gnu-tools-for-stm32.12.3.rel1.linux64_1.1.0.202410170702/tools/bin/../lib/gcc/arm-none-eabi/12.3.1/../../../../arm-none-eabi/lib/thumb/v6-m/nofp/libc_nano.a(libc_a-exit.o) (__stdio_exit_handler)
/opt/st/stm32cubeide_1.17.0/plugins/com.st.stm32cube.ide.mcu.externaltools.gnu-tools-for-stm32.12.3.rel1.linux64_1.1.0.202410170702/tools/bin/../lib/gcc/arm-none-eabi/12.3.1/../../../../arm-none-eabi/lib/thumb/v6-m/nofp/libc_nano.a(libc_a-fwalk.o)
                              /opt/st/stm32cubeide_1.17.0/plugins/com.st.stm32cube.ide.mcu.externaltools.gnu-tools-for-stm32.12.3.rel1.linux64_1.1.0.202410170702/tools/bin/../lib/gcc/arm-none-eabi/12.3.1/../../../../arm-none-eabi/lib/thumb/v6-m/nofp/libc_nano.a(libc_a-findfp.o) (_fwalk_sglue)
/opt/st/stm32cubeide_1.17.0/plugins/com.st.stm32cube.ide.mcu.externaltools.gnu-tools-for-stm32.12.3.rel1.linux64_1.1.0.202410170702/tools/bin/../lib/gcc/arm-none-eabi/12.3.1/../../../../arm-none-eabi/lib/thumb/v6-m/nofp/libc_nano.a(libc_a-stdio.o)
                              /opt/st/stm32cubeide_1.17.0/plugins/com.st.stm32cube.ide.mcu.externaltools.gnu-tools-for-stm32.12.3.rel1.linux64_1.1.0.202410170702/tools/bin/../lib/gcc/arm-none-eabi/12.3.1/../../../../arm-none-eabi/lib/thumb/v6-m/nofp/libc_nano.a(libc_a-findfp.o) (__sread)
/opt/st/stm32cubeide_1.17.0/plugins/com.st.stm32cube.ide.mcu.externaltools.gnu-tools-for-stm32.12.3.rel1.linux64_1.1.0.202410170702/tools/bin/../lib/gcc/arm-none-eabi/12.3.1/../../../../arm-none-eabi/lib/thumb/v6-m/nofp/libc_nano.a(libc_a-memset.o)
                              /opt/st/stm32cubeide_1.17.0/plugins/com.st.stm32cube.ide.mcu.externaltools.gnu-tools-for-stm32.12.3.rel1.linux64_1.1.0.202410170702/tools/bin/../lib/gcc/arm-none-eabi/12.3.1/../../../../arm-none-eabi/lib/thumb/v6-m/nofp/crt0.o (memset)
[...]
Memory Configuration

Name             Origin             Length             Attributes
RAM              0x20000000         0x00005000         xrw
FLASH            0x08000000         0x00030000         xr
*default*        0x00000000         0xffffffff

Linker script and memory map

LOAD /opt/st/stm32cubeide_1.17.0/plugins/com.st.stm32cube.ide.mcu.externaltools.gnu-tools-for-stm32.12.3.rel1.linux64_1.1.0.202410170702/tools/bin/../lib/gcc/arm-none-eabi/12.3.1/thumb/v6-m/nofp/crti.o
LOAD /opt/st/stm32cubeide_1.17.0/plugins/com.st.stm32cube.ide.mcu.externaltools.gnu-tools-for-stm32.12.3.rel1.linux64_1.1.0.202410170702/tools/bin/../lib/gcc/arm-none-eabi/12.3.1/thumb/v6-m/nofp/crtbegin.o
LOAD /opt/st/stm32cubeide_1.17.0/plugins/com.st.stm32cube.ide.mcu.externaltools.gnu-tools-for-stm32.12.3.rel1.linux64_1.1.0.202410170702/tools/bin/../lib/gcc/arm-none-eabi/12.3.1/../../../../arm-none-eabi/lib/thumb/v6-m/nofp/crt0.o
LOAD ./Core/Src/freertos.o
LOAD ./Core/Src/main.o
LOAD ./Core/Src/stm32l0xx_hal_msp.o
LOAD ./Core/Src/stm32l0xx_it.o
LOAD ./Core/Src/syscalls.o
LOAD ./Core/Src/sysmem.o
LOAD ./Core/Src/system_stm32l0xx.o
LOAD ./Core/Startup/startup_stm32l072czux.o
LOAD ./Drivers/STM32L0xx_HAL_Driver/Src/stm32l0xx_hal.o
LOAD ./Drivers/STM32L0xx_HAL_Driver/Src/stm32l0xx_hal_adc.o
LOAD ./Drivers/STM32L0xx_HAL_Driver/Src/stm32l0xx_hal_adc_ex.o
LOAD ./Drivers/STM32L0xx_HAL_Driver/Src/stm32l0xx_hal_cortex.o
LOAD ./Drivers/STM32L0xx_HAL_Driver/Src/stm32l0xx_hal_dac.o
LOAD ./Drivers/STM32L0xx_HAL_Driver/Src/stm32l0xx_hal_dac_ex.o
LOAD ./Drivers/STM32L0xx_HAL_Driver/Src/stm32l0xx_hal_dma.o
LOAD ./Drivers/STM32L0xx_HAL_Driver/Src/stm32l0xx_hal_exti.o
LOAD ./Drivers/STM32L0xx_HAL_Driver/Src/stm32l0xx_hal_flash.o
LOAD ./Drivers/STM32L0xx_HAL_Driver/Src/stm32l0xx_hal_flash_ex.o
LOAD ./Drivers/STM32L0xx_HAL_Driver/Src/stm32l0xx_hal_flash_ramfunc.o
LOAD ./Drivers/STM32L0xx_HAL_Driver/Src/stm32l0xx_hal_gpio.o
LOAD ./Drivers/STM32L0xx_HAL_Driver/Src/stm32l0xx_hal_i2c.o
LOAD ./Drivers/STM32L0xx_HAL_Driver/Src/stm32l0xx_hal_i2c_ex.o
LOAD ./Drivers/STM32L0xx_HAL_Driver/Src/stm32l0xx_hal_pwr.o
LOAD ./Drivers/STM32L0xx_HAL_Driver/Src/stm32l0xx_hal_pwr_ex.o
LOAD ./Drivers/STM32L0xx_HAL_Driver/Src/stm32l0xx_hal_rcc.o
LOAD ./Drivers/STM32L0xx_HAL_Driver/Src/stm32l0xx_hal_rcc_ex.o
LOAD ./Drivers/STM32L0xx_HAL_Driver/Src/stm32l0xx_hal_tim.o
LOAD ./Drivers/STM32L0xx_HAL_Driver/Src/stm32l0xx_hal_tim_ex.o
LOAD ./Drivers/STM32L0xx_HAL_Driver/Src/stm32l0xx_hal_uart.o
LOAD ./Drivers/STM32L0xx_HAL_Driver/Src/stm32l0xx_hal_uart_ex.o
LOAD ./Middlewares/Third_Party/FreeRTOS/Source/CMSIS_RTOS/cmsis_os.o
LOAD ./Middlewares/Third_Party/FreeRTOS/Source/croutine.o
LOAD ./Middlewares/Third_Party/FreeRTOS/Source/event_groups.o
LOAD ./Middlewares/Third_Party/FreeRTOS/Source/list.o
LOAD ./Middlewares/Third_Party/FreeRTOS/Source/queue.o
LOAD ./Middlewares/Third_Party/FreeRTOS/Source/stream_buffer.o
LOAD ./Middlewares/Third_Party/FreeRTOS/Source/tasks.o
LOAD ./Middlewares/Third_Party/FreeRTOS/Source/timers.o
LOAD ./Middlewares/Third_Party/FreeRTOS/Source/portable/GCC/ARM_CM0/port.o
LOAD ./Middlewares/Third_Party/FreeRTOS/Source/portable/MemMang/heap_4.o
START GROUP
LOAD /opt/st/stm32cubeide_1.17.0/plugins/com.st.stm32cube.ide.mcu.externaltools.gnu-tools-for-stm32.12.3.rel1.linux64_1.1.0.202410170702/tools/bin/../lib/gcc/arm-none-eabi/12.3.1/../../../../arm-none-eabi/lib/thumb/v6-m/nofp/libc_nano.a
LOAD /opt/st/stm32cubeide_1.17.0/plugins/com.st.stm32cube.ide.mcu.externaltools.gnu-tools-for-stm32.12.3.rel1.linux64_1.1.0.202410170702/tools/bin/../lib/gcc/arm-none-eabi/12.3.1/../../../../arm-none-eabi/lib/thumb/v6-m/nofp/libm.a
END GROUP
START GROUP
LOAD /opt/st/stm32cubeide_1.17.0/plugins/com.st.stm32cube.ide.mcu.externaltools.gnu-tools-for-stm32.12.3.rel1.linux64_1.1.0.202410170702/tools/bin/../lib/gcc/arm-none-eabi/12.3.1/thumb/v6-m/nofp/libgcc.a
LOAD /opt/st/stm32cubeide_1.17.0/plugins/com.st.stm32cube.ide.mcu.externaltools.gnu-tools-for-stm32.12.3.rel1.linux64_1.1.0.202410170702/tools/bin/../lib/gcc/arm-none-eabi/12.3.1/../../../../arm-none-eabi/lib/thumb/v6-m/nofp/libc_nano.a
END GROUP
START GROUP
LOAD /opt/st/stm32cubeide_1.17.0/plugins/com.st.stm32cube.ide.mcu.externaltools.gnu-tools-for-stm32.12.3.rel1.linux64_1.1.0.202410170702/tools/bin/../lib/gcc/arm-none-eabi/12.3.1/thumb/v6-m/nofp/libgcc.a
LOAD /opt/st/stm32cubeide_1.17.0/plugins/com.st.stm32cube.ide.mcu.externaltools.gnu-tools-for-stm32.12.3.rel1.linux64_1.1.0.202410170702/tools/bin/../lib/gcc/arm-none-eabi/12.3.1/../../../../arm-none-eabi/lib/thumb/v6-m/nofp/libc_nano.a
LOAD /opt/st/stm32cubeide_1.17.0/plugins/com.st.stm32cube.ide.mcu.externaltools.gnu-tools-for-stm32.12.3.rel1.linux64_1.1.0.202410170702/tools/bin/../lib/gcc/arm-none-eabi/12.3.1/../../../../arm-none-eabi/lib/thumb/v6-m/nofp/libnosys.a
END GROUP
START GROUP
LOAD /opt/st/stm32cubeide_1.17.0/plugins/com.st.stm32cube.ide.mcu.externaltools.gnu-tools-for-stm32.12.3.rel1.linux64_1.1.0.202410170702/tools/bin/../lib/gcc/arm-none-eabi/12.3.1/thumb/v6-m/nofp/libgcc.a
LOAD /opt/st/stm32cubeide_1.17.0/plugins/com.st.stm32cube.ide.mcu.externaltools.gnu-tools-for-stm32.12.3.rel1.linux64_1.1.0.202410170702/tools/bin/../lib/gcc/arm-none-eabi/12.3.1/../../../../arm-none-eabi/lib/thumb/v6-m/nofp/libc_nano.a
LOAD /opt/st/stm32cubeide_1.17.0/plugins/com.st.stm32cube.ide.mcu.externaltools.gnu-tools-for-stm32.12.3.rel1.linux64_1.1.0.202410170702/tools/bin/../lib/gcc/arm-none-eabi/12.3.1/../../../../arm-none-eabi/lib/thumb/v6-m/nofp/libnosys.a
END GROUP
LOAD /opt/st/stm32cubeide_1.17.0/plugins/com.st.stm32cube.ide.mcu.externaltools.gnu-tools-for-stm32.12.3.rel1.linux64_1.1.0.202410170702/tools/bin/../lib/gcc/arm-none-eabi/12.3.1/thumb/v6-m/nofp/crtend.o
LOAD /opt/st/stm32cubeide_1.17.0/plugins/com.st.stm32cube.ide.mcu.externaltools.gnu-tools-for-stm32.12.3.rel1.linux64_1.1.0.202410170702/tools/bin/../lib/gcc/arm-none-eabi/12.3.1/thumb/v6-m/nofp/crtn.o
                0x20005000                        _estack = (ORIGIN (RAM) + LENGTH (RAM))
                0x00000200                        _Min_Heap_Size = 0x200
                0x00000400                        _Min_Stack_Size = 0x400

.isr_vector     0x08000000       0xc0
                0x08000000                        . = ALIGN (0x4)
 *(.isr_vector)
 .isr_vector    0x08000000       0xc0 ./Core/Startup/startup_stm32l072czux.o
                0x08000000                g_pfnVectors
                0x080000c0                        . = ALIGN (0x4)

.text           0x080000c0     0x8e6c
                0x080000c0                        . = ALIGN (0x4)
 *(.text)
 .text          0x080000c0       0x48 /opt/st/stm32cubeide_1.17.0/plugins/com.st.stm32cube.ide.mcu.externaltools.gnu-tools-for-stm32.12.3.rel1.linux64_1.1.0.202410170702/tools/bin/../lib/gcc/arm-none-eabi/12.3.1/thumb/v6-m/nofp/crtbegin.o
 .text          0x08000108        0xe /opt/st/stm32cubeide_1.17.0/plugins/com.st.stm32cube.ide.mcu.externaltools.gnu-tools-for-stm32.12.3.rel1.linux64_1.1.0.202410170702/tools/bin/../lib/gcc/arm-none-eabi/12.3.1/../../../../arm-none-eabi/lib/thumb/v6-m/nofp/libc_nano.a(libc_a-strlen.o)
                0x08000108                strlen
 *fill*         0x08000116        0x2 
 .text          0x08000118      0x114 /opt/st/stm32cubeide_1.17.0/plugins/com.st.stm32cube.ide.mcu.externaltools.gnu-tools-for-stm32.12.3.rel1.linux64_1.1.0.202410170702/tools/bin/../lib/gcc/arm-none-eabi/12.3.1/thumb/v6-m/nofp/libgcc.a(_udivsi3.o)
                0x08000118                __udivsi3
                0x08000118                __aeabi_uidiv
                0x08000224                __aeabi_uidivmod
 .text          0x0800022c      0x1d4 /opt/st/stm32cubeide_1.17.0/plugins/com.st.stm32cube.ide.mcu.externaltools.gnu-tools-for-stm32.12.3.rel1.linux64_1.1.0.202410170702/tools/bin/../lib/gcc/arm-none-eabi/12.3.1/thumb/v6-m/nofp/libgcc.a(_divsi3.o)
                0x0800022c                __aeabi_idiv
                0x0800022c                __divsi3
                0x080003f8                __aeabi_idivmod
 .text          0x08000400        0x4 /opt/st/stm32cubeide_1.17.0/plugins/com.st.stm32cube.ide.mcu.externaltools.gnu-tools-for-stm32.12.3.rel1.linux64_1.1.0.202410170702/tools/bin/../lib/gcc/arm-none-eabi/12.3.1/thumb/v6-m/nofp/libgcc.a(_dvmd_tls.o)
                0x08000400                __aeabi_ldiv0
                0x08000400                __aeabi_idiv0
 .text          0x08000404       0x40 /opt/st/stm32cubeide_1.17.0/plugins/com.st.stm32cube.ide.mcu.externaltools.gnu-tools-for-stm32.12.3.rel1.linux64_1.1.0.202410170702/tools/bin/../lib/gcc/arm-none-eabi/12.3.1/thumb/v6-m/nofp/libgcc.a(_aeabi_uldivmod.o)
                0x08000404                __aeabi_uldivmod
 .text          0x08000444      0x198 /opt/st/stm32cubeide_1.17.0/plugins/com.st.stm32cube.ide.mcu.externaltools.gnu-tools-for-stm32.12.3.rel1.linux64_1.1.0.202410170702/tools/bin/../lib/gcc/arm-none-eabi/12.3.1/thumb/v6-m/nofp/libgcc.a(_udivmoddi4.o)
                0x08000444                __udivmoddi4
 .text          0x080005dc       0x18 /opt/st/stm32cubeide_1.17.0/plugins/com.st.stm32cube.ide.mcu.externaltools.gnu-tools-for-stm32.12.3.rel1.linux64_1.1.0.202410170702/tools/bin/../lib/gcc/arm-none-eabi/12.3.1/thumb/v6-m/nofp/libgcc.a(_clzdi2.o)
                0x080005dc                __clzdi2
 .text          0x080005f4       0x3c /opt/st/stm32cubeide_1.17.0/plugins/com.st.stm32cube.ide.mcu.externaltools.gnu-tools-for-stm32.12.3.rel1.linux64_1.1.0.202410170702/tools/bin/../lib/gcc/arm-none-eabi/12.3.1/thumb/v6-m/nofp/libgcc.a(_clzsi2.o)
                0x080005f4                __clzsi2
 *(.text*)
 .text.vApplicationGetIdleTaskMemory
                0x08000630       0x30 ./Core/Src/freertos.o
                0x08000630                vApplicationGetIdleTaskMemory
 .text.modbusBufferModeRTU
                0x08000660       0x1c ./Core/Src/main.o
 .text.modbusMaskRead
                0x0800067c       0x3e ./Core/Src/main.o
 .text.modbusMaskWrite
                0x080006ba       0x9e ./Core/Src/main.o
 .text.modbusBitsToBytes
                0x08000758       0x1e ./Core/Src/main.o
 .text.modbusRLE
                0x08000776       0x3a ./Core/Src/main.o
 .text.modbusWLE
                0x080007b0       0x34 ./Core/Src/main.o
 .text.modbusRBE
                0x080007e4       0x3a ./Core/Src/main.o
 .text.modbusWBE
                0x0800081e       0x34 ./Core/Src/main.o
 .text.modbusCheckRangeU16
                0x08000852       0x34 ./Core/Src/main.o
 .text.modbusGetErrorSource
                0x08000886       0x1a ./Core/Src/main.o
 .text.modbusGetErrorCode
                0x080008a0       0x1a ./Core/Src/main.o
 .text.modbusIsOk
                0x080008ba       0x30 ./Core/Src/main.o
 .text.modbusGetGeneralError
                0x080008ea       0x2c ./Core/Src/main.o
 .text.modbusGetRequestError
                0x08000916       0x2c ./Core/Src/main.o
 .text.modbusSlaveGetResponse
                0x08000942       0x14 ./Core/Src/main.o
 .text.modbusSlaveGetResponseLength
                0x08000956       0x14 ./Core/Src/main.o
 .text.modbusSlaveGetUserPointer
                0x0800096a       0x14 ./Core/Src/main.o
 .text.modbusSlaveAllocateResponse
                0x0800097e       0x34 ./Core/Src/main.o
 .text.modbusSlaveFreeResponse
                0x080009b2       0x28 ./Core/Src/main.o
 .text.modbusDefaultAllocator
                0x080009da       0x68 ./Core/Src/main.o
                0x080009da                modbusDefaultAllocator
 .text.modbusBufferInit
                0x08000a42       0x3e ./Core/Src/main.o
                0x08000a42                modbusBufferInit
 .text.modbusBufferFree
                0x08000a80       0x26 ./Core/Src/main.o
                0x08000a80                modbusBufferFree
 .text.modbusBufferAllocateADU
                0x08000aa6       0x9a ./Core/Src/main.o
                0x08000aa6                modbusBufferAllocateADU
 .text.modbusCRC
                0x08000b40       0xb8 ./Core/Src/main.o
                0x08000b40                modbusCRC
 .text.modbusSlaveInit
                0x08000bf8       0x48 ./Core/Src/main.o
                0x08000bf8                modbusSlaveInit
 .text.modbusBuildException
                0x08000c40       0x8e ./Core/Src/main.o
                0x08000c40                modbusBuildException
 .text.modbusParseRequest
                0x08000cce       0x94 ./Core/Src/main.o
                0x08000cce                modbusParseRequest
 .text.modbusParseRequestRTU
                0x08000d62      0x236 ./Core/Src/main.o
                0x08000d62                modbusParseRequestRTU
 .text.modbusParseRequest01020304
                0x08000f98      0x362 ./Core/Src/main.o
                0x08000f98                modbusParseRequest01020304
 .text.modbusParseRequest0506
                0x080012fa      0x1c8 ./Core/Src/main.o
                0x080012fa                modbusParseRequest0506
 .text.modbusParseRequest1516
                0x080014c2      0x33e ./Core/Src/main.o
                0x080014c2                modbusParseRequest1516
 .text.modbusParseRequest22
                0x08001800      0x23c ./Core/Src/main.o
                0x08001800                modbusParseRequest22
 .text.serial_1_print
                0x08001a3c       0x34 ./Core/Src/main.o
                0x08001a3c                serial_1_print
 .text.serial_1_println
                0x08001a70       0x44 ./Core/Src/main.o
                0x08001a70                serial_1_println
 .text.HAL_UARTEx_RxEventCallback
                0x08001ab4      0x108 ./Core/Src/main.o
                0x08001ab4                HAL_UARTEx_RxEventCallback
 .text.UnlockEeprom
                0x08001bbc       0x70 ./Core/Src/main.o
                0x08001bbc                UnlockEeprom
 .text.EepromProgram_16
                0x08001c2c       0x44 ./Core/Src/main.o
                0x08001c2c                EepromProgram_16
 .text.LockEeprom
                0x08001c70       0x50 ./Core/Src/main.o
                0x08001c70                LockEeprom
 .text.Read_SID_from_EEPROM
                0x08001cc0       0x20 ./Core/Src/main.o
                0x08001cc0                Read_SID_from_EEPROM
 .text.Transfer_SID_to_EEPROM
                0x08001ce0       0x74 ./Core/Src/main.o
                0x08001ce0                Transfer_SID_to_EEPROM
 .text.FixFirstPulse
                0x08001d54       0x88 ./Core/Src/main.o
                0x08001d54                FixFirstPulse
 .text.DAC_Value_SetLow
                0x08001ddc       0x38 ./Core/Src/main.o
                0x08001ddc                DAC_Value_SetLow
 .text.PowerOn  0x08001e14      0x128 ./Core/Src/main.o
                0x08001e14                PowerOn
 .text.PowerOff
                0x08001f3c       0x9c ./Core/Src/main.o
                0x08001f3c                PowerOff
 .text.ADC_Read_values
                0x08001fd8       0xa4 ./Core/Src/main.o
                0x08001fd8                ADC_Read_values
 .text.myRegisterCallback
                0x0800207c      0x46c ./Core/Src/main.o
                0x0800207c                myRegisterCallback
 .text.main     0x080024e8      0x318 ./Core/Src/main.o
                0x080024e8                main
 .text.SystemClock_Config
                0x08002800       0xec ./Core/Src/main.o
                0x08002800                SystemClock_Config
 .text.MX_ADC_Init
                0x080028ec       0xe8 ./Core/Src/main.o
 .text.MX_DAC_Init
                0x080029d4       0x5c ./Core/Src/main.o
 .text.MX_LPUART1_UART_Init
                0x08002a30       0x5c ./Core/Src/main.o
 .text.MX_USART1_UART_Init
                0x08002a8c       0x60 ./Core/Src/main.o
 .text.MX_TIM22_Init
                0x08002aec      0x100 ./Core/Src/main.o
 .text.MX_GPIO_Init
                0x08002bec      0x17c ./Core/Src/main.o
 .text.test_for_alarm
                0x08002d68       0x58 ./Core/Src/main.o
                0x08002d68                test_for_alarm
 .text.StartDefaultTask
                0x08002dc0       0xe0 ./Core/Src/main.o
                0x08002dc0                StartDefaultTask
 .text.Error_Handler
                0x08002ea0        0xc ./Core/Src/main.o
                0x08002ea0                Error_Handler
 .text.HAL_MspInit
                0x08002eac       0x48 ./Core/Src/stm32l0xx_hal_msp.o
                0x08002eac                HAL_MspInit
 .text.HAL_ADC_MspInit
                0x08002ef4       0x78 ./Core/Src/stm32l0xx_hal_msp.o
                0x08002ef4                HAL_ADC_MspInit
 .text.HAL_DAC_MspInit
                0x08002f6c       0x78 ./Core/Src/stm32l0xx_hal_msp.o
                0x08002f6c                HAL_DAC_MspInit
 .text.HAL_UART_MspInit
                0x08002fe4      0x110 ./Core/Src/stm32l0xx_hal_msp.o
                0x08002fe4                HAL_UART_MspInit
 .text.HAL_TIM_Base_MspInit
                0x080030f4       0x30 ./Core/Src/stm32l0xx_hal_msp.o
                0x080030f4                HAL_TIM_Base_MspInit
 .text.HAL_TIM_MspPostInit
                0x08003124       0x7c ./Core/Src/stm32l0xx_hal_msp.o
                0x08003124                HAL_TIM_MspPostInit
 .text.NMI_Handler
                0x080031a0        0x8 ./Core/Src/stm32l0xx_it.o
                0x080031a0                NMI_Handler
 .text.HardFault_Handler
                0x080031a8        0x8 ./Core/Src/stm32l0xx_it.o
                0x080031a8                HardFault_Handler
 .text.SysTick_Handler
                0x080031b0       0x1c ./Core/Src/stm32l0xx_it.o
                0x080031b0                SysTick_Handler
 .text.FLASH_IRQHandler
                0x080031cc        0xe ./Core/Src/stm32l0xx_it.o
                0x080031cc                FLASH_IRQHandler
 *fill*         0x080031da        0x2 
 .text.USART1_IRQHandler
                0x080031dc       0x18 ./Core/Src/stm32l0xx_it.o
                0x080031dc                USART1_IRQHandler
 .text.RNG_LPUART1_IRQHandler
                0x080031f4       0x18 ./Core/Src/stm32l0xx_it.o
                0x080031f4                RNG_LPUART1_IRQHandler
 .text._sbrk    0x0800320c       0x6c ./Core/Src/sysmem.o
                0x0800320c                _sbrk
 .text.SystemInit
                0x08003278        0xa ./Core/Src/system_stm32l0xx.o
                0x08003278                SystemInit
 *fill*         0x08003282        0x2 
 .text.Reset_Handler
                0x08003284       0x50 ./Core/Startup/startup_stm32l072czux.o
                0x08003284                Reset_Handler
 .text.Default_Handler
                0x080032d4        0x2 ./Core/Startup/startup_stm32l072czux.o
                0x080032d4                TSC_IRQHandler
                0x080032d4                ADC1_COMP_IRQHandler
                0x080032d4                PVD_IRQHandler
                0x080032d4                I2C1_IRQHandler
                0x080032d4                RCC_CRS_IRQHandler
                0x080032d4                SPI1_IRQHandler
                0x080032d4                TIM6_DAC_IRQHandler
                0x080032d4                EXTI2_3_IRQHandler
                0x080032d4                I2C2_IRQHandler
                0x080032d4                RTC_IRQHandler
                0x080032d4                DMA1_Channel4_5_6_7_IRQHandler
                0x080032d4                TIM3_IRQHandler
                0x080032d4                EXTI4_15_IRQHandler
                0x080032d4                DMA1_Channel1_IRQHandler
                0x080032d4                USART4_5_IRQHandler
                0x080032d4                Default_Handler
                0x080032d4                TIM22_IRQHandler
                0x080032d4                TIM7_IRQHandler
                0x080032d4                EXTI0_1_IRQHandler
                0x080032d4                USB_IRQHandler
                0x080032d4                I2C3_IRQHandler
                0x080032d4                SPI2_IRQHandler
                0x080032d4                TIM21_IRQHandler
                0x080032d4                WWDG_IRQHandler
                0x080032d4                TIM2_IRQHandler
                0x080032d4                DMA1_Channel2_3_IRQHandler
                0x080032d4                USART2_IRQHandler
                0x080032d4                LPTIM1_IRQHandler
 *fill*         0x080032d6        0x2 
 .text.HAL_Init
                0x080032d8       0x40 ./Drivers/STM32L0xx_HAL_Driver/Src/stm32l0xx_hal.o
                0x080032d8                HAL_Init
 .text.HAL_InitTick
                0x08003318       0x68 ./Drivers/STM32L0xx_HAL_Driver/Src/stm32l0xx_hal.o
                0x08003318                HAL_InitTick
 .text.HAL_IncTick
                0x08003380       0x24 ./Drivers/STM32L0xx_HAL_Driver/Src/stm32l0xx_hal.o
                0x08003380                HAL_IncTick
 .text.HAL_GetTick
                0x080033a4       0x14 ./Drivers/STM32L0xx_HAL_Driver/Src/stm32l0xx_hal.o
                0x080033a4                HAL_GetTick
 .text.HAL_Delay
                0x080033b8       0x48 ./Drivers/STM32L0xx_HAL_Driver/Src/stm32l0xx_hal.o
                0x080033b8                HAL_Delay
 .text.HAL_ADC_Init
                0x08003400      0x2e8 ./Drivers/STM32L0xx_HAL_Driver/Src/stm32l0xx_hal_adc.o
                0x08003400                HAL_ADC_Init
 .text.HAL_ADC_Start
                0x080036e8       0xa8 ./Drivers/STM32L0xx_HAL_Driver/Src/stm32l0xx_hal_adc.o
                0x080036e8                HAL_ADC_Start
 .text.HAL_ADC_Stop
                0x08003790       0x80 ./Drivers/STM32L0xx_HAL_Driver/Src/stm32l0xx_hal_adc.o
                0x08003790                HAL_ADC_Stop
 .text.HAL_ADC_PollForConversion
                0x08003810      0x138 ./Drivers/STM32L0xx_HAL_Driver/Src/stm32l0xx_hal_adc.o
                0x08003810                HAL_ADC_PollForConversion
 .text.HAL_ADC_GetValue
                0x08003948       0x16 ./Drivers/STM32L0xx_HAL_Driver/Src/stm32l0xx_hal_adc.o
                0x08003948                HAL_ADC_GetValue
 *fill*         0x0800395e        0x2 
 .text.HAL_ADC_ConfigChannel
                0x08003960      0x10c ./Drivers/STM32L0xx_HAL_Driver/Src/stm32l0xx_hal_adc.o
                0x08003960                HAL_ADC_ConfigChannel
 .text.ADC_Enable
                0x08003a6c       0xd0 ./Drivers/STM32L0xx_HAL_Driver/Src/stm32l0xx_hal_adc.o
 .text.ADC_Disable
                0x08003b3c       0xce ./Drivers/STM32L0xx_HAL_Driver/Src/stm32l0xx_hal_adc.o
 .text.ADC_ConversionStop
                0x08003c0a       0x98 ./Drivers/STM32L0xx_HAL_Driver/Src/stm32l0xx_hal_adc.o
 *fill*         0x08003ca2        0x2 
 .text.ADC_DelayMicroSecond
                0x08003ca4       0x40 ./Drivers/STM32L0xx_HAL_Driver/Src/stm32l0xx_hal_adc.o
 .text.__NVIC_EnableIRQ
                0x08003ce4       0x34 ./Drivers/STM32L0xx_HAL_Driver/Src/stm32l0xx_hal_cortex.o
 .text.__NVIC_SetPriority
                0x08003d18       0xdc ./Drivers/STM32L0xx_HAL_Driver/Src/stm32l0xx_hal_cortex.o
 .text.SysTick_Config
                0x08003df4       0x48 ./Drivers/STM32L0xx_HAL_Driver/Src/stm32l0xx_hal_cortex.o
 .text.HAL_NVIC_SetPriority
                0x08003e3c       0x2a ./Drivers/STM32L0xx_HAL_Driver/Src/stm32l0xx_hal_cortex.o
                0x08003e3c                HAL_NVIC_SetPriority
 .text.HAL_NVIC_EnableIRQ
                0x08003e66       0x20 ./Drivers/STM32L0xx_HAL_Driver/Src/stm32l0xx_hal_cortex.o
                0x08003e66                HAL_NVIC_EnableIRQ
 .text.HAL_SYSTICK_Config
                0x08003e86       0x1a ./Drivers/STM32L0xx_HAL_Driver/Src/stm32l0xx_hal_cortex.o
                0x08003e86                HAL_SYSTICK_Config
 .text.HAL_DAC_Init
                0x08003ea0       0x46 ./Drivers/STM32L0xx_HAL_Driver/Src/stm32l0xx_hal_dac.o
                0x08003ea0                HAL_DAC_Init
 *fill*         0x08003ee6        0x2 
 .text.HAL_DAC_ConfigChannel
                0x08003ee8       0x98 ./Drivers/STM32L0xx_HAL_Driver/Src/stm32l0xx_hal_dac.o
                0x08003ee8                HAL_DAC_ConfigChannel
 .text.HAL_DAC_Start
                0x08003f80       0xd0 ./Drivers/STM32L0xx_HAL_Driver/Src/stm32l0xx_hal_dac_ex.o
                0x08003f80                HAL_DAC_Start
 .text.HAL_DAC_SetValue
                0x08004050       0x44 ./Drivers/STM32L0xx_HAL_Driver/Src/stm32l0xx_hal_dac_ex.o
                0x08004050                HAL_DAC_SetValue
 .text.HAL_DMA_Abort
                0x08004094       0x80 ./Drivers/STM32L0xx_HAL_Driver/Src/stm32l0xx_hal_dma.o
                0x08004094                HAL_DMA_Abort
 .text.HAL_DMA_Abort_IT
                0x08004114       0x8e ./Drivers/STM32L0xx_HAL_Driver/Src/stm32l0xx_hal_dma.o
                0x08004114                HAL_DMA_Abort_IT
 *fill*         0x080041a2        0x2 
 .text.HAL_FLASH_IRQHandler
                0x080041a4      0x1a8 ./Drivers/STM32L0xx_HAL_Driver/Src/stm32l0xx_hal_flash.o
                0x080041a4                HAL_FLASH_IRQHandler
 .text.HAL_FLASH_EndOfOperationCallback
                0x0800434c       0x10 ./Drivers/STM32L0xx_HAL_Driver/Src/stm32l0xx_hal_flash.o
                0x0800434c                HAL_FLASH_EndOfOperationCallback
 .text.HAL_FLASH_OperationErrorCallback
                0x0800435c       0x10 ./Drivers/STM32L0xx_HAL_Driver/Src/stm32l0xx_hal_flash.o
                0x0800435c                HAL_FLASH_OperationErrorCallback
 .text.FLASH_SetErrorCode
                0x0800436c      0x138 ./Drivers/STM32L0xx_HAL_Driver/Src/stm32l0xx_hal_flash.o
 .text.FLASH_PageErase
                0x080044a4       0x44 ./Drivers/STM32L0xx_HAL_Driver/Src/stm32l0xx_hal_flash_ex.o
                0x080044a4                FLASH_PageErase
 .text.HAL_GPIO_Init
                0x080044e8      0x2fc ./Drivers/STM32L0xx_HAL_Driver/Src/stm32l0xx_hal_gpio.o
                0x080044e8                HAL_GPIO_Init
 .text.HAL_GPIO_WritePin
                0x080047e4       0x3a ./Drivers/STM32L0xx_HAL_Driver/Src/stm32l0xx_hal_gpio.o
                0x080047e4                HAL_GPIO_WritePin
 *fill*         0x0800481e        0x2 
 .text.HAL_RCC_OscConfig
                0x08004820      0x7a8 ./Drivers/STM32L0xx_HAL_Driver/Src/stm32l0xx_hal_rcc.o
                0x08004820                HAL_RCC_OscConfig
 .text.HAL_RCC_ClockConfig
                0x08004fc8      0x290 ./Drivers/STM32L0xx_HAL_Driver/Src/stm32l0xx_hal_rcc.o
                0x08004fc8                HAL_RCC_ClockConfig
 .text.HAL_RCC_GetSysClockFreq
                0x08005258      0x10c ./Drivers/STM32L0xx_HAL_Driver/Src/stm32l0xx_hal_rcc.o
                0x08005258                HAL_RCC_GetSysClockFreq
 .text.HAL_RCC_GetHCLKFreq
                0x08005364       0x14 ./Drivers/STM32L0xx_HAL_Driver/Src/stm32l0xx_hal_rcc.o
                0x08005364                HAL_RCC_GetHCLKFreq
 .text.HAL_RCC_GetPCLK1Freq
                0x08005378       0x2c ./Drivers/STM32L0xx_HAL_Driver/Src/stm32l0xx_hal_rcc.o
                0x08005378                HAL_RCC_GetPCLK1Freq
 .text.HAL_RCC_GetPCLK2Freq
                0x080053a4       0x2c ./Drivers/STM32L0xx_HAL_Driver/Src/stm32l0xx_hal_rcc.o
                0x080053a4                HAL_RCC_GetPCLK2Freq
 .text.HAL_RCCEx_PeriphCLKConfig
                0x080053d0      0x2b8 ./Drivers/STM32L0xx_HAL_Driver/Src/stm32l0xx_hal_rcc_ex.o
                0x080053d0                HAL_RCCEx_PeriphCLKConfig
 .text.HAL_TIM_Base_Init
                0x08005688       0x80 ./Drivers/STM32L0xx_HAL_Driver/Src/stm32l0xx_hal_tim.o
                0x08005688                HAL_TIM_Base_Init
 .text.HAL_TIM_PWM_Init
                0x08005708       0x80 ./Drivers/STM32L0xx_HAL_Driver/Src/stm32l0xx_hal_tim.o
                0x08005708                HAL_TIM_PWM_Init
 .text.HAL_TIM_PWM_MspInit
                0x08005788       0x10 ./Drivers/STM32L0xx_HAL_Driver/Src/stm32l0xx_hal_tim.o
                0x08005788                HAL_TIM_PWM_MspInit
 .text.HAL_TIM_PWM_Start
                0x08005798      0x124 ./Drivers/STM32L0xx_HAL_Driver/Src/stm32l0xx_hal_tim.o
                0x08005798                HAL_TIM_PWM_Start
 .text.HAL_TIM_PWM_Stop
                0x080058bc       0x7c ./Drivers/STM32L0xx_HAL_Driver/Src/stm32l0xx_hal_tim.o
                0x080058bc                HAL_TIM_PWM_Stop
 .text.HAL_TIM_PWM_ConfigChannel
                0x08005938      0x18c ./Drivers/STM32L0xx_HAL_Driver/Src/stm32l0xx_hal_tim.o
                0x08005938                HAL_TIM_PWM_ConfigChannel
 .text.HAL_TIM_ConfigClockSource
                0x08005ac4      0x1a8 ./Drivers/STM32L0xx_HAL_Driver/Src/stm32l0xx_hal_tim.o
                0x08005ac4                HAL_TIM_ConfigClockSource
 .text.TIM_Base_SetConfig
                0x08005c6c       0xc8 ./Drivers/STM32L0xx_HAL_Driver/Src/stm32l0xx_hal_tim.o
 .text.TIM_OC1_SetConfig
                0x08005d34       0x78 ./Drivers/STM32L0xx_HAL_Driver/Src/stm32l0xx_hal_tim.o
 .text.TIM_OC2_SetConfig
                0x08005dac       0x84 ./Drivers/STM32L0xx_HAL_Driver/Src/stm32l0xx_hal_tim.o
 .text.TIM_OC3_SetConfig
                0x08005e30       0x80 ./Drivers/STM32L0xx_HAL_Driver/Src/stm32l0xx_hal_tim.o
 .text.TIM_OC4_SetConfig
                0x08005eb0       0x8c ./Drivers/STM32L0xx_HAL_Driver/Src/stm32l0xx_hal_tim.o
 .text.TIM_TI1_ConfigInputStage
                0x08005f3c       0x5c ./Drivers/STM32L0xx_HAL_Driver/Src/stm32l0xx_hal_tim.o
 .text.TIM_TI2_ConfigInputStage
                0x08005f98       0x64 ./Drivers/STM32L0xx_HAL_Driver/Src/stm32l0xx_hal_tim.o
 .text.TIM_ITRx_SetConfig
                0x08005ffc       0x32 ./Drivers/STM32L0xx_HAL_Driver/Src/stm32l0xx_hal_tim.o
 *fill*         0x0800602e        0x2 
 .text.TIM_ETR_SetConfig
                0x08006030       0x40 ./Drivers/STM32L0xx_HAL_Driver/Src/stm32l0xx_hal_tim.o
 .text.TIM_CCxChannelCmd
                0x08006070       0x46 ./Drivers/STM32L0xx_HAL_Driver/Src/stm32l0xx_hal_tim.o
 *fill*         0x080060b6        0x2 
 .text.HAL_TIMEx_MasterConfigSynchronization
                0x080060b8       0xbc ./Drivers/STM32L0xx_HAL_Driver/Src/stm32l0xx_hal_tim_ex.o
                0x080060b8                HAL_TIMEx_MasterConfigSynchronization
 .text.HAL_UART_Init
                0x08006174       0xa8 ./Drivers/STM32L0xx_HAL_Driver/Src/stm32l0xx_hal_uart.o
                0x08006174                HAL_UART_Init
 .text.HAL_UART_Transmit
                0x0800621c      0x13e ./Drivers/STM32L0xx_HAL_Driver/Src/stm32l0xx_hal_uart.o
                0x0800621c                HAL_UART_Transmit
 *fill*         0x0800635a        0x2 
 .text.HAL_UART_Receive_IT
                0x0800635c       0xbc ./Drivers/STM32L0xx_HAL_Driver/Src/stm32l0xx_hal_uart.o
                0x0800635c                HAL_UART_Receive_IT
 .text.HAL_UART_IRQHandler
                0x08006418      0x600 ./Drivers/STM32L0xx_HAL_Driver/Src/stm32l0xx_hal_uart.o
                0x08006418                HAL_UART_IRQHandler
 .text.HAL_UART_TxCpltCallback
                0x08006a18       0x10 ./Drivers/STM32L0xx_HAL_Driver/Src/stm32l0xx_hal_uart.o
                0x08006a18                HAL_UART_TxCpltCallback
 .text.HAL_UART_RxCpltCallback
                0x08006a28       0x10 ./Drivers/STM32L0xx_HAL_Driver/Src/stm32l0xx_hal_uart.o
                0x08006a28                HAL_UART_RxCpltCallback
 .text.HAL_UART_ErrorCallback
                0x08006a38       0x10 ./Drivers/STM32L0xx_HAL_Driver/Src/stm32l0xx_hal_uart.o
                0x08006a38                HAL_UART_ErrorCallback
 .text.UART_SetConfig
                0x08006a48      0x53c ./Drivers/STM32L0xx_HAL_Driver/Src/stm32l0xx_hal_uart.o
                0x08006a48                UART_SetConfig
 .text.UART_AdvFeatureConfig
                0x08006f84      0x168 ./Drivers/STM32L0xx_HAL_Driver/Src/stm32l0xx_hal_uart.o
                0x08006f84                UART_AdvFeatureConfig
 .text.UART_CheckIdleState
                0x080070ec      0x150 ./Drivers/STM32L0xx_HAL_Driver/Src/stm32l0xx_hal_uart.o
                0x080070ec                UART_CheckIdleState
 .text.UART_WaitOnFlagUntilTimeout
                0x0800723c       0xde ./Drivers/STM32L0xx_HAL_Driver/Src/stm32l0xx_hal_uart.o
                0x0800723c                UART_WaitOnFlagUntilTimeout
 *fill*         0x0800731a        0x2 
 .text.UART_Start_Receive_IT
                0x0800731c      0x194 ./Drivers/STM32L0xx_HAL_Driver/Src/stm32l0xx_hal_uart.o
                0x0800731c                UART_Start_Receive_IT
 .text.UART_EndRxTransfer
                0x080074b0       0xc8 ./Drivers/STM32L0xx_HAL_Driver/Src/stm32l0xx_hal_uart.o
 .text.UART_DMAAbortOnError
                0x08007578       0x26 ./Drivers/STM32L0xx_HAL_Driver/Src/stm32l0xx_hal_uart.o
 .text.UART_EndTransmit_IT
                0x0800759e       0x56 ./Drivers/STM32L0xx_HAL_Driver/Src/stm32l0xx_hal_uart.o
 .text.UART_RxISR_8BIT
                0x080075f4      0x1c4 ./Drivers/STM32L0xx_HAL_Driver/Src/stm32l0xx_hal_uart.o
 .text.UART_RxISR_16BIT
                0x080077b8      0x1c4 ./Drivers/STM32L0xx_HAL_Driver/Src/stm32l0xx_hal_uart.o
 .text.HAL_UARTEx_WakeupCallback
                0x0800797c       0x10 ./Drivers/STM32L0xx_HAL_Driver/Src/stm32l0xx_hal_uart_ex.o
                0x0800797c                HAL_UARTEx_WakeupCallback
 .text.HAL_UARTEx_ReceiveToIdle_IT
                0x0800798c       0xc8 ./Drivers/STM32L0xx_HAL_Driver/Src/stm32l0xx_hal_uart_ex.o
                0x0800798c                HAL_UARTEx_ReceiveToIdle_IT
 .text.makeFreeRtosPriority
                0x08007a54       0x32 ./Middlewares/Third_Party/FreeRTOS/Source/CMSIS_RTOS/cmsis_os.o
 .text.osKernelStart
                0x08007a86       0x10 ./Middlewares/Third_Party/FreeRTOS/Source/CMSIS_RTOS/cmsis_os.o
                0x08007a86                osKernelStart
 .text.osThreadCreate
                0x08007a96       0x9a ./Middlewares/Third_Party/FreeRTOS/Source/CMSIS_RTOS/cmsis_os.o
                0x08007a96                osThreadCreate
 .text.osDelay  0x08007b30       0x28 ./Middlewares/Third_Party/FreeRTOS/Source/CMSIS_RTOS/cmsis_os.o
                0x08007b30                osDelay
 .text.vListInitialise
                0x08007b58       0x3c ./Middlewares/Third_Party/FreeRTOS/Source/list.o
                0x08007b58                vListInitialise
 .text.vListInitialiseItem
                0x08007b94       0x16 ./Middlewares/Third_Party/FreeRTOS/Source/list.o
                0x08007b94                vListInitialiseItem
 .text.vListInsertEnd
                0x08007baa       0x44 ./Middlewares/Third_Party/FreeRTOS/Source/list.o
                0x08007baa                vListInsertEnd
 .text.vListInsert
                0x08007bee       0x6c ./Middlewares/Third_Party/FreeRTOS/Source/list.o
                0x08007bee                vListInsert
 .text.uxListRemove
                0x08007c5a       0x50 ./Middlewares/Third_Party/FreeRTOS/Source/list.o
                0x08007c5a                uxListRemove
 .text.xTaskCreateStatic
                0x08007caa       0x8e ./Middlewares/Third_Party/FreeRTOS/Source/tasks.o
                0x08007caa                xTaskCreateStatic
 .text.xTaskCreate
                0x08007d38       0x98 ./Middlewares/Third_Party/FreeRTOS/Source/tasks.o
                0x08007d38                xTaskCreate
 .text.prvInitialiseNewTask
                0x08007dd0      0x104 ./Middlewares/Third_Party/FreeRTOS/Source/tasks.o
 .text.prvAddNewTaskToReadyList
                0x08007ed4       0xc8 ./Middlewares/Third_Party/FreeRTOS/Source/tasks.o
 .text.vTaskDelay
                0x08007f9c       0x4c ./Middlewares/Third_Party/FreeRTOS/Source/tasks.o
                0x08007f9c                vTaskDelay
 .text.vTaskStartScheduler
                0x08007fe8       0x9c ./Middlewares/Third_Party/FreeRTOS/Source/tasks.o
                0x08007fe8                vTaskStartScheduler
 .text.vTaskSuspendAll
                0x08008084       0x18 ./Middlewares/Third_Party/FreeRTOS/Source/tasks.o
                0x08008084                vTaskSuspendAll
 .text.xTaskResumeAll
                0x0800809c      0x118 ./Middlewares/Third_Party/FreeRTOS/Source/tasks.o
                0x0800809c                xTaskResumeAll
 .text.xTaskIncrementTick
                0x080081b4      0x160 ./Middlewares/Third_Party/FreeRTOS/Source/tasks.o
                0x080081b4                xTaskIncrementTick
 .text.vTaskSwitchContext
                0x08008314       0xa4 ./Middlewares/Third_Party/FreeRTOS/Source/tasks.o
                0x08008314                vTaskSwitchContext
 .text.prvIdleTask
                0x080083b8       0x20 ./Middlewares/Third_Party/FreeRTOS/Source/tasks.o
 .text.prvInitialiseTaskLists
                0x080083d8       0x88 ./Middlewares/Third_Party/FreeRTOS/Source/tasks.o
 .text.prvCheckTasksWaitingTermination
                0x08008460       0x5c ./Middlewares/Third_Party/FreeRTOS/Source/tasks.o
 .text.prvDeleteTCB
                0x080084bc       0x52 ./Middlewares/Third_Party/FreeRTOS/Source/tasks.o
 *fill*         0x0800850e        0x2 
 .text.prvResetNextTaskUnblockTime
                0x08008510       0x3c ./Middlewares/Third_Party/FreeRTOS/Source/tasks.o
 .text.xTaskGetSchedulerState
                0x0800854c       0x38 ./Middlewares/Third_Party/FreeRTOS/Source/tasks.o
                0x0800854c                xTaskGetSchedulerState
 .text.prvAddCurrentTaskToDelayedList
                0x08008584       0xa8 ./Middlewares/Third_Party/FreeRTOS/Source/tasks.o
 .text.pxPortInitialiseStack
                0x0800862c       0x54 ./Middlewares/Third_Party/FreeRTOS/Source/portable/GCC/ARM_CM0/port.o
                0x0800862c                pxPortInitialiseStack
 .text.prvTaskExitError
                0x08008680       0x30 ./Middlewares/Third_Party/FreeRTOS/Source/portable/GCC/ARM_CM0/port.o
 .text.SVC_Handler
                0x080086b0        0xa ./Middlewares/Third_Party/FreeRTOS/Source/portable/GCC/ARM_CM0/port.o
                0x080086b0                SVC_Handler
 *fill*         0x080086ba        0x6 
 .text.vPortStartFirstTask
                0x080086c0       0x38 ./Middlewares/Third_Party/FreeRTOS/Source/portable/GCC/ARM_CM0/port.o
 .text.xPortStartScheduler
                0x080086f8       0x48 ./Middlewares/Third_Party/FreeRTOS/Source/portable/GCC/ARM_CM0/port.o
                0x080086f8                xPortStartScheduler
 .text.vPortYield
                0x08008740       0x20 ./Middlewares/Third_Party/FreeRTOS/Source/portable/GCC/ARM_CM0/port.o
                0x08008740                vPortYield
 .text.vPortEnterCritical
                0x08008760       0x24 ./Middlewares/Third_Party/FreeRTOS/Source/portable/GCC/ARM_CM0/port.o
                0x08008760                vPortEnterCritical
 .text.vPortExitCritical
                0x08008784       0x30 ./Middlewares/Third_Party/FreeRTOS/Source/portable/GCC/ARM_CM0/port.o
                0x08008784                vPortExitCritical
 .text.ulSetInterruptMaskFromISR
                0x080087b4        0xc ./Middlewares/Third_Party/FreeRTOS/Source/portable/GCC/ARM_CM0/port.o
                0x080087b4                ulSetInterruptMaskFromISR
 .text.vClearInterruptMaskFromISR
                0x080087c0        0x8 ./Middlewares/Third_Party/FreeRTOS/Source/portable/GCC/ARM_CM0/port.o
                0x080087c0                vClearInterruptMaskFromISR
 *fill*         0x080087c8        0x8 
 .text.PendSV_Handler
                0x080087d0       0x48 ./Middlewares/Third_Party/FreeRTOS/Source/portable/GCC/ARM_CM0/port.o
                0x080087d0                PendSV_Handler
 .text.xPortSysTickHandler
                0x08008818       0x34 ./Middlewares/Third_Party/FreeRTOS/Source/portable/GCC/ARM_CM0/port.o
                0x08008818                xPortSysTickHandler
 .text.prvSetupTimerInterrupt
                0x0800884c       0x44 ./Middlewares/Third_Party/FreeRTOS/Source/portable/GCC/ARM_CM0/port.o
 .text.pvPortMalloc
                0x08008890      0x150 ./Middlewares/Third_Party/FreeRTOS/Source/portable/MemMang/heap_4.o
                0x08008890                pvPortMalloc
 .text.vPortFree
                0x080089e0       0x94 ./Middlewares/Third_Party/FreeRTOS/Source/portable/MemMang/heap_4.o
                0x080089e0                vPortFree
 .text.prvHeapInit
                0x08008a74       0xc0 ./Middlewares/Third_Party/FreeRTOS/Source/portable/MemMang/heap_4.o
 .text.prvInsertBlockIntoFreeList
                0x08008b34       0xb0 ./Middlewares/Third_Party/FreeRTOS/Source/portable/MemMang/heap_4.o
 .text.free     0x08008be4       0x14 /opt/st/stm32cubeide_1.17.0/plugins/com.st.stm32cube.ide.mcu.externaltools.gnu-tools-for-stm32.12.3.rel1.linux64_1.1.0.202410170702/tools/bin/../lib/gcc/arm-none-eabi/12.3.1/../../../../arm-none-eabi/lib/thumb/v6-m/nofp/libc_nano.a(libc_a-malloc.o)
                0x08008be4                free
 .text.sbrk_aligned
                0x08008bf8       0x44 /opt/st/stm32cubeide_1.17.0/plugins/com.st.stm32cube.ide.mcu.externaltools.gnu-tools-for-stm32.12.3.rel1.linux64_1.1.0.202410170702/tools/bin/../lib/gcc/arm-none-eabi/12.3.1/../../../../arm-none-eabi/lib/thumb/v6-m/nofp/libc_nano.a(libc_a-mallocr.o)
 .text._malloc_r
                0x08008c3c      0x100 /opt/st/stm32cubeide_1.17.0/plugins/com.st.stm32cube.ide.mcu.externaltools.gnu-tools-for-stm32.12.3.rel1.linux64_1.1.0.202410170702/tools/bin/../lib/gcc/arm-none-eabi/12.3.1/../../../../arm-none-eabi/lib/thumb/v6-m/nofp/libc_nano.a(libc_a-mallocr.o)
                0x08008c3c                _malloc_r
 .text.__malloc_lock
                0x08008d3c       0x10 /opt/st/stm32cubeide_1.17.0/plugins/com.st.stm32cube.ide.mcu.externaltools.gnu-tools-for-stm32.12.3.rel1.linux64_1.1.0.202410170702/tools/bin/../lib/gcc/arm-none-eabi/12.3.1/../../../../arm-none-eabi/lib/thumb/v6-m/nofp/libc_nano.a(libc_a-mlock.o)
                0x08008d3c                __malloc_lock
 .text.__malloc_unlock
                0x08008d4c       0x10 /opt/st/stm32cubeide_1.17.0/plugins/com.st.stm32cube.ide.mcu.externaltools.gnu-tools-for-stm32.12.3.rel1.linux64_1.1.0.202410170702/tools/bin/../lib/gcc/arm-none-eabi/12.3.1/../../../../arm-none-eabi/lib/thumb/v6-m/nofp/libc_nano.a(libc_a-mlock.o)
                0x08008d4c                __malloc_unlock
 .text.realloc  0x08008d5c       0x14 /opt/st/stm32cubeide_1.17.0/plugins/com.st.stm32cube.ide.mcu.externaltools.gnu-tools-for-stm32.12.3.rel1.linux64_1.1.0.202410170702/tools/bin/../lib/gcc/arm-none-eabi/12.3.1/../../../../arm-none-eabi/lib/thumb/v6-m/nofp/libc_nano.a(libc_a-realloc.o)
                0x08008d5c                realloc
 .text._realloc_r
                0x08008d70       0x5e /opt/st/stm32cubeide_1.17.0/plugins/com.st.stm32cube.ide.mcu.externaltools.gnu-tools-for-stm32.12.3.rel1.linux64_1.1.0.202410170702/tools/bin/../lib/gcc/arm-none-eabi/12.3.1/../../../../arm-none-eabi/lib/thumb/v6-m/nofp/libc_nano.a(libc_a-reallocr.o)
                0x08008d70                _realloc_r
 .text.memset   0x08008dce       0x10 /opt/st/stm32cubeide_1.17.0/plugins/com.st.stm32cube.ide.mcu.externaltools.gnu-tools-for-stm32.12.3.rel1.linux64_1.1.0.202410170702/tools/bin/../lib/gcc/arm-none-eabi/12.3.1/../../../../arm-none-eabi/lib/thumb/v6-m/nofp/libc_nano.a(libc_a-memset.o)
                0x08008dce                memset
 *fill*         0x08008dde        0x2 
 .text._sbrk_r  0x08008de0       0x24 /opt/st/stm32cubeide_1.17.0/plugins/com.st.stm32cube.ide.mcu.externaltools.gnu-tools-for-stm32.12.3.rel1.linux64_1.1.0.202410170702/tools/bin/../lib/gcc/arm-none-eabi/12.3.1/../../../../arm-none-eabi/lib/thumb/v6-m/nofp/libc_nano.a(libc_a-sbrkr.o)
                0x08008de0                _sbrk_r
 .text.__errno  0x08008e04        0xc /opt/st/stm32cubeide_1.17.0/plugins/com.st.stm32cube.ide.mcu.externaltools.gnu-tools-for-stm32.12.3.rel1.linux64_1.1.0.202410170702/tools/bin/../lib/gcc/arm-none-eabi/12.3.1/../../../../arm-none-eabi/lib/thumb/v6-m/nofp/libc_nano.a(libc_a-errno.o)
                0x08008e04                __errno
 .text.__libc_init_array
                0x08008e10       0x48 /opt/st/stm32cubeide_1.17.0/plugins/com.st.stm32cube.ide.mcu.externaltools.gnu-tools-for-stm32.12.3.rel1.linux64_1.1.0.202410170702/tools/bin/../lib/gcc/arm-none-eabi/12.3.1/../../../../arm-none-eabi/lib/thumb/v6-m/nofp/libc_nano.a(libc_a-init.o)
                0x08008e10                __libc_init_array
 .text.__retarget_lock_acquire_recursive
                0x08008e58        0x2 /opt/st/stm32cubeide_1.17.0/plugins/com.st.stm32cube.ide.mcu.externaltools.gnu-tools-for-stm32.12.3.rel1.linux64_1.1.0.202410170702/tools/bin/../lib/gcc/arm-none-eabi/12.3.1/../../../../arm-none-eabi/lib/thumb/v6-m/nofp/libc_nano.a(libc_a-lock.o)
                0x08008e58                __retarget_lock_acquire_recursive
 .text.__retarget_lock_release_recursive
                0x08008e5a        0x2 /opt/st/stm32cubeide_1.17.0/plugins/com.st.stm32cube.ide.mcu.externaltools.gnu-tools-for-stm32.12.3.rel1.linux64_1.1.0.202410170702/tools/bin/../lib/gcc/arm-none-eabi/12.3.1/../../../../arm-none-eabi/lib/thumb/v6-m/nofp/libc_nano.a(libc_a-lock.o)
                0x08008e5a                __retarget_lock_release_recursive
 .text.memcpy   0x08008e5c       0x12 /opt/st/stm32cubeide_1.17.0/plugins/com.st.stm32cube.ide.mcu.externaltools.gnu-tools-for-stm32.12.3.rel1.linux64_1.1.0.202410170702/tools/bin/../lib/gcc/arm-none-eabi/12.3.1/../../../../arm-none-eabi/lib/thumb/v6-m/nofp/libc_nano.a(libc_a-memcpy-stub.o)
                0x08008e5c                memcpy
 *fill*         0x08008e6e        0x2 
 .text._free_r  0x08008e70       0x94 /opt/st/stm32cubeide_1.17.0/plugins/com.st.stm32cube.ide.mcu.externaltools.gnu-tools-for-stm32.12.3.rel1.linux64_1.1.0.202410170702/tools/bin/../lib/gcc/arm-none-eabi/12.3.1/../../../../arm-none-eabi/lib/thumb/v6-m/nofp/libc_nano.a(libc_a-freer.o)
                0x08008e70                _free_r
 .text._malloc_usable_size_r
                0x08008f04       0x10 /opt/st/stm32cubeide_1.17.0/plugins/com.st.stm32cube.ide.mcu.externaltools.gnu-tools-for-stm32.12.3.rel1.linux64_1.1.0.202410170702/tools/bin/../lib/gcc/arm-none-eabi/12.3.1/../../../../arm-none-eabi/lib/thumb/v6-m/nofp/libc_nano.a(libc_a-msizer.o)
                0x08008f04                _malloc_usable_size_r
 *(.glue_7)
 .glue_7        0x08008f14        0x0 linker stubs
 *(.glue_7t)
 .glue_7t       0x08008f14        0x0 linker stubs
 *(.eh_frame)
 .eh_frame      0x08008f14        0x0 /opt/st/stm32cubeide_1.17.0/plugins/com.st.stm32cube.ide.mcu.externaltools.gnu-tools-for-stm32.12.3.rel1.linux64_1.1.0.202410170702/tools/bin/../lib/gcc/arm-none-eabi/12.3.1/thumb/v6-m/nofp/crtbegin.o
 *(.init)
 .init          0x08008f14        0x4 /opt/st/stm32cubeide_1.17.0/plugins/com.st.stm32cube.ide.mcu.externaltools.gnu-tools-for-stm32.12.3.rel1.linux64_1.1.0.202410170702/tools/bin/../lib/gcc/arm-none-eabi/12.3.1/thumb/v6-m/nofp/crti.o
                0x08008f14                _init
 .init          0x08008f18        0x8 /opt/st/stm32cubeide_1.17.0/plugins/com.st.stm32cube.ide.mcu.externaltools.gnu-tools-for-stm32.12.3.rel1.linux64_1.1.0.202410170702/tools/bin/../lib/gcc/arm-none-eabi/12.3.1/thumb/v6-m/nofp/crtn.o
 *(.fini)
 .fini          0x08008f20        0x4 /opt/st/stm32cubeide_1.17.0/plugins/com.st.stm32cube.ide.mcu.externaltools.gnu-tools-for-stm32.12.3.rel1.linux64_1.1.0.202410170702/tools/bin/../lib/gcc/arm-none-eabi/12.3.1/thumb/v6-m/nofp/crti.o
                0x08008f20                _fini
 .fini          0x08008f24        0x8 /opt/st/stm32cubeide_1.17.0/plugins/com.st.stm32cube.ide.mcu.externaltools.gnu-tools-for-stm32.12.3.rel1.linux64_1.1.0.202410170702/tools/bin/../lib/gcc/arm-none-eabi/12.3.1/thumb/v6-m/nofp/crtn.o
                0x08008f2c                        . = ALIGN (0x4)
                0x08008f2c                        _etext = .

.vfp11_veneer   0x08008f2c        0x0
 .vfp11_veneer  0x08008f2c        0x0 linker stubs

.v4_bx          0x08008f2c        0x0
 .v4_bx         0x08008f2c        0x0 linker stubs

.iplt           0x08008f2c        0x0
 .iplt          0x08008f2c        0x0 /opt/st/stm32cubeide_1.17.0/plugins/com.st.stm32cube.ide.mcu.externaltools.gnu-tools-for-stm32.12.3.rel1.linux64_1.1.0.202410170702/tools/bin/../lib/gcc/arm-none-eabi/12.3.1/thumb/v6-m/nofp/crtbegin.o

.rodata         0x08008f2c      0x32c
                0x08008f2c                        . = ALIGN (0x4)
 *(.rodata)
 .rodata        0x08008f2c      0x29d ./Core/Src/main.o
 *fill*         0x080091c9        0x3 
 .rodata        0x080091cc        0x5 ./Middlewares/Third_Party/FreeRTOS/Source/tasks.o
 *(.rodata*)
 *fill*         0x080091d1        0x3 
 .rodata.myRegisterCallback
                0x080091d4       0x18 ./Core/Src/main.o
 .rodata.AHBPrescTable
                0x080091ec       0x10 ./Core/Src/system_stm32l0xx.o
                0x080091ec                AHBPrescTable
 .rodata.APBPrescTable
                0x080091fc        0x8 ./Core/Src/system_stm32l0xx.o
                0x080091fc                APBPrescTable
 .rodata.PLLMulTable
                0x08009204        0x9 ./Core/Src/system_stm32l0xx.o
                0x08009204                PLLMulTable
 *fill*         0x0800920d        0x3 
 .rodata.UART_SetConfig
                0x08009210       0x48 ./Drivers/STM32L0xx_HAL_Driver/Src/stm32l0xx_hal_uart.o
                0x08009258                        . = ALIGN (0x4)

.ARM.extab      0x08009258        0x0
                0x08009258                        . = ALIGN (0x4)
 *(.ARM.extab* .gnu.linkonce.armextab.*)
                0x08009258                        . = ALIGN (0x4)

.ARM            0x08009258        0x8
                0x08009258                        . = ALIGN (0x4)
                0x08009258                        __exidx_start = .
 *(.ARM.exidx*)
 .ARM.exidx     0x08009258        0x8 /opt/st/stm32cubeide_1.17.0/plugins/com.st.stm32cube.ide.mcu.externaltools.gnu-tools-for-stm32.12.3.rel1.linux64_1.1.0.202410170702/tools/bin/../lib/gcc/arm-none-eabi/12.3.1/thumb/v6-m/nofp/libgcc.a(_udivmoddi4.o)
                0x08009260                        __exidx_end = .
                0x08009260                        . = ALIGN (0x4)

.preinit_array  0x08009260        0x0
                0x08009260                        . = ALIGN (0x4)
                0x08009260                        PROVIDE (__preinit_array_start = .)
 *(.preinit_array*)
                0x08009260                        PROVIDE (__preinit_array_end = .)
                0x08009260                        . = ALIGN (0x4)

.init_array     0x08009260        0x4
                0x08009260                        . = ALIGN (0x4)
                0x08009260                        PROVIDE (__init_array_start = .)
 *(SORT_BY_NAME(.init_array.*))
 *(.init_array*)
 .init_array    0x08009260        0x4 /opt/st/stm32cubeide_1.17.0/plugins/com.st.stm32cube.ide.mcu.externaltools.gnu-tools-for-stm32.12.3.rel1.linux64_1.1.0.202410170702/tools/bin/../lib/gcc/arm-none-eabi/12.3.1/thumb/v6-m/nofp/crtbegin.o
                0x08009264                        PROVIDE (__init_array_end = .)
                0x08009264                        . = ALIGN (0x4)

.fini_array     0x08009264        0x4
                0x08009264                        . = ALIGN (0x4)
                [!provide]                        PROVIDE (__fini_array_start = .)
 *(SORT_BY_NAME(.fini_array.*))
 *(.fini_array*)
 .fini_array    0x08009264        0x4 /opt/st/stm32cubeide_1.17.0/plugins/com.st.stm32cube.ide.mcu.externaltools.gnu-tools-for-stm32.12.3.rel1.linux64_1.1.0.202410170702/tools/bin/../lib/gcc/arm-none-eabi/12.3.1/thumb/v6-m/nofp/crtbegin.o
                [!provide]                        PROVIDE (__fini_array_end = .)
                0x08009268                        . = ALIGN (0x4)
                0x08009268                        _sidata = LOADADDR (.data)

.rel.dyn        0x08009268        0x0
 .rel.iplt      0x08009268        0x0 /opt/st/stm32cubeide_1.17.0/plugins/com.st.stm32cube.ide.mcu.externaltools.gnu-tools-for-stm32.12.3.rel1.linux64_1.1.0.202410170702/tools/bin/../lib/gcc/arm-none-eabi/12.3.1/thumb/v6-m/nofp/crtbegin.o

.data           0x20000000       0xe4 load address 0x08009268
                0x20000000                        . = ALIGN (0x4)
                0x20000000                        _sdata = .
 *(.data)
 *(.data*)
 .data.modbusSlaveDefaultFunctions
                0x20000000       0x50 ./Core/Src/main.o
                0x20000000                modbusSlaveDefaultFunctions
 .data.LED_Pins
                0x20000050        0xe ./Core/Src/main.o
                0x20000050                LED_Pins
 *fill*         0x2000005e        0x2 
 .data.LED_GPIO
                0x20000060       0x1c ./Core/Src/main.o
                0x20000060                LED_GPIO
 .data.msg      0x2000007c        0x5 ./Core/Src/main.o
                0x2000007c                msg
 *fill*         0x20000081        0x3 
 .data.SystemCoreClock
                0x20000084        0x4 ./Core/Src/system_stm32l0xx.o
                0x20000084                SystemCoreClock
 .data.uwTickPrio
                0x20000088        0x4 ./Drivers/STM32L0xx_HAL_Driver/Src/stm32l0xx_hal.o
                0x20000088                uwTickPrio
 .data.uwTickFreq
                0x2000008c        0x1 ./Drivers/STM32L0xx_HAL_Driver/Src/stm32l0xx_hal.o
                0x2000008c                uwTickFreq
 *fill*         0x2000008d        0x3 
 .data.uxCriticalNesting
                0x20000090        0x4 ./Middlewares/Third_Party/FreeRTOS/Source/portable/GCC/ARM_CM0/port.o
 .data._impure_ptr
                0x20000094        0x4 /opt/st/stm32cubeide_1.17.0/plugins/com.st.stm32cube.ide.mcu.externaltools.gnu-tools-for-stm32.12.3.rel1.linux64_1.1.0.202410170702/tools/bin/../lib/gcc/arm-none-eabi/12.3.1/../../../../arm-none-eabi/lib/thumb/v6-m/nofp/libc_nano.a(libc_a-impure.o)
                0x20000094                _impure_ptr
 .data._impure_data
                0x20000098       0x4c /opt/st/stm32cubeide_1.17.0/plugins/com.st.stm32cube.ide.mcu.externaltools.gnu-tools-for-stm32.12.3.rel1.linux64_1.1.0.202410170702/tools/bin/../lib/gcc/arm-none-eabi/12.3.1/../../../../arm-none-eabi/lib/thumb/v6-m/nofp/libc_nano.a(libc_a-impure.o)
                0x20000098                _impure_data
 *(.RamFunc)
 *(.RamFunc*)
                0x200000e4                        . = ALIGN (0x4)
                0x200000e4                        _edata = .

.igot.plt       0x200000e4        0x0 load address 0x0800934c
 .igot.plt      0x200000e4        0x0 /opt/st/stm32cubeide_1.17.0/plugins/com.st.stm32cube.ide.mcu.externaltools.gnu-tools-for-stm32.12.3.rel1.linux64_1.1.0.202410170702/tools/bin/../lib/gcc/arm-none-eabi/12.3.1/thumb/v6-m/nofp/crtbegin.o
                0x200000e4                        . = ALIGN (0x4)

.bss            0x200000e4     0x13a4 load address 0x0800934c
                0x200000e4                        _sbss = .
                0x200000e4                        __bss_start__ = _sbss
 *(.bss)
 .bss           0x200000e4       0x1c /opt/st/stm32cubeide_1.17.0/plugins/com.st.stm32cube.ide.mcu.externaltools.gnu-tools-for-stm32.12.3.rel1.linux64_1.1.0.202410170702/tools/bin/../lib/gcc/arm-none-eabi/12.3.1/thumb/v6-m/nofp/crtbegin.o
 *(.bss*)
 .bss.xIdleTaskTCBBuffer
                0x20000100       0x54 ./Core/Src/freertos.o
 .bss.xIdleStack
                0x20000154      0x200 ./Core/Src/freertos.o
 .bss.hadc      0x20000354       0x5c ./Core/Src/main.o
                0x20000354                hadc
 .bss.hdac      0x200003b0       0x14 ./Core/Src/main.o
                0x200003b0                hdac
 .bss.hlpuart1  0x200003c4       0x88 ./Core/Src/main.o
                0x200003c4                hlpuart1
 .bss.huart1    0x2000044c       0x88 ./Core/Src/main.o
                0x2000044c                huart1
 .bss.htim22    0x200004d4       0x40 ./Core/Src/main.o
                0x200004d4                htim22
 .bss.defaultTaskHandle
                0x20000514        0x4 ./Core/Src/main.o
                0x20000514                defaultTaskHandle
 .bss.bias_adc  0x20000518        0xa ./Core/Src/main.o
                0x20000518                bias_adc
 *fill*         0x20000522        0x2 
 .bss.imon_adc  0x20000524        0xa ./Core/Src/main.o
                0x20000524                imon_adc
 .bss.timer_on  0x2000052e        0x1 ./Core/Src/main.o
                0x2000052e                timer_on
 .bss.trig_src  0x2000052f        0x1 ./Core/Src/main.o
                0x2000052f                trig_src
 .bss.trig_rate_fact
                0x20000530        0x4 ./Core/Src/main.o
                0x20000530                trig_rate_fact
 .bss.buf_1     0x20000534       0x20 ./Core/Src/main.o
                0x20000534                buf_1
 .bss.write_1_pos
                0x20000554        0x4 ./Core/Src/main.o
                0x20000554                write_1_pos
 .bss.registers
                0x20000558       0x20 ./Core/Src/main.o
 .bss.inputRegisters
                0x20000578       0x20 ./Core/Src/main.o
 .bss.coils     0x20000598        0x2 ./Core/Src/main.o
 *fill*         0x2000059a        0x2 
 .bss.discreteInputs
                0x2000059c        0x2 ./Core/Src/main.o
 *fill*         0x2000059e        0x2 
 .bss.slave     0x200005a0       0x24 ./Core/Src/main.o
                0x200005a0                slave
 .bss.rxframe   0x200005c4       0x10 ./Core/Src/main.o
                0x200005c4                rxframe
 .bss.power_changed
                0x200005d4        0x1 ./Core/Src/main.o
                0x200005d4                power_changed
 *fill*         0x200005d5        0x3 
 .bss.err       0x200005d8        0x4 ./Core/Src/main.o
                0x200005d8                err
 .bss.__sbrk_heap_end
                0x200005dc        0x4 ./Core/Src/sysmem.o
 .bss.uwTick    0x200005e0        0x4 ./Drivers/STM32L0xx_HAL_Driver/Src/stm32l0xx_hal.o
                0x200005e0                uwTick
 .bss.pFlash    0x200005e4       0x18 ./Drivers/STM32L0xx_HAL_Driver/Src/stm32l0xx_hal_flash.o
                0x200005e4                pFlash
 .bss.pxCurrentTCB
                0x200005fc        0x4 ./Middlewares/Third_Party/FreeRTOS/Source/tasks.o
                0x200005fc                pxCurrentTCB
 .bss.pxReadyTasksLists
                0x20000600       0x8c ./Middlewares/Third_Party/FreeRTOS/Source/tasks.o
 .bss.xDelayedTaskList1
                0x2000068c       0x14 ./Middlewares/Third_Party/FreeRTOS/Source/tasks.o
 .bss.xDelayedTaskList2
                0x200006a0       0x14 ./Middlewares/Third_Party/FreeRTOS/Source/tasks.o
 .bss.pxDelayedTaskList
                0x200006b4        0x4 ./Middlewares/Third_Party/FreeRTOS/Source/tasks.o
 .bss.pxOverflowDelayedTaskList
                0x200006b8        0x4 ./Middlewares/Third_Party/FreeRTOS/Source/tasks.o
 .bss.xPendingReadyList
                0x200006bc       0x14 ./Middlewares/Third_Party/FreeRTOS/Source/tasks.o
 .bss.xTasksWaitingTermination
                0x200006d0       0x14 ./Middlewares/Third_Party/FreeRTOS/Source/tasks.o
 .bss.uxDeletedTasksWaitingCleanUp
                0x200006e4        0x4 ./Middlewares/Third_Party/FreeRTOS/Source/tasks.o
 .bss.xSuspendedTaskList
                0x200006e8       0x14 ./Middlewares/Third_Party/FreeRTOS/Source/tasks.o
 .bss.uxCurrentNumberOfTasks
                0x200006fc        0x4 ./Middlewares/Third_Party/FreeRTOS/Source/tasks.o
 .bss.xTickCount
                0x20000700        0x4 ./Middlewares/Third_Party/FreeRTOS/Source/tasks.o
 .bss.uxTopReadyPriority
                0x20000704        0x4 ./Middlewares/Third_Party/FreeRTOS/Source/tasks.o
 .bss.xSchedulerRunning
                0x20000708        0x4 ./Middlewares/Third_Party/FreeRTOS/Source/tasks.o
 .bss.uxPendedTicks
                0x2000070c        0x4 ./Middlewares/Third_Party/FreeRTOS/Source/tasks.o
 .bss.xYieldPending
                0x20000710        0x4 ./Middlewares/Third_Party/FreeRTOS/Source/tasks.o
 .bss.xNumOfOverflows
                0x20000714        0x4 ./Middlewares/Third_Party/FreeRTOS/Source/tasks.o
 .bss.uxTaskNumber
                0x20000718        0x4 ./Middlewares/Third_Party/FreeRTOS/Source/tasks.o
 .bss.xNextTaskUnblockTime
                0x2000071c        0x4 ./Middlewares/Third_Party/FreeRTOS/Source/tasks.o
 .bss.xIdleTaskHandle
                0x20000720        0x4 ./Middlewares/Third_Party/FreeRTOS/Source/tasks.o
 .bss.uxSchedulerSuspended
                0x20000724        0x4 ./Middlewares/Third_Party/FreeRTOS/Source/tasks.o
 .bss.ucHeap    0x20000728      0xc00 ./Middlewares/Third_Party/FreeRTOS/Source/portable/MemMang/heap_4.o
 .bss.xStart    0x20001328        0x8 ./Middlewares/Third_Party/FreeRTOS/Source/portable/MemMang/heap_4.o
 .bss.pxEnd     0x20001330        0x4 ./Middlewares/Third_Party/FreeRTOS/Source/portable/MemMang/heap_4.o
 .bss.xFreeBytesRemaining
                0x20001334        0x4 ./Middlewares/Third_Party/FreeRTOS/Source/portable/MemMang/heap_4.o
 .bss.xMinimumEverFreeBytesRemaining
                0x20001338        0x4 ./Middlewares/Third_Party/FreeRTOS/Source/portable/MemMang/heap_4.o
 .bss.xBlockAllocatedBit
                0x2000133c        0x4 ./Middlewares/Third_Party/FreeRTOS/Source/portable/MemMang/heap_4.o
 .bss.__malloc_sbrk_start
                0x20001340        0x4 /opt/st/stm32cubeide_1.17.0/plugins/com.st.stm32cube.ide.mcu.externaltools.gnu-tools-for-stm32.12.3.rel1.linux64_1.1.0.202410170702/tools/bin/../lib/gcc/arm-none-eabi/12.3.1/../../../../arm-none-eabi/lib/thumb/v6-m/nofp/libc_nano.a(libc_a-mallocr.o)
                0x20001340                __malloc_sbrk_start
 .bss.__malloc_free_list
                0x20001344        0x4 /opt/st/stm32cubeide_1.17.0/plugins/com.st.stm32cube.ide.mcu.externaltools.gnu-tools-for-stm32.12.3.rel1.linux64_1.1.0.202410170702/tools/bin/../lib/gcc/arm-none-eabi/12.3.1/../../../../arm-none-eabi/lib/thumb/v6-m/nofp/libc_nano.a(libc_a-mallocr.o)
                0x20001344                __malloc_free_list
 .bss.__sf      0x20001348      0x138 /opt/st/stm32cubeide_1.17.0/plugins/com.st.stm32cube.ide.mcu.externaltools.gnu-tools-for-stm32.12.3.rel1.linux64_1.1.0.202410170702/tools/bin/../lib/gcc/arm-none-eabi/12.3.1/../../../../arm-none-eabi/lib/thumb/v6-m/nofp/libc_nano.a(libc_a-findfp.o)
                0x20001348                __sf
 .bss.errno     0x20001480        0x4 /opt/st/stm32cubeide_1.17.0/plugins/com.st.stm32cube.ide.mcu.externaltools.gnu-tools-for-stm32.12.3.rel1.linux64_1.1.0.202410170702/tools/bin/../lib/gcc/arm-none-eabi/12.3.1/../../../../arm-none-eabi/lib/thumb/v6-m/nofp/libc_nano.a(libc_a-reent.o)
                0x20001480                errno
 .bss.__lock___malloc_recursive_mutex
                0x20001484        0x1 /opt/st/stm32cubeide_1.17.0/plugins/com.st.stm32cube.ide.mcu.externaltools.gnu-tools-for-stm32.12.3.rel1.linux64_1.1.0.202410170702/tools/bin/../lib/gcc/arm-none-eabi/12.3.1/../../../../arm-none-eabi/lib/thumb/v6-m/nofp/libc_nano.a(libc_a-lock.o)
                0x20001484                __lock___malloc_recursive_mutex
 *(COMMON)
                0x20001488                        . = ALIGN (0x4)
 *fill*         0x20001485        0x3 
                0x20001488                        _ebss = .
                0x20001488                        __bss_end__ = _ebss

._user_heap_stack
                0x20001488      0x600 load address 0x0800934c
                0x20001488                        . = ALIGN (0x8)
                [!provide]                        PROVIDE (end = .)
                0x20001488                        PROVIDE (_end = .)
                0x20001688                        . = (. + _Min_Heap_Size)
 *fill*         0x20001488      0x200 
                0x20001a88                        . = (. + _Min_Stack_Size)
 *fill*         0x20001688      0x400 
                0x20001a88                        . = ALIGN (0x8)

/DISCARD/
 libc.a(*)
 libm.a(*)
 libgcc.a(*)

.ARM.attributes
                0x00000000       0x28
 *(.ARM.attributes)
 .ARM.attributes
                0x00000000       0x1e /opt/st/stm32cubeide_1.17.0/plugins/com.st.stm32cube.ide.mcu.externaltools.gnu-tools-for-stm32.12.3.rel1.linux64_1.1.0.202410170702/tools/bin/../lib/gcc/arm-none-eabi/12.3.1/thumb/v6-m/nofp/crti.o
 .ARM.attributes
                0x0000001e       0x2c /opt/st/stm32cubeide_1.17.0/plugins/com.st.stm32cube.ide.mcu.externaltools.gnu-tools-for-stm32.12.3.rel1.linux64_1.1.0.202410170702/tools/bin/../lib/gcc/arm-none-eabi/12.3.1/thumb/v6-m/nofp/crtbegin.o
 .ARM.attributes
                0x0000004a       0x2c ./Core/Src/freertos.o
 .ARM.attributes
                0x00000076       0x2c ./Core/Src/main.o
 .ARM.attributes
                0x000000a2       0x2c ./Core/Src/stm32l0xx_hal_msp.o
 .ARM.attributes
                0x000000ce       0x2c ./Core/Src/stm32l0xx_it.o
 .ARM.attributes
                0x000000fa       0x2c ./Core/Src/sysmem.o
 .ARM.attributes
                0x00000126       0x2c ./Core/Src/system_stm32l0xx.o
 .ARM.attributes
                0x00000152       0x22 ./Core/Startup/startup_stm32l072czux.o
 .ARM.attributes
                0x00000174       0x2c ./Drivers/STM32L0xx_HAL_Driver/Src/stm32l0xx_hal.o
 .ARM.attributes
                0x000001a0       0x2c ./Drivers/STM32L0xx_HAL_Driver/Src/stm32l0xx_hal_adc.o
 .ARM.attributes
                0x000001cc       0x2c ./Drivers/STM32L0xx_HAL_Driver/Src/stm32l0xx_hal_cortex.o
 .ARM.attributes
                0x000001f8       0x2c ./Drivers/STM32L0xx_HAL_Driver/Src/stm32l0xx_hal_dac.o
 .ARM.attributes
                0x00000224       0x2c ./Drivers/STM32L0xx_HAL_Driver/Src/stm32l0xx_hal_dac_ex.o
 .ARM.attributes
                0x00000250       0x2c ./Drivers/STM32L0xx_HAL_Driver/Src/stm32l0xx_hal_dma.o
 .ARM.attributes
                0x0000027c       0x2c ./Drivers/STM32L0xx_HAL_Driver/Src/stm32l0xx_hal_flash.o
 .ARM.attributes
                0x000002a8       0x2c ./Drivers/STM32L0xx_HAL_Driver/Src/stm32l0xx_hal_flash_ex.o
 .ARM.attributes
                0x000002d4       0x2c ./Drivers/STM32L0xx_HAL_Driver/Src/stm32l0xx_hal_gpio.o
 .ARM.attributes
                0x00000300       0x2c ./Drivers/STM32L0xx_HAL_Driver/Src/stm32l0xx_hal_rcc.o
 .ARM.attributes
                0x0000032c       0x2c ./Drivers/STM32L0xx_HAL_Driver/Src/stm32l0xx_hal_rcc_ex.o
 .ARM.attributes
                0x00000358       0x2c ./Drivers/STM32L0xx_HAL_Driver/Src/stm32l0xx_hal_tim.o
 .ARM.attributes
                0x00000384       0x2c ./Drivers/STM32L0xx_HAL_Driver/Src/stm32l0xx_hal_tim_ex.o
 .ARM.attributes
                0x000003b0       0x2c ./Drivers/STM32L0xx_HAL_Driver/Src/stm32l0xx_hal_uart.o
 .ARM.attributes
                0x000003dc       0x2c ./Drivers/STM32L0xx_HAL_Driver/Src/stm32l0xx_hal_uart_ex.o
 .ARM.attributes
                0x00000408       0x2c ./Middlewares/Third_Party/FreeRTOS/Source/CMSIS_RTOS/cmsis_os.o
 .ARM.attributes
                0x00000434       0x2c ./Middlewares/Third_Party/FreeRTOS/Source/list.o
 .ARM.attributes
                0x00000460       0x2c ./Middlewares/Third_Party/FreeRTOS/Source/tasks.o
 .ARM.attributes
                0x0000048c       0x2c ./Middlewares/Third_Party/FreeRTOS/Source/portable/GCC/ARM_CM0/port.o
 .ARM.attributes
                0x000004b8       0x2c ./Middlewares/Third_Party/FreeRTOS/Source/portable/MemMang/heap_4.o
 .ARM.attributes
                0x000004e4       0x2c /opt/st/stm32cubeide_1.17.0/plugins/com.st.stm32cube.ide.mcu.externaltools.gnu-tools-for-stm32.12.3.rel1.linux64_1.1.0.202410170702/tools/bin/../lib/gcc/arm-none-eabi/12.3.1/../../../../arm-none-eabi/lib/thumb/v6-m/nofp/libc_nano.a(libc_a-malloc.o)
 .ARM.attributes
                0x00000510       0x2c /opt/st/stm32cubeide_1.17.0/plugins/com.st.stm32cube.ide.mcu.externaltools.gnu-tools-for-stm32.12.3.rel1.linux64_1.1.0.202410170702/tools/bin/../lib/gcc/arm-none-eabi/12.3.1/../../../../arm-none-eabi/lib/thumb/v6-m/nofp/libc_nano.a(libc_a-mallocr.o)
 .ARM.attributes
                0x0000053c       0x2c /opt/st/stm32cubeide_1.17.0/plugins/com.st.stm32cube.ide.mcu.externaltools.gnu-tools-for-stm32.12.3.rel1.linux64_1.1.0.202410170702/tools/bin/../lib/gcc/arm-none-eabi/12.3.1/../../../../arm-none-eabi/lib/thumb/v6-m/nofp/libc_nano.a(libc_a-mlock.o)
 .ARM.attributes
                0x00000568       0x2c /opt/st/stm32cubeide_1.17.0/plugins/com.st.stm32cube.ide.mcu.externaltools.gnu-tools-for-stm32.12.3.rel1.linux64_1.1.0.202410170702/tools/bin/../lib/gcc/arm-none-eabi/12.3.1/../../../../arm-none-eabi/lib/thumb/v6-m/nofp/libc_nano.a(libc_a-realloc.o)
 .ARM.attributes
                0x00000594       0x2c /opt/st/stm32cubeide_1.17.0/plugins/com.st.stm32cube.ide.mcu.externaltools.gnu-tools-for-stm32.12.3.rel1.linux64_1.1.0.202410170702/tools/bin/../lib/gcc/arm-none-eabi/12.3.1/../../../../arm-none-eabi/lib/thumb/v6-m/nofp/libc_nano.a(libc_a-reallocr.o)
 .ARM.attributes
                0x000005c0       0x2c /opt/st/stm32cubeide_1.17.0/plugins/com.st.stm32cube.ide.mcu.externaltools.gnu-tools-for-stm32.12.3.rel1.linux64_1.1.0.202410170702/tools/bin/../lib/gcc/arm-none-eabi/12.3.1/../../../../arm-none-eabi/lib/thumb/v6-m/nofp/libc_nano.a(libc_a-findfp.o)
 .ARM.attributes
                0x000005ec       0x2c /opt/st/stm32cubeide_1.17.0/plugins/com.st.stm32cube.ide.mcu.externaltools.gnu-tools-for-stm32.12.3.rel1.linux64_1.1.0.202410170702/tools/bin/../lib/gcc/arm-none-eabi/12.3.1/../../../../arm-none-eabi/lib/thumb/v6-m/nofp/libc_nano.a(libc_a-memset.o)
 .ARM.attributes
                0x00000618       0x2c /opt/st/stm32cubeide_1.17.0/plugins/com.st.stm32cube.ide.mcu.externaltools.gnu-tools-for-stm32.12.3.rel1.linux64_1.1.0.202410170702/tools/bin/../lib/gcc/arm-none-eabi/12.3.1/../../../../arm-none-eabi/lib/thumb/v6-m/nofp/libc_nano.a(libc_a-reent.o)
 .ARM.attributes
                0x00000644       0x2c /opt/st/stm32cubeide_1.17.0/plugins/com.st.stm32cube.ide.mcu.externaltools.gnu-tools-for-stm32.12.3.rel1.linux64_1.1.0.202410170702/tools/bin/../lib/gcc/arm-none-eabi/12.3.1/../../../../arm-none-eabi/lib/thumb/v6-m/nofp/libc_nano.a(libc_a-impure.o)
 .ARM.attributes
                0x00000670       0x2c /opt/st/stm32cubeide_1.17.0/plugins/com.st.stm32cube.ide.mcu.externaltools.gnu-tools-for-stm32.12.3.rel1.linux64_1.1.0.202410170702/tools/bin/../lib/gcc/arm-none-eabi/12.3.1/../../../../arm-none-eabi/lib/thumb/v6-m/nofp/libc_nano.a(libc_a-sbrkr.o)
 .ARM.attributes
                0x0000069c       0x2c /opt/st/stm32cubeide_1.17.0/plugins/com.st.stm32cube.ide.mcu.externaltools.gnu-tools-for-stm32.12.3.rel1.linux64_1.1.0.202410170702/tools/bin/../lib/gcc/arm-none-eabi/12.3.1/../../../../arm-none-eabi/lib/thumb/v6-m/nofp/libc_nano.a(libc_a-errno.o)
 .ARM.attributes
                0x000006c8       0x2c /opt/st/stm32cubeide_1.17.0/plugins/com.st.stm32cube.ide.mcu.externaltools.gnu-tools-for-stm32.12.3.rel1.linux64_1.1.0.202410170702/tools/bin/../lib/gcc/arm-none-eabi/12.3.1/../../../../arm-none-eabi/lib/thumb/v6-m/nofp/libc_nano.a(libc_a-init.o)
 .ARM.attributes
                0x000006f4       0x2c /opt/st/stm32cubeide_1.17.0/plugins/com.st.stm32cube.ide.mcu.externaltools.gnu-tools-for-stm32.12.3.rel1.linux64_1.1.0.202410170702/tools/bin/../lib/gcc/arm-none-eabi/12.3.1/../../../../arm-none-eabi/lib/thumb/v6-m/nofp/libc_nano.a(libc_a-lock.o)
 .ARM.attributes
                0x00000720       0x2c /opt/st/stm32cubeide_1.17.0/plugins/com.st.stm32cube.ide.mcu.externaltools.gnu-tools-for-stm32.12.3.rel1.linux64_1.1.0.202410170702/tools/bin/../lib/gcc/arm-none-eabi/12.3.1/../../../../arm-none-eabi/lib/thumb/v6-m/nofp/libc_nano.a(libc_a-memcpy-stub.o)
 .ARM.attributes
                0x0000074c       0x1c /opt/st/stm32cubeide_1.17.0/plugins/com.st.stm32cube.ide.mcu.externaltools.gnu-tools-for-stm32.12.3.rel1.linux64_1.1.0.202410170702/tools/bin/../lib/gcc/arm-none-eabi/12.3.1/../../../../arm-none-eabi/lib/thumb/v6-m/nofp/libc_nano.a(libc_a-strlen.o)
 .ARM.attributes
                0x00000768       0x2c /opt/st/stm32cubeide_1.17.0/plugins/com.st.stm32cube.ide.mcu.externaltools.gnu-tools-for-stm32.12.3.rel1.linux64_1.1.0.202410170702/tools/bin/../lib/gcc/arm-none-eabi/12.3.1/../../../../arm-none-eabi/lib/thumb/v6-m/nofp/libc_nano.a(libc_a-freer.o)
 .ARM.attributes
                0x00000794       0x2c /opt/st/stm32cubeide_1.17.0/plugins/com.st.stm32cube.ide.mcu.externaltools.gnu-tools-for-stm32.12.3.rel1.linux64_1.1.0.202410170702/tools/bin/../lib/gcc/arm-none-eabi/12.3.1/../../../../arm-none-eabi/lib/thumb/v6-m/nofp/libc_nano.a(libc_a-msizer.o)
 .ARM.attributes
                0x000007c0       0x1e /opt/st/stm32cubeide_1.17.0/plugins/com.st.stm32cube.ide.mcu.externaltools.gnu-tools-for-stm32.12.3.rel1.linux64_1.1.0.202410170702/tools/bin/../lib/gcc/arm-none-eabi/12.3.1/thumb/v6-m/nofp/libgcc.a(_udivsi3.o)
 .ARM.attributes
                0x000007de       0x1e /opt/st/stm32cubeide_1.17.0/plugins/com.st.stm32cube.ide.mcu.externaltools.gnu-tools-for-stm32.12.3.rel1.linux64_1.1.0.202410170702/tools/bin/../lib/gcc/arm-none-eabi/12.3.1/thumb/v6-m/nofp/libgcc.a(_divsi3.o)
 .ARM.attributes
                0x000007fc       0x1e /opt/st/stm32cubeide_1.17.0/plugins/com.st.stm32cube.ide.mcu.externaltools.gnu-tools-for-stm32.12.3.rel1.linux64_1.1.0.202410170702/tools/bin/../lib/gcc/arm-none-eabi/12.3.1/thumb/v6-m/nofp/libgcc.a(_dvmd_tls.o)
 .ARM.attributes
                0x0000081a       0x1e /opt/st/stm32cubeide_1.17.0/plugins/com.st.stm32cube.ide.mcu.externaltools.gnu-tools-for-stm32.12.3.rel1.linux64_1.1.0.202410170702/tools/bin/../lib/gcc/arm-none-eabi/12.3.1/thumb/v6-m/nofp/libgcc.a(_aeabi_uldivmod.o)
 .ARM.attributes
                0x00000838       0x2c /opt/st/stm32cubeide_1.17.0/plugins/com.st.stm32cube.ide.mcu.externaltools.gnu-tools-for-stm32.12.3.rel1.linux64_1.1.0.202410170702/tools/bin/../lib/gcc/arm-none-eabi/12.3.1/thumb/v6-m/nofp/libgcc.a(_udivmoddi4.o)
 .ARM.attributes
                0x00000864       0x1e /opt/st/stm32cubeide_1.17.0/plugins/com.st.stm32cube.ide.mcu.externaltools.gnu-tools-for-stm32.12.3.rel1.linux64_1.1.0.202410170702/tools/bin/../lib/gcc/arm-none-eabi/12.3.1/thumb/v6-m/nofp/libgcc.a(_clzdi2.o)
 .ARM.attributes
                0x00000882       0x1e /opt/st/stm32cubeide_1.17.0/plugins/com.st.stm32cube.ide.mcu.externaltools.gnu-tools-for-stm32.12.3.rel1.linux64_1.1.0.202410170702/tools/bin/../lib/gcc/arm-none-eabi/12.3.1/thumb/v6-m/nofp/libgcc.a(_clzsi2.o)
 .ARM.attributes
                0x000008a0       0x1e /opt/st/stm32cubeide_1.17.0/plugins/com.st.stm32cube.ide.mcu.externaltools.gnu-tools-for-stm32.12.3.rel1.linux64_1.1.0.202410170702/tools/bin/../lib/gcc/arm-none-eabi/12.3.1/thumb/v6-m/nofp/crtn.o
OUTPUT(LED_FEB_2.elf elf32-littlearm)
LOAD linker stubs
LOAD /opt/st/stm32cubeide_1.17.0/plugins/com.st.stm32cube.ide.mcu.externaltools.gnu-tools-for-stm32.12.3.rel1.linux64_1.1.0.202410170702/tools/bin/../lib/gcc/arm-none-eabi/12.3.1/../../../../arm-none-eabi/lib/thumb/v6-m/nofp/libc.a
LOAD /opt/st/stm32cubeide_1.17.0/plugins/com.st.stm32cube.ide.mcu.externaltools.gnu-tools-for-stm32.12.3.rel1.linux64_1.1.0.202410170702/tools/bin/../lib/gcc/arm-none-eabi/12.3.1/../../../../arm-none-eabi/lib/thumb/v6-m/nofp/libm.a
LOAD /opt/st/stm32cubeide_1.17.0/plugins/com.st.stm32cube.ide.mcu.externaltools.gnu-tools-for-stm32.12.3.rel1.linux64_1.1.0.202410170702/tools/bin/../lib/gcc/arm-none-eabi/12.3.1/thumb/v6-m/nofp/libgcc.a

.debug_info     0x00000000    0x168de
 .debug_info    0x00000000      0x279 ./Core/Src/freertos.o
 .debug_info    0x00000279     0x3778 ./Core/Src/main.o
 .debug_info    0x000039f1     0x130e ./Core/Src/stm32l0xx_hal_msp.o
 .debug_info    0x00004cff      0x6e0 ./Core/Src/stm32l0xx_it.o
 .debug_info    0x000053df      0x168 ./Core/Src/sysmem.o
 .debug_info    0x00005547      0x2d0 ./Core/Src/system_stm32l0xx.o
 .debug_info    0x00005817       0x30 ./Core/Startup/startup_stm32l072czux.o
 .debug_info    0x00005847      0x8a6 ./Drivers/STM32L0xx_HAL_Driver/Src/stm32l0xx_hal.o
 .debug_info    0x000060ed      0xcea ./Drivers/STM32L0xx_HAL_Driver/Src/stm32l0xx_hal_adc.o
 .debug_info    0x00006dd7      0x89c ./Drivers/STM32L0xx_HAL_Driver/Src/stm32l0xx_hal_cortex.o
 .debug_info    0x00007673      0x83d ./Drivers/STM32L0xx_HAL_Driver/Src/stm32l0xx_hal_dac.o
 .debug_info    0x00007eb0      0x9b5 ./Drivers/STM32L0xx_HAL_Driver/Src/stm32l0xx_hal_dac_ex.o
 .debug_info    0x00008865      0x70b ./Drivers/STM32L0xx_HAL_Driver/Src/stm32l0xx_hal_dma.o
 .debug_info    0x00008f70      0x594 ./Drivers/STM32L0xx_HAL_Driver/Src/stm32l0xx_hal_flash.o
 .debug_info    0x00009504      0xaa1 ./Drivers/STM32L0xx_HAL_Driver/Src/stm32l0xx_hal_flash_ex.o
 .debug_info    0x00009fa5      0x617 ./Drivers/STM32L0xx_HAL_Driver/Src/stm32l0xx_hal_gpio.o
 .debug_info    0x0000a5bc      0xa2a ./Drivers/STM32L0xx_HAL_Driver/Src/stm32l0xx_hal_rcc.o
 .debug_info    0x0000afe6      0x7e0 ./Drivers/STM32L0xx_HAL_Driver/Src/stm32l0xx_hal_rcc_ex.o
 .debug_info    0x0000b7c6     0x27d1 ./Drivers/STM32L0xx_HAL_Driver/Src/stm32l0xx_hal_tim.o
 .debug_info    0x0000df97      0x6af ./Drivers/STM32L0xx_HAL_Driver/Src/stm32l0xx_hal_tim_ex.o
 .debug_info    0x0000e646     0x3b66 ./Drivers/STM32L0xx_HAL_Driver/Src/stm32l0xx_hal_uart.o
 .debug_info    0x000121ac      0xdaa ./Drivers/STM32L0xx_HAL_Driver/Src/stm32l0xx_hal_uart_ex.o
 .debug_info    0x00012f56     0x1aff ./Middlewares/Third_Party/FreeRTOS/Source/CMSIS_RTOS/cmsis_os.o
 .debug_info    0x00014a55      0x2af ./Middlewares/Third_Party/FreeRTOS/Source/list.o
 .debug_info    0x00014d04     0x1648 ./Middlewares/Third_Party/FreeRTOS/Source/tasks.o
 .debug_info    0x0001634c      0x289 ./Middlewares/Third_Party/FreeRTOS/Source/portable/GCC/ARM_CM0/port.o
 .debug_info    0x000165d5      0x309 ./Middlewares/Third_Party/FreeRTOS/Source/portable/MemMang/heap_4.o

.debug_abbrev   0x00000000     0x3a34
 .debug_abbrev  0x00000000       0xd2 ./Core/Src/freertos.o
 .debug_abbrev  0x000000d2      0x595 ./Core/Src/main.o
 .debug_abbrev  0x00000667      0x248 ./Core/Src/stm32l0xx_hal_msp.o
 .debug_abbrev  0x000008af      0x1ae ./Core/Src/stm32l0xx_it.o
 .debug_abbrev  0x00000a5d       0xbc ./Core/Src/sysmem.o
 .debug_abbrev  0x00000b19      0x11c ./Core/Src/system_stm32l0xx.o
 .debug_abbrev  0x00000c35       0x24 ./Core/Startup/startup_stm32l072czux.o
 .debug_abbrev  0x00000c59      0x2a0 ./Drivers/STM32L0xx_HAL_Driver/Src/stm32l0xx_hal.o
 .debug_abbrev  0x00000ef9      0x241 ./Drivers/STM32L0xx_HAL_Driver/Src/stm32l0xx_hal_adc.o
 .debug_abbrev  0x0000113a      0x29b ./Drivers/STM32L0xx_HAL_Driver/Src/stm32l0xx_hal_cortex.o
 .debug_abbrev  0x000013d5      0x160 ./Drivers/STM32L0xx_HAL_Driver/Src/stm32l0xx_hal_dac.o
 .debug_abbrev  0x00001535      0x22b ./Drivers/STM32L0xx_HAL_Driver/Src/stm32l0xx_hal_dac_ex.o
 .debug_abbrev  0x00001760      0x1cd ./Drivers/STM32L0xx_HAL_Driver/Src/stm32l0xx_hal_dma.o
 .debug_abbrev  0x0000192d      0x2f9 ./Drivers/STM32L0xx_HAL_Driver/Src/stm32l0xx_hal_flash.o
 .debug_abbrev  0x00001c26      0x333 ./Drivers/STM32L0xx_HAL_Driver/Src/stm32l0xx_hal_flash_ex.o
 .debug_abbrev  0x00001f59      0x1cb ./Drivers/STM32L0xx_HAL_Driver/Src/stm32l0xx_hal_gpio.o
 .debug_abbrev  0x00002124      0x296 ./Drivers/STM32L0xx_HAL_Driver/Src/stm32l0xx_hal_rcc.o
 .debug_abbrev  0x000023ba      0x21a ./Drivers/STM32L0xx_HAL_Driver/Src/stm32l0xx_hal_rcc_ex.o
 .debug_abbrev  0x000025d4      0x272 ./Drivers/STM32L0xx_HAL_Driver/Src/stm32l0xx_hal_tim.o
 .debug_abbrev  0x00002846      0x1ab ./Drivers/STM32L0xx_HAL_Driver/Src/stm32l0xx_hal_tim_ex.o
 .debug_abbrev  0x000029f1      0x2e0 ./Drivers/STM32L0xx_HAL_Driver/Src/stm32l0xx_hal_uart.o
 .debug_abbrev  0x00002cd1      0x2ba ./Drivers/STM32L0xx_HAL_Driver/Src/stm32l0xx_hal_uart_ex.o
 .debug_abbrev  0x00002f8b      0x33d ./Middlewares/Third_Party/FreeRTOS/Source/CMSIS_RTOS/cmsis_os.o
 .debug_abbrev  0x000032c8       0xf5 ./Middlewares/Third_Party/FreeRTOS/Source/list.o
 .debug_abbrev  0x000033bd      0x2ec ./Middlewares/Third_Party/FreeRTOS/Source/tasks.o
 .debug_abbrev  0x000036a9      0x1ea ./Middlewares/Third_Party/FreeRTOS/Source/portable/GCC/ARM_CM0/port.o
 .debug_abbrev  0x00003893      0x1a1 ./Middlewares/Third_Party/FreeRTOS/Source/portable/MemMang/heap_4.o

.debug_aranges  0x00000000     0x1670
 .debug_aranges
                0x00000000       0x20 ./Core/Src/freertos.o
 .debug_aranges
                0x00000020      0x228 ./Core/Src/main.o
 .debug_aranges
                0x00000248       0x68 ./Core/Src/stm32l0xx_hal_msp.o
 .debug_aranges
                0x000002b0       0x48 ./Core/Src/stm32l0xx_it.o
 .debug_aranges
                0x000002f8       0x20 ./Core/Src/sysmem.o
 .debug_aranges
                0x00000318       0x28 ./Core/Src/system_stm32l0xx.o
 .debug_aranges
                0x00000340       0x28 ./Core/Startup/startup_stm32l072czux.o
 .debug_aranges
                0x00000368      0x110 ./Drivers/STM32L0xx_HAL_Driver/Src/stm32l0xx_hal.o
 .debug_aranges
                0x00000478      0x100 ./Drivers/STM32L0xx_HAL_Driver/Src/stm32l0xx_hal_adc.o
 .debug_aranges
                0x00000578       0xe8 ./Drivers/STM32L0xx_HAL_Driver/Src/stm32l0xx_hal_cortex.o
 .debug_aranges
                0x00000660       0xa8 ./Drivers/STM32L0xx_HAL_Driver/Src/stm32l0xx_hal_dac.o
 .debug_aranges
                0x00000708       0xb8 ./Drivers/STM32L0xx_HAL_Driver/Src/stm32l0xx_hal_dac_ex.o
 .debug_aranges
                0x000007c0       0x80 ./Drivers/STM32L0xx_HAL_Driver/Src/stm32l0xx_hal_dma.o
 .debug_aranges
                0x00000840       0x80 ./Drivers/STM32L0xx_HAL_Driver/Src/stm32l0xx_hal_flash.o
 .debug_aranges
                0x000008c0       0xf0 ./Drivers/STM32L0xx_HAL_Driver/Src/stm32l0xx_hal_flash_ex.o
 .debug_aranges
                0x000009b0       0x58 ./Drivers/STM32L0xx_HAL_Driver/Src/stm32l0xx_hal_gpio.o
 .debug_aranges
                0x00000a08       0x80 ./Drivers/STM32L0xx_HAL_Driver/Src/stm32l0xx_hal_rcc.o
 .debug_aranges
                0x00000a88       0xb0 ./Drivers/STM32L0xx_HAL_Driver/Src/stm32l0xx_hal_rcc_ex.o
 .debug_aranges
                0x00000b38      0x3d0 ./Drivers/STM32L0xx_HAL_Driver/Src/stm32l0xx_hal_tim.o
 .debug_aranges
                0x00000f08       0x28 ./Drivers/STM32L0xx_HAL_Driver/Src/stm32l0xx_hal_tim_ex.o
 .debug_aranges
                0x00000f30      0x228 ./Drivers/STM32L0xx_HAL_Driver/Src/stm32l0xx_hal_uart.o
 .debug_aranges
                0x00001158       0x80 ./Drivers/STM32L0xx_HAL_Driver/Src/stm32l0xx_hal_uart_ex.o
 .debug_aranges
                0x000011d8      0x1d8 ./Middlewares/Third_Party/FreeRTOS/Source/CMSIS_RTOS/cmsis_os.o
 .debug_aranges
                0x000013b0       0x40 ./Middlewares/Third_Party/FreeRTOS/Source/list.o
 .debug_aranges
                0x000013f0      0x1a8 ./Middlewares/Third_Party/FreeRTOS/Source/tasks.o
 .debug_aranges
                0x00001598       0x88 ./Middlewares/Third_Party/FreeRTOS/Source/portable/GCC/ARM_CM0/port.o
 .debug_aranges
                0x00001620       0x50 ./Middlewares/Third_Party/FreeRTOS/Source/portable/MemMang/heap_4.o

.debug_rnglists
                0x00000000     0x1152
 .debug_rnglists
                0x00000000       0x13 ./Core/Src/freertos.o
 .debug_rnglists
                0x00000013      0x1b2 ./Core/Src/main.o
 .debug_rnglists
                0x000001c5       0x4b ./Core/Src/stm32l0xx_hal_msp.o
 .debug_rnglists
                0x00000210       0x31 ./Core/Src/stm32l0xx_it.o
 .debug_rnglists
                0x00000241       0x13 ./Core/Src/sysmem.o
 .debug_rnglists
                0x00000254       0x1a ./Core/Src/system_stm32l0xx.o
 .debug_rnglists
                0x0000026e       0x19 ./Core/Startup/startup_stm32l072czux.o
 .debug_rnglists
                0x00000287       0xc7 ./Drivers/STM32L0xx_HAL_Driver/Src/stm32l0xx_hal.o
 .debug_rnglists
                0x0000034e       0xcc ./Drivers/STM32L0xx_HAL_Driver/Src/stm32l0xx_hal_adc.o
 .debug_rnglists
                0x0000041a       0xaa ./Drivers/STM32L0xx_HAL_Driver/Src/stm32l0xx_hal_cortex.o
 .debug_rnglists
                0x000004c4       0x7a ./Drivers/STM32L0xx_HAL_Driver/Src/stm32l0xx_hal_dac.o
 .debug_rnglists
                0x0000053e       0x89 ./Drivers/STM32L0xx_HAL_Driver/Src/stm32l0xx_hal_dac_ex.o
 .debug_rnglists
                0x000005c7       0x65 ./Drivers/STM32L0xx_HAL_Driver/Src/stm32l0xx_hal_dma.o
 .debug_rnglists
                0x0000062c       0x5f ./Drivers/STM32L0xx_HAL_Driver/Src/stm32l0xx_hal_flash.o
 .debug_rnglists
                0x0000068b       0xbb ./Drivers/STM32L0xx_HAL_Driver/Src/stm32l0xx_hal_flash_ex.o
 .debug_rnglists
                0x00000746       0x3f ./Drivers/STM32L0xx_HAL_Driver/Src/stm32l0xx_hal_gpio.o
 .debug_rnglists
                0x00000785       0x61 ./Drivers/STM32L0xx_HAL_Driver/Src/stm32l0xx_hal_rcc.o
 .debug_rnglists
                0x000007e6       0x85 ./Drivers/STM32L0xx_HAL_Driver/Src/stm32l0xx_hal_rcc_ex.o
 .debug_rnglists
                0x0000086b      0x310 ./Drivers/STM32L0xx_HAL_Driver/Src/stm32l0xx_hal_tim.o
 .debug_rnglists
                0x00000b7b       0x1a ./Drivers/STM32L0xx_HAL_Driver/Src/stm32l0xx_hal_tim_ex.o
 .debug_rnglists
                0x00000b95      0x1db ./Drivers/STM32L0xx_HAL_Driver/Src/stm32l0xx_hal_uart.o
 .debug_rnglists
                0x00000d70       0x60 ./Drivers/STM32L0xx_HAL_Driver/Src/stm32l0xx_hal_uart_ex.o
 .debug_rnglists
                0x00000dd0      0x168 ./Middlewares/Third_Party/FreeRTOS/Source/CMSIS_RTOS/cmsis_os.o
 .debug_rnglists
                0x00000f38       0x2b ./Middlewares/Third_Party/FreeRTOS/Source/list.o
 .debug_rnglists
                0x00000f63      0x153 ./Middlewares/Third_Party/FreeRTOS/Source/tasks.o
 .debug_rnglists
                0x000010b6       0x61 ./Middlewares/Third_Party/FreeRTOS/Source/portable/GCC/ARM_CM0/port.o
 .debug_rnglists
                0x00001117       0x3b ./Middlewares/Third_Party/FreeRTOS/Source/portable/MemMang/heap_4.o

.debug_macro    0x00000000    0x18350
 .debug_macro   0x00000000      0x26d ./Core/Src/freertos.o
 .debug_macro   0x0000026d      0xa8a ./Core/Src/freertos.o
 .debug_macro   0x00000cf7      0x189 ./Core/Src/freertos.o
 .debug_macro   0x00000e80       0x22 ./Core/Src/freertos.o
 .debug_macro   0x00000ea2       0x8e ./Core/Src/freertos.o
 .debug_macro   0x00000f30       0x51 ./Core/Src/freertos.o
 .debug_macro   0x00000f81      0x103 ./Core/Src/freertos.o
 .debug_macro   0x00001084       0x6a ./Core/Src/freertos.o
 .debug_macro   0x000010ee      0x1df ./Core/Src/freertos.o
 .debug_macro   0x000012cd       0xc4 ./Core/Src/freertos.o
 .debug_macro   0x00001391      0x15a ./Core/Src/freertos.o
 .debug_macro   0x000014eb       0xb2 ./Core/Src/freertos.o
 .debug_macro   0x0000159d       0x1c ./Core/Src/freertos.o
 .debug_macro   0x000015b9       0x26 ./Core/Src/freertos.o
 .debug_macro   0x000015df      0x4ef ./Core/Src/freertos.o
 .debug_macro   0x00001ace       0xb5 ./Core/Src/freertos.o
 .debug_macro   0x00001b83       0xaa ./Core/Src/freertos.o
 .debug_macro   0x00001c2d      0x131 ./Core/Src/freertos.o
 .debug_macro   0x00001d5e       0x2e ./Core/Src/freertos.o
 .debug_macro   0x00001d8c       0x28 ./Core/Src/freertos.o
 .debug_macro   0x00001db4       0x1c ./Core/Src/freertos.o
 .debug_macro   0x00001dd0       0x22 ./Core/Src/freertos.o
 .debug_macro   0x00001df2       0xaf ./Core/Src/freertos.o
 .debug_macro   0x00001ea1      0x4da ./Core/Src/freertos.o
 .debug_macro   0x0000237b      0x11f ./Core/Src/freertos.o
 .debug_macro   0x0000249a     0xa33b ./Core/Src/freertos.o
 .debug_macro   0x0000c7d5       0x66 ./Core/Src/freertos.o
 .debug_macro   0x0000c83b     0x35ac ./Core/Src/freertos.o
 .debug_macro   0x0000fde7       0x5c ./Core/Src/freertos.o
 .debug_macro   0x0000fe43      0x8ea ./Core/Src/freertos.o
 .debug_macro   0x0001072d      0xb52 ./Core/Src/freertos.o
 .debug_macro   0x0001127f      0x197 ./Core/Src/freertos.o
 .debug_macro   0x00011416      0x13f ./Core/Src/freertos.o
 .debug_macro   0x00011555      0x1ca ./Core/Src/freertos.o
 .debug_macro   0x0001171f       0x82 ./Core/Src/freertos.o
 .debug_macro   0x000117a1      0x28e ./Core/Src/freertos.o
 .debug_macro   0x00011a2f      0x1e9 ./Core/Src/freertos.o
 .debug_macro   0x00011c18      0x4e1 ./Core/Src/freertos.o
 .debug_macro   0x000120f9       0x6b ./Core/Src/freertos.o
 .debug_macro   0x00012164      0x122 ./Core/Src/freertos.o
 .debug_macro   0x00012286       0xa0 ./Core/Src/freertos.o
 .debug_macro   0x00012326      0x13d ./Core/Src/freertos.o
 .debug_macro   0x00012463      0x4ac ./Core/Src/freertos.o
 .debug_macro   0x0001290f      0x22c ./Core/Src/freertos.o
 .debug_macro   0x00012b3b       0x5b ./Core/Src/freertos.o
 .debug_macro   0x00012b96       0xa5 ./Core/Src/freertos.o
 .debug_macro   0x00012c3b      0x186 ./Core/Src/freertos.o
 .debug_macro   0x00012dc1       0x16 ./Core/Src/freertos.o
 .debug_macro   0x00012dd7      0x788 ./Core/Src/freertos.o
 .debug_macro   0x0001355f       0xfc ./Core/Src/freertos.o
 .debug_macro   0x0001365b      0x5cf ./Core/Src/freertos.o
 .debug_macro   0x00013c2a       0x44 ./Core/Src/freertos.o
 .debug_macro   0x00013c6e      0x170 ./Core/Src/freertos.o
 .debug_macro   0x00013dde      0x16c ./Core/Src/freertos.o
 .debug_macro   0x00013f4a      0x59e ./Core/Src/main.o
 .debug_macro   0x000144e8       0x91 ./Core/Src/main.o
 .debug_macro   0x00014579       0x8d ./Core/Src/main.o
 .debug_macro   0x00014606       0x7e ./Core/Src/main.o
 .debug_macro   0x00014684       0x19 ./Core/Src/main.o
 .debug_macro   0x0001469d       0xf2 ./Core/Src/main.o
 .debug_macro   0x0001478f       0x61 ./Core/Src/main.o
 .debug_macro   0x000147f0       0x24 ./Core/Src/main.o
 .debug_macro   0x00014814       0x43 ./Core/Src/main.o
 .debug_macro   0x00014857       0x34 ./Core/Src/main.o
 .debug_macro   0x0001488b       0x16 ./Core/Src/main.o
 .debug_macro   0x000148a1       0x35 ./Core/Src/main.o
 .debug_macro   0x000148d6      0x369 ./Core/Src/main.o
 .debug_macro   0x00014c3f       0x10 ./Core/Src/main.o
 .debug_macro   0x00014c4f       0x16 ./Core/Src/main.o
 .debug_macro   0x00014c65       0x43 ./Core/Src/main.o
 .debug_macro   0x00014ca8       0x34 ./Core/Src/main.o
 .debug_macro   0x00014cdc       0x10 ./Core/Src/main.o
 .debug_macro   0x00014cec       0x58 ./Core/Src/main.o
 .debug_macro   0x00014d44       0x8e ./Core/Src/main.o
 .debug_macro   0x00014dd2       0x1c ./Core/Src/main.o
 .debug_macro   0x00014dee      0x177 ./Core/Src/main.o
 .debug_macro   0x00014f65       0x16 ./Core/Src/main.o
 .debug_macro   0x00014f7b       0x16 ./Core/Src/main.o
 .debug_macro   0x00014f91      0x146 ./Core/Src/main.o
 .debug_macro   0x000150d7       0x16 ./Core/Src/main.o
 .debug_macro   0x000150ed       0x20 ./Core/Src/main.o
 .debug_macro   0x0001510d       0x8e ./Core/Src/main.o
 .debug_macro   0x0001519b       0x16 ./Core/Src/main.o
 .debug_macro   0x000151b1       0x16 ./Core/Src/main.o
 .debug_macro   0x000151c7       0x29 ./Core/Src/main.o
 .debug_macro   0x000151f0      0x205 ./Core/Src/stm32l0xx_hal_msp.o
 .debug_macro   0x000153f5      0x277 ./Core/Src/stm32l0xx_it.o
 .debug_macro   0x0001566c       0xff ./Core/Src/sysmem.o
 .debug_macro   0x0001576b      0x23c ./Core/Src/sysmem.o
 .debug_macro   0x000159a7      0x1f6 ./Core/Src/system_stm32l0xx.o
 .debug_macro   0x00015b9d      0x21a ./Drivers/STM32L0xx_HAL_Driver/Src/stm32l0xx_hal.o
 .debug_macro   0x00015db7      0x205 ./Drivers/STM32L0xx_HAL_Driver/Src/stm32l0xx_hal_adc.o
 .debug_macro   0x00015fbc      0x1f6 ./Drivers/STM32L0xx_HAL_Driver/Src/stm32l0xx_hal_cortex.o
 .debug_macro   0x000161b2      0x1f7 ./Drivers/STM32L0xx_HAL_Driver/Src/stm32l0xx_hal_dac.o
 .debug_macro   0x000163a9      0x1f6 ./Drivers/STM32L0xx_HAL_Driver/Src/stm32l0xx_hal_dac_ex.o
 .debug_macro   0x0001659f      0x1f6 ./Drivers/STM32L0xx_HAL_Driver/Src/stm32l0xx_hal_dma.o
 .debug_macro   0x00016795      0x1f7 ./Drivers/STM32L0xx_HAL_Driver/Src/stm32l0xx_hal_flash.o
 .debug_macro   0x0001698c      0x1f6 ./Drivers/STM32L0xx_HAL_Driver/Src/stm32l0xx_hal_flash_ex.o
 .debug_macro   0x00016b82      0x1fd ./Drivers/STM32L0xx_HAL_Driver/Src/stm32l0xx_hal_gpio.o
 .debug_macro   0x00016d7f      0x22c ./Drivers/STM32L0xx_HAL_Driver/Src/stm32l0xx_hal_rcc.o
 .debug_macro   0x00016fab      0x1f6 ./Drivers/STM32L0xx_HAL_Driver/Src/stm32l0xx_hal_rcc_ex.o
 .debug_macro   0x000171a1      0x1f7 ./Drivers/STM32L0xx_HAL_Driver/Src/stm32l0xx_hal_tim.o
 .debug_macro   0x00017398      0x1f6 ./Drivers/STM32L0xx_HAL_Driver/Src/stm32l0xx_hal_tim_ex.o
 .debug_macro   0x0001758e      0x221 ./Drivers/STM32L0xx_HAL_Driver/Src/stm32l0xx_hal_uart.o
 .debug_macro   0x000177af      0x1f6 ./Drivers/STM32L0xx_HAL_Driver/Src/stm32l0xx_hal_uart_ex.o
 .debug_macro   0x000179a5      0x1fe ./Middlewares/Third_Party/FreeRTOS/Source/CMSIS_RTOS/cmsis_os.o
 .debug_macro   0x00017ba3       0x10 ./Middlewares/Third_Party/FreeRTOS/Source/CMSIS_RTOS/cmsis_os.o
 .debug_macro   0x00017bb3       0x9d ./Middlewares/Third_Party/FreeRTOS/Source/CMSIS_RTOS/cmsis_os.o
 .debug_macro   0x00017c50      0x187 ./Middlewares/Third_Party/FreeRTOS/Source/list.o
 .debug_macro   0x00017dd7      0x27f ./Middlewares/Third_Party/FreeRTOS/Source/tasks.o
 .debug_macro   0x00018056       0x10 ./Middlewares/Third_Party/FreeRTOS/Source/tasks.o
 .debug_macro   0x00018066      0x13c ./Middlewares/Third_Party/FreeRTOS/Source/portable/GCC/ARM_CM0/port.o
 .debug_macro   0x000181a2      0x1ae ./Middlewares/Third_Party/FreeRTOS/Source/portable/MemMang/heap_4.o

.debug_line     0x00000000    0x17fc5
 .debug_line    0x00000000      0x821 ./Core/Src/freertos.o
 .debug_line    0x00000821     0x1fe8 ./Core/Src/main.o
 .debug_line    0x00002809      0x8a1 ./Core/Src/stm32l0xx_hal_msp.o
 .debug_line    0x000030aa      0x8b5 ./Core/Src/stm32l0xx_it.o
 .debug_line    0x0000395f      0x4ae ./Core/Src/sysmem.o
 .debug_line    0x00003e0d      0x7d4 ./Core/Src/system_stm32l0xx.o
 .debug_line    0x000045e1       0x7b ./Core/Startup/startup_stm32l072czux.o
 .debug_line    0x0000465c      0xa8b ./Drivers/STM32L0xx_HAL_Driver/Src/stm32l0xx_hal.o
 .debug_line    0x000050e7     0x119b ./Drivers/STM32L0xx_HAL_Driver/Src/stm32l0xx_hal_adc.o
 .debug_line    0x00006282      0xb64 ./Drivers/STM32L0xx_HAL_Driver/Src/stm32l0xx_hal_cortex.o
 .debug_line    0x00006de6      0x973 ./Drivers/STM32L0xx_HAL_Driver/Src/stm32l0xx_hal_dac.o
 .debug_line    0x00007759      0xb24 ./Drivers/STM32L0xx_HAL_Driver/Src/stm32l0xx_hal_dac_ex.o
 .debug_line    0x0000827d      0xc71 ./Drivers/STM32L0xx_HAL_Driver/Src/stm32l0xx_hal_dma.o
 .debug_line    0x00008eee      0xb0d ./Drivers/STM32L0xx_HAL_Driver/Src/stm32l0xx_hal_flash.o
 .debug_line    0x000099fb      0xe57 ./Drivers/STM32L0xx_HAL_Driver/Src/stm32l0xx_hal_flash_ex.o
 .debug_line    0x0000a852      0xb38 ./Drivers/STM32L0xx_HAL_Driver/Src/stm32l0xx_hal_gpio.o
 .debug_line    0x0000b38a      0xeec ./Drivers/STM32L0xx_HAL_Driver/Src/stm32l0xx_hal_rcc.o
 .debug_line    0x0000c276      0xdd7 ./Drivers/STM32L0xx_HAL_Driver/Src/stm32l0xx_hal_rcc_ex.o