Archive member included to satisfy reference by file (symbol)

/opt/st/stm32cubeide_1.17.0/plugins/com.st.stm32cube.ide.mcu.externaltools.gnu-tools-for-stm32.12.3.rel1.linux64_1.1.0.202410170702/tools/bin/../lib/gcc/arm-none-eabi/12.3.1/../../../../arm-none-eabi/lib/thumb/v6-m/nofp/libc_nano.a(libc_a-exit.o)
                              /opt/st/stm32cubeide_1.17.0/plugins/com.st.stm32cube.ide.mcu.externaltools.gnu-tools-for-stm32.12.3.rel1.linux64_1.1.0.202410170702/tools/bin/../lib/gcc/arm-none-eabi/12.3.1/../../../../arm-none-eabi/lib/thumb/v6-m/nofp/crt0.o (exit)
/opt/st/stm32cubeide_1.17.0/plugins/com.st.stm32cube.ide.mcu.externaltools.gnu-tools-for-stm32.12.3.rel1.linux64_1.1.0.202410170702/tools/bin/../lib/gcc/arm-none-eabi/12.3.1/../../../../arm-none-eabi/lib/thumb/v6-m/nofp/libc_nano.a(libc_a-malloc.o)
                              ./Core/Src/main.o (free)
/opt/st/stm32cubeide_1.17.0/plugins/com.st.stm32cube.ide.mcu.externaltools.gnu-tools-for-stm32.12.3.rel1.linux64_1.1.0.202410170702/tools/bin/../lib/gcc/arm-none-eabi/12.3.1/../../../../arm-none-eabi/lib/thumb/v6-m/nofp/libc_nano.a(libc_a-mallocr.o)
                              /opt/st/stm32cubeide_1.17.0/plugins/com.st.stm32cube.ide.mcu.externaltools.gnu-tools-for-stm32.12.3.rel1.linux64_1.1.0.202410170702/tools/bin/../lib/gcc/arm-none-eabi/12.3.1/../../../../arm-none-eabi/lib/thumb/v6-m/nofp/libc_nano.a(libc_a-malloc.o) (_malloc_r)
/opt/st/stm32cubeide_1.17.0/plugins/com.st.stm32cube.ide.mcu.externaltools.gnu-tools-for-stm32.12.3.rel1.linux64_1.1.0.202410170702/tools/bin/../lib/gcc/arm-none-eabi/12.3.1/../../../../arm-none-eabi/lib/thumb/v6-m/nofp/libc_nano.a(libc_a-mlock.o)
                              /opt/st/stm32cubeide_1.17.0/plugins/com.st.stm32cube.ide.mcu.externaltools.gnu-tools-for-stm32.12.3.rel1.linux64_1.1.0.202410170702/tools/bin/../lib/gcc/arm-none-eabi/12.3.1/../../../../arm-none-eabi/lib/thumb/v6-m/nofp/libc_nano.a(libc_a-mallocr.o) (__malloc_lock)
/opt/st/stm32cubeide_1.17.0/plugins/com.st.stm32cube.ide.mcu.externaltools.gnu-tools-for-stm32.12.3.rel1.linux64_1.1.0.202410170702/tools/bin/../lib/gcc/arm-none-eabi/12.3.1/../../../../arm-none-eabi/lib/thumb/v6-m/nofp/libc_nano.a(libc_a-realloc.o)
                              ./Core/Src/main.o (realloc)
/opt/st/stm32cubeide_1.17.0/plugins/com.st.stm32cube.ide.mcu.externaltools.gnu-tools-for-stm32.12.3.rel1.linux64_1.1.0.202410170702/tools/bin/../lib/gcc/arm-none-eabi/12.3.1/../../../../arm-none-eabi/lib/thumb/v6-m/nofp/libc_nano.a(libc_a-reallocr.o)
                              /opt/st/stm32cubeide_1.17.0/plugins/com.st.stm32cube.ide.mcu.externaltools.gnu-tools-for-stm32.12.3.rel1.linux64_1.1.0.202410170702/tools/bin/../lib/gcc/arm-none-eabi/12.3.1/../../../../arm-none-eabi/lib/thumb/v6-m/nofp/libc_nano.a(libc_a-realloc.o) (_realloc_r)
/opt/st/stm32cubeide_1.17.0/plugins/com.st.stm32cube.ide.mcu.externaltools.gnu-tools-for-stm32.12.3.rel1.linux64_1.1.0.202410170702/tools/bin/../lib/gcc/arm-none-eabi/12.3.1/../../../../arm-none-eabi/lib/thumb/v6-m/nofp/libc_nano.a(libc_a-findfp.o)
                              /opt/st/stm32cubeide_1.17.0/plugins/com.st.stm32cube.ide.mcu.externaltools.gnu-tools-for-stm32.12.3.rel1.linux64_1.1.0.202410170702/tools/bin/../lib/gcc/arm-none-eabi/12.3.1/../../../../arm-none-eabi/lib/thumb/v6-m/nofp/libc_nano.a(libc_a-exit.o) (__stdio_exit_handler)
/opt/st/stm32cubeide_1.17.0/plugins/com.st.stm32cube.ide.mcu.externaltools.gnu-tools-for-stm32.12.3.rel1.linux64_1.1.0.202410170702/tools/bin/../lib/gcc/arm-none-eabi/12.3.1/../../../../arm-none-eabi/lib/thumb/v6-m/nofp/libc_nano.a(libc_a-fwalk.o)
                              /opt/st/stm32cubeide_1.17.0/plugins/com.st.stm32cube.ide.mcu.externaltools.gnu-tools-for-stm32.12.3.rel1.linux64_1.1.0.202410170702/tools/bin/../lib/gcc/arm-none-eabi/12.3.1/../../../../arm-none-eabi/lib/thumb/v6-m/nofp/libc_nano.a(libc_a-findfp.o) (_fwalk_sglue)
/opt/st/stm32cubeide_1.17.0/plugins/com.st.stm32cube.ide.mcu.externaltools.gnu-tools-for-stm32.12.3.rel1.linux64_1.1.0.202410170702/tools/bin/../lib/gcc/arm-none-eabi/12.3.1/../../../../arm-none-eabi/lib/thumb/v6-m/nofp/libc_nano.a(libc_a-stdio.o)
                              /opt/st/stm32cubeide_1.17.0/plugins/com.st.stm32cube.ide.mcu.externaltools.gnu-tools-for-stm32.12.3.rel1.linux64_1.1.0.202410170702/tools/bin/../lib/gcc/arm-none-eabi/12.3.1/../../../../arm-none-eabi/lib/thumb/v6-m/nofp/libc_nano.a(libc_a-findfp.o) (__sread)
/opt/st/stm32cubeide_1.17.0/plugins/com.st.stm32cube.ide.mcu.externaltools.gnu-tools-for-stm32.12.3.rel1.linux64_1.1.0.202410170702/tools/bin/../lib/gcc/arm-none-eabi/12.3.1/../../../../arm-none-eabi/lib/thumb/v6-m/nofp/libc_nano.a(libc_a-memset.o)
                              /opt/st/stm32cubeide_1.17.0/plugins/com.st.stm32cube.ide.mcu.externaltools.gnu-tools-for-stm32.12.3.rel1.linux64_1.1.0.202410170702/tools/bin/../lib/gcc/arm-none-eabi/12.3.1/../../../../arm-none-eabi/lib/thumb/v6-m/nofp/crt0.o (memset)
[...]
Memory Configuration

Name             Origin             Length             Attributes
RAM              0x20000000         0x00005000         xrw
FLASH            0x08000000         0x00030000         xr
*default*        0x00000000         0xffffffff

Linker script and memory map

LOAD /opt/st/stm32cubeide_1.17.0/plugins/com.st.stm32cube.ide.mcu.externaltools.gnu-tools-for-stm32.12.3.rel1.linux64_1.1.0.202410170702/tools/bin/../lib/gcc/arm-none-eabi/12.3.1/thumb/v6-m/nofp/crti.o
LOAD /opt/st/stm32cubeide_1.17.0/plugins/com.st.stm32cube.ide.mcu.externaltools.gnu-tools-for-stm32.12.3.rel1.linux64_1.1.0.202410170702/tools/bin/../lib/gcc/arm-none-eabi/12.3.1/thumb/v6-m/nofp/crtbegin.o
LOAD /opt/st/stm32cubeide_1.17.0/plugins/com.st.stm32cube.ide.mcu.externaltools.gnu-tools-for-stm32.12.3.rel1.linux64_1.1.0.202410170702/tools/bin/../lib/gcc/arm-none-eabi/12.3.1/../../../../arm-none-eabi/lib/thumb/v6-m/nofp/crt0.o
LOAD ./Core/Src/freertos.o
LOAD ./Core/Src/main.o
LOAD ./Core/Src/stm32l0xx_hal_msp.o
LOAD ./Core/Src/stm32l0xx_it.o
LOAD ./Core/Src/syscalls.o
LOAD ./Core/Src/sysmem.o
LOAD ./Core/Src/system_stm32l0xx.o
LOAD ./Core/Startup/startup_stm32l072czux.o
LOAD ./Drivers/STM32L0xx_HAL_Driver/Src/stm32l0xx_hal.o
LOAD ./Drivers/STM32L0xx_HAL_Driver/Src/stm32l0xx_hal_adc.o
LOAD ./Drivers/STM32L0xx_HAL_Driver/Src/stm32l0xx_hal_adc_ex.o
LOAD ./Drivers/STM32L0xx_HAL_Driver/Src/stm32l0xx_hal_cortex.o
LOAD ./Drivers/STM32L0xx_HAL_Driver/Src/stm32l0xx_hal_dac.o
LOAD ./Drivers/STM32L0xx_HAL_Driver/Src/stm32l0xx_hal_dac_ex.o
LOAD ./Drivers/STM32L0xx_HAL_Driver/Src/stm32l0xx_hal_dma.o
LOAD ./Drivers/STM32L0xx_HAL_Driver/Src/stm32l0xx_hal_exti.o
LOAD ./Drivers/STM32L0xx_HAL_Driver/Src/stm32l0xx_hal_flash.o
LOAD ./Drivers/STM32L0xx_HAL_Driver/Src/stm32l0xx_hal_flash_ex.o
LOAD ./Drivers/STM32L0xx_HAL_Driver/Src/stm32l0xx_hal_flash_ramfunc.o
LOAD ./Drivers/STM32L0xx_HAL_Driver/Src/stm32l0xx_hal_gpio.o
LOAD ./Drivers/STM32L0xx_HAL_Driver/Src/stm32l0xx_hal_i2c.o
LOAD ./Drivers/STM32L0xx_HAL_Driver/Src/stm32l0xx_hal_i2c_ex.o
LOAD ./Drivers/STM32L0xx_HAL_Driver/Src/stm32l0xx_hal_pwr.o
LOAD ./Drivers/STM32L0xx_HAL_Driver/Src/stm32l0xx_hal_pwr_ex.o
LOAD ./Drivers/STM32L0xx_HAL_Driver/Src/stm32l0xx_hal_rcc.o
LOAD ./Drivers/STM32L0xx_HAL_Driver/Src/stm32l0xx_hal_rcc_ex.o
LOAD ./Drivers/STM32L0xx_HAL_Driver/Src/stm32l0xx_hal_tim.o
LOAD ./Drivers/STM32L0xx_HAL_Driver/Src/stm32l0xx_hal_tim_ex.o
LOAD ./Drivers/STM32L0xx_HAL_Driver/Src/stm32l0xx_hal_uart.o
LOAD ./Drivers/STM32L0xx_HAL_Driver/Src/stm32l0xx_hal_uart_ex.o
LOAD ./Middlewares/Third_Party/FreeRTOS/Source/CMSIS_RTOS/cmsis_os.o
LOAD ./Middlewares/Third_Party/FreeRTOS/Source/croutine.o
LOAD ./Middlewares/Third_Party/FreeRTOS/Source/event_groups.o
LOAD ./Middlewares/Third_Party/FreeRTOS/Source/list.o
LOAD ./Middlewares/Third_Party/FreeRTOS/Source/queue.o
LOAD ./Middlewares/Third_Party/FreeRTOS/Source/stream_buffer.o
LOAD ./Middlewares/Third_Party/FreeRTOS/Source/tasks.o
LOAD ./Middlewares/Third_Party/FreeRTOS/Source/timers.o
LOAD ./Middlewares/Third_Party/FreeRTOS/Source/portable/GCC/ARM_CM0/port.o
LOAD ./Middlewares/Third_Party/FreeRTOS/Source/portable/MemMang/heap_4.o
START GROUP
LOAD /opt/st/stm32cubeide_1.17.0/plugins/com.st.stm32cube.ide.mcu.externaltools.gnu-tools-for-stm32.12.3.rel1.linux64_1.1.0.202410170702/tools/bin/../lib/gcc/arm-none-eabi/12.3.1/../../../../arm-none-eabi/lib/thumb/v6-m/nofp/libc_nano.a
LOAD /opt/st/stm32cubeide_1.17.0/plugins/com.st.stm32cube.ide.mcu.externaltools.gnu-tools-for-stm32.12.3.rel1.linux64_1.1.0.202410170702/tools/bin/../lib/gcc/arm-none-eabi/12.3.1/../../../../arm-none-eabi/lib/thumb/v6-m/nofp/libm.a
END GROUP
START GROUP
LOAD /opt/st/stm32cubeide_1.17.0/plugins/com.st.stm32cube.ide.mcu.externaltools.gnu-tools-for-stm32.12.3.rel1.linux64_1.1.0.202410170702/tools/bin/../lib/gcc/arm-none-eabi/12.3.1/thumb/v6-m/nofp/libgcc.a
LOAD /opt/st/stm32cubeide_1.17.0/plugins/com.st.stm32cube.ide.mcu.externaltools.gnu-tools-for-stm32.12.3.rel1.linux64_1.1.0.202410170702/tools/bin/../lib/gcc/arm-none-eabi/12.3.1/../../../../arm-none-eabi/lib/thumb/v6-m/nofp/libc_nano.a
END GROUP
START GROUP
LOAD /opt/st/stm32cubeide_1.17.0/plugins/com.st.stm32cube.ide.mcu.externaltools.gnu-tools-for-stm32.12.3.rel1.linux64_1.1.0.202410170702/tools/bin/../lib/gcc/arm-none-eabi/12.3.1/thumb/v6-m/nofp/libgcc.a
LOAD /opt/st/stm32cubeide_1.17.0/plugins/com.st.stm32cube.ide.mcu.externaltools.gnu-tools-for-stm32.12.3.rel1.linux64_1.1.0.202410170702/tools/bin/../lib/gcc/arm-none-eabi/12.3.1/../../../../arm-none-eabi/lib/thumb/v6-m/nofp/libc_nano.a
LOAD /opt/st/stm32cubeide_1.17.0/plugins/com.st.stm32cube.ide.mcu.externaltools.gnu-tools-for-stm32.12.3.rel1.linux64_1.1.0.202410170702/tools/bin/../lib/gcc/arm-none-eabi/12.3.1/../../../../arm-none-eabi/lib/thumb/v6-m/nofp/libnosys.a
END GROUP
START GROUP
LOAD /opt/st/stm32cubeide_1.17.0/plugins/com.st.stm32cube.ide.mcu.externaltools.gnu-tools-for-stm32.12.3.rel1.linux64_1.1.0.202410170702/tools/bin/../lib/gcc/arm-none-eabi/12.3.1/thumb/v6-m/nofp/libgcc.a
LOAD /opt/st/stm32cubeide_1.17.0/plugins/com.st.stm32cube.ide.mcu.externaltools.gnu-tools-for-stm32.12.3.rel1.linux64_1.1.0.202410170702/tools/bin/../lib/gcc/arm-none-eabi/12.3.1/../../../../arm-none-eabi/lib/thumb/v6-m/nofp/libc_nano.a
LOAD /opt/st/stm32cubeide_1.17.0/plugins/com.st.stm32cube.ide.mcu.externaltools.gnu-tools-for-stm32.12.3.rel1.linux64_1.1.0.202410170702/tools/bin/../lib/gcc/arm-none-eabi/12.3.1/../../../../arm-none-eabi/lib/thumb/v6-m/nofp/libnosys.a
END GROUP
LOAD /opt/st/stm32cubeide_1.17.0/plugins/com.st.stm32cube.ide.mcu.externaltools.gnu-tools-for-stm32.12.3.rel1.linux64_1.1.0.202410170702/tools/bin/../lib/gcc/arm-none-eabi/12.3.1/thumb/v6-m/nofp/crtend.o
LOAD /opt/st/stm32cubeide_1.17.0/plugins/com.st.stm32cube.ide.mcu.externaltools.gnu-tools-for-stm32.12.3.rel1.linux64_1.1.0.202410170702/tools/bin/../lib/gcc/arm-none-eabi/12.3.1/thumb/v6-m/nofp/crtn.o
                0x20005000                        _estack = (ORIGIN (RAM) + LENGTH (RAM))
                0x00000200                        _Min_Heap_Size = 0x200
                0x00000400                        _Min_Stack_Size = 0x400

.isr_vector     0x08000000       0xc0
                0x08000000                        . = ALIGN (0x4)
 *(.isr_vector)
 .isr_vector    0x08000000       0xc0 ./Core/Startup/startup_stm32l072czux.o
                0x08000000                g_pfnVectors
                0x080000c0                        . = ALIGN (0x4)

.text           0x080000c0     0x8a6c
                0x080000c0                        . = ALIGN (0x4)
 *(.text)
 .text          0x080000c0       0x48 /opt/st/stm32cubeide_1.17.0/plugins/com.st.stm32cube.ide.mcu.externaltools.gnu-tools-for-stm32.12.3.rel1.linux64_1.1.0.202410170702/tools/bin/../lib/gcc/arm-none-eabi/12.3.1/thumb/v6-m/nofp/crtbegin.o
 .text          0x08000108        0xe /opt/st/stm32cubeide_1.17.0/plugins/com.st.stm32cube.ide.mcu.externaltools.gnu-tools-for-stm32.12.3.rel1.linux64_1.1.0.202410170702/tools/bin/../lib/gcc/arm-none-eabi/12.3.1/../../../../arm-none-eabi/lib/thumb/v6-m/nofp/libc_nano.a(libc_a-strlen.o)
                0x08000108                strlen
 *fill*         0x08000116        0x2 
 .text          0x08000118      0x114 /opt/st/stm32cubeide_1.17.0/plugins/com.st.stm32cube.ide.mcu.externaltools.gnu-tools-for-stm32.12.3.rel1.linux64_1.1.0.202410170702/tools/bin/../lib/gcc/arm-none-eabi/12.3.1/thumb/v6-m/nofp/libgcc.a(_udivsi3.o)
                0x08000118                __udivsi3
                0x08000118                __aeabi_uidiv
                0x08000224                __aeabi_uidivmod
 .text          0x0800022c        0x4 /opt/st/stm32cubeide_1.17.0/plugins/com.st.stm32cube.ide.mcu.externaltools.gnu-tools-for-stm32.12.3.rel1.linux64_1.1.0.202410170702/tools/bin/../lib/gcc/arm-none-eabi/12.3.1/thumb/v6-m/nofp/libgcc.a(_dvmd_tls.o)
                0x0800022c                __aeabi_ldiv0
                0x0800022c                __aeabi_idiv0
 .text          0x08000230       0x40 /opt/st/stm32cubeide_1.17.0/plugins/com.st.stm32cube.ide.mcu.externaltools.gnu-tools-for-stm32.12.3.rel1.linux64_1.1.0.202410170702/tools/bin/../lib/gcc/arm-none-eabi/12.3.1/thumb/v6-m/nofp/libgcc.a(_aeabi_uldivmod.o)
                0x08000230                __aeabi_uldivmod
 .text          0x08000270      0x198 /opt/st/stm32cubeide_1.17.0/plugins/com.st.stm32cube.ide.mcu.externaltools.gnu-tools-for-stm32.12.3.rel1.linux64_1.1.0.202410170702/tools/bin/../lib/gcc/arm-none-eabi/12.3.1/thumb/v6-m/nofp/libgcc.a(_udivmoddi4.o)
                0x08000270                __udivmoddi4
 .text          0x08000408       0x18 /opt/st/stm32cubeide_1.17.0/plugins/com.st.stm32cube.ide.mcu.externaltools.gnu-tools-for-stm32.12.3.rel1.linux64_1.1.0.202410170702/tools/bin/../lib/gcc/arm-none-eabi/12.3.1/thumb/v6-m/nofp/libgcc.a(_clzdi2.o)
                0x08000408                __clzdi2
 .text          0x08000420       0x3c /opt/st/stm32cubeide_1.17.0/plugins/com.st.stm32cube.ide.mcu.externaltools.gnu-tools-for-stm32.12.3.rel1.linux64_1.1.0.202410170702/tools/bin/../lib/gcc/arm-none-eabi/12.3.1/thumb/v6-m/nofp/libgcc.a(_clzsi2.o)
                0x08000420                __clzsi2
 *(.text*)
 .text.vApplicationGetIdleTaskMemory
                0x0800045c       0x30 ./Core/Src/freertos.o
                0x0800045c                vApplicationGetIdleTaskMemory
 .text.modbusBufferModeRTU
                0x0800048c       0x1c ./Core/Src/main.o
 .text.modbusMaskRead
                0x080004a8       0x3e ./Core/Src/main.o
 .text.modbusMaskWrite
                0x080004e6       0x9e ./Core/Src/main.o
 .text.modbusBitsToBytes
                0x08000584       0x1e ./Core/Src/main.o
 .text.modbusRLE
                0x080005a2       0x3a ./Core/Src/main.o
 .text.modbusWLE
                0x080005dc       0x34 ./Core/Src/main.o
 .text.modbusRBE
                0x08000610       0x3a ./Core/Src/main.o
 .text.modbusWBE
                0x0800064a       0x34 ./Core/Src/main.o
 .text.modbusCheckRangeU16
                0x0800067e       0x34 ./Core/Src/main.o
 .text.modbusGetErrorSource
                0x080006b2       0x1a ./Core/Src/main.o
 .text.modbusGetErrorCode
                0x080006cc       0x1a ./Core/Src/main.o
 .text.modbusIsOk
                0x080006e6       0x30 ./Core/Src/main.o
 .text.modbusGetGeneralError
                0x08000716       0x2c ./Core/Src/main.o
 .text.modbusGetRequestError
                0x08000742       0x2c ./Core/Src/main.o
 .text.modbusSlaveGetResponse
                0x0800076e       0x14 ./Core/Src/main.o
 .text.modbusSlaveGetResponseLength
                0x08000782       0x14 ./Core/Src/main.o
 .text.modbusSlaveGetUserPointer
                0x08000796       0x14 ./Core/Src/main.o
 .text.modbusSlaveAllocateResponse
                0x080007aa       0x34 ./Core/Src/main.o
 .text.modbusSlaveFreeResponse
                0x080007de       0x28 ./Core/Src/main.o
 .text.modbusDefaultAllocator
                0x08000806       0x68 ./Core/Src/main.o
                0x08000806                modbusDefaultAllocator
 .text.modbusBufferInit
                0x0800086e       0x3e ./Core/Src/main.o
                0x0800086e                modbusBufferInit
 .text.modbusBufferFree
                0x080008ac       0x26 ./Core/Src/main.o
                0x080008ac                modbusBufferFree
 .text.modbusBufferAllocateADU
                0x080008d2       0x9a ./Core/Src/main.o
                0x080008d2                modbusBufferAllocateADU
 .text.modbusCRC
                0x0800096c       0xb8 ./Core/Src/main.o
                0x0800096c                modbusCRC
 .text.modbusSlaveInit
                0x08000a24       0x48 ./Core/Src/main.o
                0x08000a24                modbusSlaveInit
 .text.modbusBuildException
                0x08000a6c       0x8e ./Core/Src/main.o
                0x08000a6c                modbusBuildException
 .text.modbusParseRequest
                0x08000afa       0x94 ./Core/Src/main.o
                0x08000afa                modbusParseRequest
 .text.modbusParseRequestRTU
                0x08000b8e      0x236 ./Core/Src/main.o
                0x08000b8e                modbusParseRequestRTU
 .text.modbusParseRequest01020304
                0x08000dc4      0x362 ./Core/Src/main.o
                0x08000dc4                modbusParseRequest01020304
 .text.modbusParseRequest0506
                0x08001126      0x1c8 ./Core/Src/main.o
                0x08001126                modbusParseRequest0506
 .text.modbusParseRequest1516
                0x080012ee      0x33e ./Core/Src/main.o
                0x080012ee                modbusParseRequest1516
 .text.modbusParseRequest22
                0x0800162c      0x23c ./Core/Src/main.o
                0x0800162c                modbusParseRequest22
 .text.serial_1_print
                0x08001868       0x34 ./Core/Src/main.o
                0x08001868                serial_1_print
 .text.serial_1_println
                0x0800189c       0x44 ./Core/Src/main.o
                0x0800189c                serial_1_println
 .text.HAL_UARTEx_RxEventCallback
                0x080018e0      0x108 ./Core/Src/main.o
                0x080018e0                HAL_UARTEx_RxEventCallback
 .text.UnlockEeprom
                0x080019e8       0x70 ./Core/Src/main.o
                0x080019e8                UnlockEeprom
 .text.EepromProgram_16
                0x08001a58       0x44 ./Core/Src/main.o
                0x08001a58                EepromProgram_16
 .text.LockEeprom
                0x08001a9c       0x50 ./Core/Src/main.o
                0x08001a9c                LockEeprom
 .text.Read_SID_from_NVRAM
                0x08001aec       0x20 ./Core/Src/main.o
                0x08001aec                Read_SID_from_NVRAM
 .text.Transfer_SID_to_NVRAM
                0x08001b0c       0x74 ./Core/Src/main.o
                0x08001b0c                Transfer_SID_to_NVRAM
 .text.PowerOn  0x08001b80      0x13c ./Core/Src/main.o
                0x08001b80                PowerOn
 .text.PowerOff
                0x08001cbc       0xc0 ./Core/Src/main.o
                0x08001cbc                PowerOff
 .text.ADC_Read
                0x08001d7c       0x7c ./Core/Src/main.o
                0x08001d7c                ADC_Read
 .text.myRegisterCallback
                0x08001df8      0x40c ./Core/Src/main.o
                0x08001df8                myRegisterCallback
 .text.main     0x08002204      0x31c ./Core/Src/main.o
                0x08002204                main
 .text.SystemClock_Config
                0x08002520       0xec ./Core/Src/main.o
                0x08002520                SystemClock_Config
 .text.MX_ADC_Init
                0x0800260c       0xe8 ./Core/Src/main.o
 .text.MX_DAC_Init
                0x080026f4       0x5c ./Core/Src/main.o
 .text.MX_LPUART1_UART_Init
                0x08002750       0x5c ./Core/Src/main.o
 .text.MX_USART1_UART_Init
                0x080027ac       0x60 ./Core/Src/main.o
 .text.MX_TIM22_Init
                0x0800280c      0x100 ./Core/Src/main.o
 .text.MX_GPIO_Init
                0x0800290c      0x17c ./Core/Src/main.o
 .text.StartDefaultTask
                0x08002a88       0x98 ./Core/Src/main.o
                0x08002a88                StartDefaultTask
 .text.Error_Handler
                0x08002b20        0xc ./Core/Src/main.o
                0x08002b20                Error_Handler
 .text.HAL_MspInit
                0x08002b2c       0x48 ./Core/Src/stm32l0xx_hal_msp.o
                0x08002b2c                HAL_MspInit
 .text.HAL_ADC_MspInit
                0x08002b74       0x78 ./Core/Src/stm32l0xx_hal_msp.o
                0x08002b74                HAL_ADC_MspInit
 .text.HAL_DAC_MspInit
                0x08002bec       0x78 ./Core/Src/stm32l0xx_hal_msp.o
                0x08002bec                HAL_DAC_MspInit
 .text.HAL_UART_MspInit
                0x08002c64      0x110 ./Core/Src/stm32l0xx_hal_msp.o
                0x08002c64                HAL_UART_MspInit
 .text.HAL_TIM_Base_MspInit
                0x08002d74       0x30 ./Core/Src/stm32l0xx_hal_msp.o
                0x08002d74                HAL_TIM_Base_MspInit
 .text.HAL_TIM_MspPostInit
                0x08002da4       0x7c ./Core/Src/stm32l0xx_hal_msp.o
                0x08002da4                HAL_TIM_MspPostInit
 .text.NMI_Handler
                0x08002e20        0x8 ./Core/Src/stm32l0xx_it.o
                0x08002e20                NMI_Handler
 .text.HardFault_Handler
                0x08002e28        0x8 ./Core/Src/stm32l0xx_it.o
                0x08002e28                HardFault_Handler
 .text.SysTick_Handler
                0x08002e30       0x1c ./Core/Src/stm32l0xx_it.o
                0x08002e30                SysTick_Handler
 .text.FLASH_IRQHandler
                0x08002e4c        0xe ./Core/Src/stm32l0xx_it.o
                0x08002e4c                FLASH_IRQHandler
 *fill*         0x08002e5a        0x2 
 .text.USART1_IRQHandler
                0x08002e5c       0x18 ./Core/Src/stm32l0xx_it.o
                0x08002e5c                USART1_IRQHandler
 .text.RNG_LPUART1_IRQHandler
                0x08002e74       0x18 ./Core/Src/stm32l0xx_it.o
                0x08002e74                RNG_LPUART1_IRQHandler
 .text._sbrk    0x08002e8c       0x6c ./Core/Src/sysmem.o
                0x08002e8c                _sbrk
 .text.SystemInit
                0x08002ef8        0xa ./Core/Src/system_stm32l0xx.o
                0x08002ef8                SystemInit
 *fill*         0x08002f02        0x2 
 .text.Reset_Handler
                0x08002f04       0x50 ./Core/Startup/startup_stm32l072czux.o
                0x08002f04                Reset_Handler
 .text.Default_Handler
                0x08002f54        0x2 ./Core/Startup/startup_stm32l072czux.o
                0x08002f54                TSC_IRQHandler
                0x08002f54                ADC1_COMP_IRQHandler
                0x08002f54                PVD_IRQHandler
                0x08002f54                I2C1_IRQHandler
                0x08002f54                RCC_CRS_IRQHandler
                0x08002f54                SPI1_IRQHandler
                0x08002f54                TIM6_DAC_IRQHandler
                0x08002f54                EXTI2_3_IRQHandler
                0x08002f54                I2C2_IRQHandler
                0x08002f54                RTC_IRQHandler
                0x08002f54                DMA1_Channel4_5_6_7_IRQHandler
                0x08002f54                TIM3_IRQHandler
                0x08002f54                EXTI4_15_IRQHandler
                0x08002f54                DMA1_Channel1_IRQHandler
                0x08002f54                USART4_5_IRQHandler
                0x08002f54                Default_Handler
                0x08002f54                TIM22_IRQHandler
                0x08002f54                TIM7_IRQHandler
                0x08002f54                EXTI0_1_IRQHandler
                0x08002f54                USB_IRQHandler
                0x08002f54                I2C3_IRQHandler
                0x08002f54                SPI2_IRQHandler
                0x08002f54                TIM21_IRQHandler
                0x08002f54                WWDG_IRQHandler
                0x08002f54                TIM2_IRQHandler
                0x08002f54                DMA1_Channel2_3_IRQHandler
                0x08002f54                USART2_IRQHandler
                0x08002f54                LPTIM1_IRQHandler
 *fill*         0x08002f56        0x2 
 .text.HAL_Init
                0x08002f58       0x40 ./Drivers/STM32L0xx_HAL_Driver/Src/stm32l0xx_hal.o
                0x08002f58                HAL_Init
 .text.HAL_InitTick
                0x08002f98       0x68 ./Drivers/STM32L0xx_HAL_Driver/Src/stm32l0xx_hal.o
                0x08002f98                HAL_InitTick
 .text.HAL_IncTick
                0x08003000       0x24 ./Drivers/STM32L0xx_HAL_Driver/Src/stm32l0xx_hal.o
                0x08003000                HAL_IncTick
 .text.HAL_GetTick
                0x08003024       0x14 ./Drivers/STM32L0xx_HAL_Driver/Src/stm32l0xx_hal.o
                0x08003024                HAL_GetTick
 .text.HAL_Delay
                0x08003038       0x48 ./Drivers/STM32L0xx_HAL_Driver/Src/stm32l0xx_hal.o
                0x08003038                HAL_Delay
 .text.HAL_ADC_Init
                0x08003080      0x2e8 ./Drivers/STM32L0xx_HAL_Driver/Src/stm32l0xx_hal_adc.o
                0x08003080                HAL_ADC_Init
 .text.HAL_ADC_Start
                0x08003368       0xa8 ./Drivers/STM32L0xx_HAL_Driver/Src/stm32l0xx_hal_adc.o
                0x08003368                HAL_ADC_Start
 .text.HAL_ADC_Stop
                0x08003410       0x80 ./Drivers/STM32L0xx_HAL_Driver/Src/stm32l0xx_hal_adc.o
                0x08003410                HAL_ADC_Stop
 .text.HAL_ADC_PollForConversion
                0x08003490      0x138 ./Drivers/STM32L0xx_HAL_Driver/Src/stm32l0xx_hal_adc.o
                0x08003490                HAL_ADC_PollForConversion
 .text.HAL_ADC_GetValue
                0x080035c8       0x16 ./Drivers/STM32L0xx_HAL_Driver/Src/stm32l0xx_hal_adc.o
                0x080035c8                HAL_ADC_GetValue
 *fill*         0x080035de        0x2 
 .text.HAL_ADC_ConfigChannel
                0x080035e0      0x10c ./Drivers/STM32L0xx_HAL_Driver/Src/stm32l0xx_hal_adc.o
                0x080035e0                HAL_ADC_ConfigChannel
 .text.ADC_Enable
                0x080036ec       0xd0 ./Drivers/STM32L0xx_HAL_Driver/Src/stm32l0xx_hal_adc.o
 .text.ADC_Disable
                0x080037bc       0xce ./Drivers/STM32L0xx_HAL_Driver/Src/stm32l0xx_hal_adc.o
 .text.ADC_ConversionStop
                0x0800388a       0x98 ./Drivers/STM32L0xx_HAL_Driver/Src/stm32l0xx_hal_adc.o
 *fill*         0x08003922        0x2 
 .text.ADC_DelayMicroSecond
                0x08003924       0x40 ./Drivers/STM32L0xx_HAL_Driver/Src/stm32l0xx_hal_adc.o
 .text.__NVIC_EnableIRQ
                0x08003964       0x34 ./Drivers/STM32L0xx_HAL_Driver/Src/stm32l0xx_hal_cortex.o
 .text.__NVIC_SetPriority
                0x08003998       0xdc ./Drivers/STM32L0xx_HAL_Driver/Src/stm32l0xx_hal_cortex.o
 .text.SysTick_Config
                0x08003a74       0x48 ./Drivers/STM32L0xx_HAL_Driver/Src/stm32l0xx_hal_cortex.o
 .text.HAL_NVIC_SetPriority
                0x08003abc       0x2a ./Drivers/STM32L0xx_HAL_Driver/Src/stm32l0xx_hal_cortex.o
                0x08003abc                HAL_NVIC_SetPriority
 .text.HAL_NVIC_EnableIRQ
                0x08003ae6       0x20 ./Drivers/STM32L0xx_HAL_Driver/Src/stm32l0xx_hal_cortex.o
                0x08003ae6                HAL_NVIC_EnableIRQ
 .text.HAL_SYSTICK_Config
                0x08003b06       0x1a ./Drivers/STM32L0xx_HAL_Driver/Src/stm32l0xx_hal_cortex.o
                0x08003b06                HAL_SYSTICK_Config
 .text.HAL_DAC_Init
                0x08003b20       0x46 ./Drivers/STM32L0xx_HAL_Driver/Src/stm32l0xx_hal_dac.o
                0x08003b20                HAL_DAC_Init
 *fill*         0x08003b66        0x2 
 .text.HAL_DAC_ConfigChannel
                0x08003b68       0x98 ./Drivers/STM32L0xx_HAL_Driver/Src/stm32l0xx_hal_dac.o
                0x08003b68                HAL_DAC_ConfigChannel
 .text.HAL_DAC_Start
                0x08003c00       0xd0 ./Drivers/STM32L0xx_HAL_Driver/Src/stm32l0xx_hal_dac_ex.o
                0x08003c00                HAL_DAC_Start
 .text.HAL_DAC_SetValue
                0x08003cd0       0x44 ./Drivers/STM32L0xx_HAL_Driver/Src/stm32l0xx_hal_dac_ex.o
                0x08003cd0                HAL_DAC_SetValue
 .text.HAL_DMA_Abort
                0x08003d14       0x80 ./Drivers/STM32L0xx_HAL_Driver/Src/stm32l0xx_hal_dma.o
                0x08003d14                HAL_DMA_Abort
 .text.HAL_DMA_Abort_IT
                0x08003d94       0x8e ./Drivers/STM32L0xx_HAL_Driver/Src/stm32l0xx_hal_dma.o
                0x08003d94                HAL_DMA_Abort_IT
 *fill*         0x08003e22        0x2 
 .text.HAL_FLASH_IRQHandler
                0x08003e24      0x1a8 ./Drivers/STM32L0xx_HAL_Driver/Src/stm32l0xx_hal_flash.o
                0x08003e24                HAL_FLASH_IRQHandler
 .text.HAL_FLASH_EndOfOperationCallback
                0x08003fcc       0x10 ./Drivers/STM32L0xx_HAL_Driver/Src/stm32l0xx_hal_flash.o
                0x08003fcc                HAL_FLASH_EndOfOperationCallback
 .text.HAL_FLASH_OperationErrorCallback
                0x08003fdc       0x10 ./Drivers/STM32L0xx_HAL_Driver/Src/stm32l0xx_hal_flash.o
                0x08003fdc                HAL_FLASH_OperationErrorCallback
 .text.FLASH_SetErrorCode
                0x08003fec      0x138 ./Drivers/STM32L0xx_HAL_Driver/Src/stm32l0xx_hal_flash.o
 .text.FLASH_PageErase
                0x08004124       0x44 ./Drivers/STM32L0xx_HAL_Driver/Src/stm32l0xx_hal_flash_ex.o
                0x08004124                FLASH_PageErase
 .text.HAL_GPIO_Init
                0x08004168      0x2fc ./Drivers/STM32L0xx_HAL_Driver/Src/stm32l0xx_hal_gpio.o
                0x08004168                HAL_GPIO_Init
 .text.HAL_GPIO_WritePin
                0x08004464       0x3a ./Drivers/STM32L0xx_HAL_Driver/Src/stm32l0xx_hal_gpio.o
                0x08004464                HAL_GPIO_WritePin
 *fill*         0x0800449e        0x2 
 .text.HAL_RCC_OscConfig
                0x080044a0      0x7a8 ./Drivers/STM32L0xx_HAL_Driver/Src/stm32l0xx_hal_rcc.o
                0x080044a0                HAL_RCC_OscConfig
 .text.HAL_RCC_ClockConfig
                0x08004c48      0x290 ./Drivers/STM32L0xx_HAL_Driver/Src/stm32l0xx_hal_rcc.o
                0x08004c48                HAL_RCC_ClockConfig
 .text.HAL_RCC_GetSysClockFreq
                0x08004ed8      0x10c ./Drivers/STM32L0xx_HAL_Driver/Src/stm32l0xx_hal_rcc.o
                0x08004ed8                HAL_RCC_GetSysClockFreq
 .text.HAL_RCC_GetHCLKFreq
                0x08004fe4       0x14 ./Drivers/STM32L0xx_HAL_Driver/Src/stm32l0xx_hal_rcc.o
                0x08004fe4                HAL_RCC_GetHCLKFreq
 .text.HAL_RCC_GetPCLK1Freq
                0x08004ff8       0x2c ./Drivers/STM32L0xx_HAL_Driver/Src/stm32l0xx_hal_rcc.o
                0x08004ff8                HAL_RCC_GetPCLK1Freq
 .text.HAL_RCC_GetPCLK2Freq
                0x08005024       0x2c ./Drivers/STM32L0xx_HAL_Driver/Src/stm32l0xx_hal_rcc.o
                0x08005024                HAL_RCC_GetPCLK2Freq
 .text.HAL_RCCEx_PeriphCLKConfig
                0x08005050      0x2b8 ./Drivers/STM32L0xx_HAL_Driver/Src/stm32l0xx_hal_rcc_ex.o
                0x08005050                HAL_RCCEx_PeriphCLKConfig
 .text.HAL_TIM_Base_Init
                0x08005308       0x80 ./Drivers/STM32L0xx_HAL_Driver/Src/stm32l0xx_hal_tim.o
                0x08005308                HAL_TIM_Base_Init
 .text.HAL_TIM_PWM_Init
                0x08005388       0x80 ./Drivers/STM32L0xx_HAL_Driver/Src/stm32l0xx_hal_tim.o
                0x08005388                HAL_TIM_PWM_Init
 .text.HAL_TIM_PWM_MspInit
                0x08005408       0x10 ./Drivers/STM32L0xx_HAL_Driver/Src/stm32l0xx_hal_tim.o
                0x08005408                HAL_TIM_PWM_MspInit
 .text.HAL_TIM_PWM_Start
                0x08005418      0x124 ./Drivers/STM32L0xx_HAL_Driver/Src/stm32l0xx_hal_tim.o
                0x08005418                HAL_TIM_PWM_Start
 .text.HAL_TIM_PWM_ConfigChannel
                0x0800553c      0x18c ./Drivers/STM32L0xx_HAL_Driver/Src/stm32l0xx_hal_tim.o
                0x0800553c                HAL_TIM_PWM_ConfigChannel
 .text.HAL_TIM_ConfigClockSource
                0x080056c8      0x1a8 ./Drivers/STM32L0xx_HAL_Driver/Src/stm32l0xx_hal_tim.o
                0x080056c8                HAL_TIM_ConfigClockSource
 .text.TIM_Base_SetConfig
                0x08005870       0xc8 ./Drivers/STM32L0xx_HAL_Driver/Src/stm32l0xx_hal_tim.o
 .text.TIM_OC1_SetConfig
                0x08005938       0x78 ./Drivers/STM32L0xx_HAL_Driver/Src/stm32l0xx_hal_tim.o
 .text.TIM_OC2_SetConfig
                0x080059b0       0x84 ./Drivers/STM32L0xx_HAL_Driver/Src/stm32l0xx_hal_tim.o
 .text.TIM_OC3_SetConfig
                0x08005a34       0x80 ./Drivers/STM32L0xx_HAL_Driver/Src/stm32l0xx_hal_tim.o
 .text.TIM_OC4_SetConfig
                0x08005ab4       0x8c ./Drivers/STM32L0xx_HAL_Driver/Src/stm32l0xx_hal_tim.o
 .text.TIM_TI1_ConfigInputStage
                0x08005b40       0x5c ./Drivers/STM32L0xx_HAL_Driver/Src/stm32l0xx_hal_tim.o
 .text.TIM_TI2_ConfigInputStage
                0x08005b9c       0x64 ./Drivers/STM32L0xx_HAL_Driver/Src/stm32l0xx_hal_tim.o
 .text.TIM_ITRx_SetConfig
                0x08005c00       0x32 ./Drivers/STM32L0xx_HAL_Driver/Src/stm32l0xx_hal_tim.o
 *fill*         0x08005c32        0x2 
 .text.TIM_ETR_SetConfig
                0x08005c34       0x40 ./Drivers/STM32L0xx_HAL_Driver/Src/stm32l0xx_hal_tim.o
 .text.TIM_CCxChannelCmd
                0x08005c74       0x46 ./Drivers/STM32L0xx_HAL_Driver/Src/stm32l0xx_hal_tim.o
 *fill*         0x08005cba        0x2 
 .text.HAL_TIMEx_MasterConfigSynchronization
                0x08005cbc       0xbc ./Drivers/STM32L0xx_HAL_Driver/Src/stm32l0xx_hal_tim_ex.o
                0x08005cbc                HAL_TIMEx_MasterConfigSynchronization
 .text.HAL_UART_Init
                0x08005d78       0xa8 ./Drivers/STM32L0xx_HAL_Driver/Src/stm32l0xx_hal_uart.o
                0x08005d78                HAL_UART_Init
 .text.HAL_UART_Transmit
                0x08005e20      0x13e ./Drivers/STM32L0xx_HAL_Driver/Src/stm32l0xx_hal_uart.o
                0x08005e20                HAL_UART_Transmit
 *fill*         0x08005f5e        0x2 
 .text.HAL_UART_Receive_IT
                0x08005f60       0xbc ./Drivers/STM32L0xx_HAL_Driver/Src/stm32l0xx_hal_uart.o
                0x08005f60                HAL_UART_Receive_IT
 .text.HAL_UART_IRQHandler
                0x0800601c      0x600 ./Drivers/STM32L0xx_HAL_Driver/Src/stm32l0xx_hal_uart.o
                0x0800601c                HAL_UART_IRQHandler
 .text.HAL_UART_TxCpltCallback
                0x0800661c       0x10 ./Drivers/STM32L0xx_HAL_Driver/Src/stm32l0xx_hal_uart.o
                0x0800661c                HAL_UART_TxCpltCallback
 .text.HAL_UART_RxCpltCallback
                0x0800662c       0x10 ./Drivers/STM32L0xx_HAL_Driver/Src/stm32l0xx_hal_uart.o
                0x0800662c                HAL_UART_RxCpltCallback
 .text.HAL_UART_ErrorCallback
                0x0800663c       0x10 ./Drivers/STM32L0xx_HAL_Driver/Src/stm32l0xx_hal_uart.o
                0x0800663c                HAL_UART_ErrorCallback
 .text.UART_SetConfig
                0x0800664c      0x53c ./Drivers/STM32L0xx_HAL_Driver/Src/stm32l0xx_hal_uart.o
                0x0800664c                UART_SetConfig
 .text.UART_AdvFeatureConfig
                0x08006b88      0x168 ./Drivers/STM32L0xx_HAL_Driver/Src/stm32l0xx_hal_uart.o
                0x08006b88                UART_AdvFeatureConfig
 .text.UART_CheckIdleState
                0x08006cf0      0x150 ./Drivers/STM32L0xx_HAL_Driver/Src/stm32l0xx_hal_uart.o
                0x08006cf0                UART_CheckIdleState
 .text.UART_WaitOnFlagUntilTimeout
                0x08006e40       0xde ./Drivers/STM32L0xx_HAL_Driver/Src/stm32l0xx_hal_uart.o
                0x08006e40                UART_WaitOnFlagUntilTimeout
 *fill*         0x08006f1e        0x2 
 .text.UART_Start_Receive_IT
                0x08006f20      0x194 ./Drivers/STM32L0xx_HAL_Driver/Src/stm32l0xx_hal_uart.o
                0x08006f20                UART_Start_Receive_IT
 .text.UART_EndRxTransfer
                0x080070b4       0xc8 ./Drivers/STM32L0xx_HAL_Driver/Src/stm32l0xx_hal_uart.o
 .text.UART_DMAAbortOnError
                0x0800717c       0x26 ./Drivers/STM32L0xx_HAL_Driver/Src/stm32l0xx_hal_uart.o
 .text.UART_EndTransmit_IT
                0x080071a2       0x56 ./Drivers/STM32L0xx_HAL_Driver/Src/stm32l0xx_hal_uart.o
 .text.UART_RxISR_8BIT
                0x080071f8      0x1c4 ./Drivers/STM32L0xx_HAL_Driver/Src/stm32l0xx_hal_uart.o
 .text.UART_RxISR_16BIT
                0x080073bc      0x1c4 ./Drivers/STM32L0xx_HAL_Driver/Src/stm32l0xx_hal_uart.o
 .text.HAL_UARTEx_WakeupCallback
                0x08007580       0x10 ./Drivers/STM32L0xx_HAL_Driver/Src/stm32l0xx_hal_uart_ex.o
                0x08007580                HAL_UARTEx_WakeupCallback
 .text.HAL_UARTEx_ReceiveToIdle_IT
                0x08007590       0xc8 ./Drivers/STM32L0xx_HAL_Driver/Src/stm32l0xx_hal_uart_ex.o
                0x08007590                HAL_UARTEx_ReceiveToIdle_IT
 .text.makeFreeRtosPriority
                0x08007658       0x32 ./Middlewares/Third_Party/FreeRTOS/Source/CMSIS_RTOS/cmsis_os.o
 .text.osKernelStart
                0x0800768a       0x10 ./Middlewares/Third_Party/FreeRTOS/Source/CMSIS_RTOS/cmsis_os.o
                0x0800768a                osKernelStart
 .text.osThreadCreate
                0x0800769a       0x9a ./Middlewares/Third_Party/FreeRTOS/Source/CMSIS_RTOS/cmsis_os.o
                0x0800769a                osThreadCreate
 .text.osDelay  0x08007734       0x28 ./Middlewares/Third_Party/FreeRTOS/Source/CMSIS_RTOS/cmsis_os.o
                0x08007734                osDelay
 .text.vListInitialise
                0x0800775c       0x3c ./Middlewares/Third_Party/FreeRTOS/Source/list.o
                0x0800775c                vListInitialise
 .text.vListInitialiseItem
                0x08007798       0x16 ./Middlewares/Third_Party/FreeRTOS/Source/list.o
                0x08007798                vListInitialiseItem
 .text.vListInsertEnd
                0x080077ae       0x44 ./Middlewares/Third_Party/FreeRTOS/Source/list.o
                0x080077ae                vListInsertEnd
 .text.vListInsert
                0x080077f2       0x6c ./Middlewares/Third_Party/FreeRTOS/Source/list.o
                0x080077f2                vListInsert
 .text.uxListRemove
                0x0800785e       0x50 ./Middlewares/Third_Party/FreeRTOS/Source/list.o
                0x0800785e                uxListRemove
 .text.xTaskCreateStatic
                0x080078ae       0x8e ./Middlewares/Third_Party/FreeRTOS/Source/tasks.o
                0x080078ae                xTaskCreateStatic
 .text.xTaskCreate
                0x0800793c       0x98 ./Middlewares/Third_Party/FreeRTOS/Source/tasks.o
                0x0800793c                xTaskCreate
 .text.prvInitialiseNewTask
                0x080079d4      0x104 ./Middlewares/Third_Party/FreeRTOS/Source/tasks.o
 .text.prvAddNewTaskToReadyList
                0x08007ad8       0xc8 ./Middlewares/Third_Party/FreeRTOS/Source/tasks.o
 .text.vTaskDelay
                0x08007ba0       0x4c ./Middlewares/Third_Party/FreeRTOS/Source/tasks.o
                0x08007ba0                vTaskDelay
 .text.vTaskStartScheduler
                0x08007bec       0x9c ./Middlewares/Third_Party/FreeRTOS/Source/tasks.o
                0x08007bec                vTaskStartScheduler
 .text.vTaskSuspendAll
                0x08007c88       0x18 ./Middlewares/Third_Party/FreeRTOS/Source/tasks.o
                0x08007c88                vTaskSuspendAll
 .text.xTaskResumeAll
                0x08007ca0      0x118 ./Middlewares/Third_Party/FreeRTOS/Source/tasks.o
                0x08007ca0                xTaskResumeAll
 .text.xTaskIncrementTick
                0x08007db8      0x160 ./Middlewares/Third_Party/FreeRTOS/Source/tasks.o
                0x08007db8                xTaskIncrementTick
 .text.vTaskSwitchContext
                0x08007f18       0xa4 ./Middlewares/Third_Party/FreeRTOS/Source/tasks.o
                0x08007f18                vTaskSwitchContext
 .text.prvIdleTask
                0x08007fbc       0x20 ./Middlewares/Third_Party/FreeRTOS/Source/tasks.o
 .text.prvInitialiseTaskLists
                0x08007fdc       0x88 ./Middlewares/Third_Party/FreeRTOS/Source/tasks.o
 .text.prvCheckTasksWaitingTermination
                0x08008064       0x5c ./Middlewares/Third_Party/FreeRTOS/Source/tasks.o
 .text.prvDeleteTCB
                0x080080c0       0x52 ./Middlewares/Third_Party/FreeRTOS/Source/tasks.o
 *fill*         0x08008112        0x2 
 .text.prvResetNextTaskUnblockTime
                0x08008114       0x3c ./Middlewares/Third_Party/FreeRTOS/Source/tasks.o
 .text.xTaskGetSchedulerState
                0x08008150       0x38 ./Middlewares/Third_Party/FreeRTOS/Source/tasks.o
                0x08008150                xTaskGetSchedulerState
 .text.prvAddCurrentTaskToDelayedList
                0x08008188       0xa8 ./Middlewares/Third_Party/FreeRTOS/Source/tasks.o
 .text.pxPortInitialiseStack
                0x08008230       0x54 ./Middlewares/Third_Party/FreeRTOS/Source/portable/GCC/ARM_CM0/port.o
                0x08008230                pxPortInitialiseStack
 .text.prvTaskExitError
                0x08008284       0x30 ./Middlewares/Third_Party/FreeRTOS/Source/portable/GCC/ARM_CM0/port.o
 .text.SVC_Handler
                0x080082b4        0xa ./Middlewares/Third_Party/FreeRTOS/Source/portable/GCC/ARM_CM0/port.o
                0x080082b4                SVC_Handler
 *fill*         0x080082be        0x2 
 .text.vPortStartFirstTask
                0x080082c0       0x38 ./Middlewares/Third_Party/FreeRTOS/Source/portable/GCC/ARM_CM0/port.o
 .text.xPortStartScheduler
                0x080082f8       0x48 ./Middlewares/Third_Party/FreeRTOS/Source/portable/GCC/ARM_CM0/port.o
                0x080082f8                xPortStartScheduler
 .text.vPortYield
                0x08008340       0x20 ./Middlewares/Third_Party/FreeRTOS/Source/portable/GCC/ARM_CM0/port.o
                0x08008340                vPortYield
 .text.vPortEnterCritical
                0x08008360       0x24 ./Middlewares/Third_Party/FreeRTOS/Source/portable/GCC/ARM_CM0/port.o
                0x08008360                vPortEnterCritical
 .text.vPortExitCritical
                0x08008384       0x30 ./Middlewares/Third_Party/FreeRTOS/Source/portable/GCC/ARM_CM0/port.o
                0x08008384                vPortExitCritical
 .text.ulSetInterruptMaskFromISR
                0x080083b4        0xc ./Middlewares/Third_Party/FreeRTOS/Source/portable/GCC/ARM_CM0/port.o
                0x080083b4                ulSetInterruptMaskFromISR
 .text.vClearInterruptMaskFromISR
                0x080083c0        0x8 ./Middlewares/Third_Party/FreeRTOS/Source/portable/GCC/ARM_CM0/port.o
                0x080083c0                vClearInterruptMaskFromISR
 *fill*         0x080083c8        0x8 
 .text.PendSV_Handler
                0x080083d0       0x48 ./Middlewares/Third_Party/FreeRTOS/Source/portable/GCC/ARM_CM0/port.o
                0x080083d0                PendSV_Handler
 .text.xPortSysTickHandler
                0x08008418       0x34 ./Middlewares/Third_Party/FreeRTOS/Source/portable/GCC/ARM_CM0/port.o
                0x08008418                xPortSysTickHandler
 .text.prvSetupTimerInterrupt
                0x0800844c       0x44 ./Middlewares/Third_Party/FreeRTOS/Source/portable/GCC/ARM_CM0/port.o
 .text.pvPortMalloc
                0x08008490      0x150 ./Middlewares/Third_Party/FreeRTOS/Source/portable/MemMang/heap_4.o
                0x08008490                pvPortMalloc
 .text.vPortFree
                0x080085e0       0x94 ./Middlewares/Third_Party/FreeRTOS/Source/portable/MemMang/heap_4.o
                0x080085e0                vPortFree
 .text.prvHeapInit
                0x08008674       0xc0 ./Middlewares/Third_Party/FreeRTOS/Source/portable/MemMang/heap_4.o
 .text.prvInsertBlockIntoFreeList
                0x08008734       0xb0 ./Middlewares/Third_Party/FreeRTOS/Source/portable/MemMang/heap_4.o
 .text.free     0x080087e4       0x14 /opt/st/stm32cubeide_1.17.0/plugins/com.st.stm32cube.ide.mcu.externaltools.gnu-tools-for-stm32.12.3.rel1.linux64_1.1.0.202410170702/tools/bin/../lib/gcc/arm-none-eabi/12.3.1/../../../../arm-none-eabi/lib/thumb/v6-m/nofp/libc_nano.a(libc_a-malloc.o)
                0x080087e4                free
 .text.sbrk_aligned
                0x080087f8       0x44 /opt/st/stm32cubeide_1.17.0/plugins/com.st.stm32cube.ide.mcu.externaltools.gnu-tools-for-stm32.12.3.rel1.linux64_1.1.0.202410170702/tools/bin/../lib/gcc/arm-none-eabi/12.3.1/../../../../arm-none-eabi/lib/thumb/v6-m/nofp/libc_nano.a(libc_a-mallocr.o)
 .text._malloc_r
                0x0800883c      0x100 /opt/st/stm32cubeide_1.17.0/plugins/com.st.stm32cube.ide.mcu.externaltools.gnu-tools-for-stm32.12.3.rel1.linux64_1.1.0.202410170702/tools/bin/../lib/gcc/arm-none-eabi/12.3.1/../../../../arm-none-eabi/lib/thumb/v6-m/nofp/libc_nano.a(libc_a-mallocr.o)
                0x0800883c                _malloc_r
 .text.__malloc_lock
                0x0800893c       0x10 /opt/st/stm32cubeide_1.17.0/plugins/com.st.stm32cube.ide.mcu.externaltools.gnu-tools-for-stm32.12.3.rel1.linux64_1.1.0.202410170702/tools/bin/../lib/gcc/arm-none-eabi/12.3.1/../../../../arm-none-eabi/lib/thumb/v6-m/nofp/libc_nano.a(libc_a-mlock.o)
                0x0800893c                __malloc_lock
 .text.__malloc_unlock
                0x0800894c       0x10 /opt/st/stm32cubeide_1.17.0/plugins/com.st.stm32cube.ide.mcu.externaltools.gnu-tools-for-stm32.12.3.rel1.linux64_1.1.0.202410170702/tools/bin/../lib/gcc/arm-none-eabi/12.3.1/../../../../arm-none-eabi/lib/thumb/v6-m/nofp/libc_nano.a(libc_a-mlock.o)
                0x0800894c                __malloc_unlock
 .text.realloc  0x0800895c       0x14 /opt/st/stm32cubeide_1.17.0/plugins/com.st.stm32cube.ide.mcu.externaltools.gnu-tools-for-stm32.12.3.rel1.linux64_1.1.0.202410170702/tools/bin/../lib/gcc/arm-none-eabi/12.3.1/../../../../arm-none-eabi/lib/thumb/v6-m/nofp/libc_nano.a(libc_a-realloc.o)
                0x0800895c                realloc
 .text._realloc_r
                0x08008970       0x5e /opt/st/stm32cubeide_1.17.0/plugins/com.st.stm32cube.ide.mcu.externaltools.gnu-tools-for-stm32.12.3.rel1.linux64_1.1.0.202410170702/tools/bin/../lib/gcc/arm-none-eabi/12.3.1/../../../../arm-none-eabi/lib/thumb/v6-m/nofp/libc_nano.a(libc_a-reallocr.o)
                0x08008970                _realloc_r
 .text.memset   0x080089ce       0x10 /opt/st/stm32cubeide_1.17.0/plugins/com.st.stm32cube.ide.mcu.externaltools.gnu-tools-for-stm32.12.3.rel1.linux64_1.1.0.202410170702/tools/bin/../lib/gcc/arm-none-eabi/12.3.1/../../../../arm-none-eabi/lib/thumb/v6-m/nofp/libc_nano.a(libc_a-memset.o)
                0x080089ce                memset
 *fill*         0x080089de        0x2 
 .text._sbrk_r  0x080089e0       0x24 /opt/st/stm32cubeide_1.17.0/plugins/com.st.stm32cube.ide.mcu.externaltools.gnu-tools-for-stm32.12.3.rel1.linux64_1.1.0.202410170702/tools/bin/../lib/gcc/arm-none-eabi/12.3.1/../../../../arm-none-eabi/lib/thumb/v6-m/nofp/libc_nano.a(libc_a-sbrkr.o)
                0x080089e0                _sbrk_r
 .text.__errno  0x08008a04        0xc /opt/st/stm32cubeide_1.17.0/plugins/com.st.stm32cube.ide.mcu.externaltools.gnu-tools-for-stm32.12.3.rel1.linux64_1.1.0.202410170702/tools/bin/../lib/gcc/arm-none-eabi/12.3.1/../../../../arm-none-eabi/lib/thumb/v6-m/nofp/libc_nano.a(libc_a-errno.o)
                0x08008a04                __errno
 .text.__libc_init_array
                0x08008a10       0x48 /opt/st/stm32cubeide_1.17.0/plugins/com.st.stm32cube.ide.mcu.externaltools.gnu-tools-for-stm32.12.3.rel1.linux64_1.1.0.202410170702/tools/bin/../lib/gcc/arm-none-eabi/12.3.1/../../../../arm-none-eabi/lib/thumb/v6-m/nofp/libc_nano.a(libc_a-init.o)
                0x08008a10                __libc_init_array
 .text.__retarget_lock_acquire_recursive
                0x08008a58        0x2 /opt/st/stm32cubeide_1.17.0/plugins/com.st.stm32cube.ide.mcu.externaltools.gnu-tools-for-stm32.12.3.rel1.linux64_1.1.0.202410170702/tools/bin/../lib/gcc/arm-none-eabi/12.3.1/../../../../arm-none-eabi/lib/thumb/v6-m/nofp/libc_nano.a(libc_a-lock.o)
                0x08008a58                __retarget_lock_acquire_recursive
 .text.__retarget_lock_release_recursive
                0x08008a5a        0x2 /opt/st/stm32cubeide_1.17.0/plugins/com.st.stm32cube.ide.mcu.externaltools.gnu-tools-for-stm32.12.3.rel1.linux64_1.1.0.202410170702/tools/bin/../lib/gcc/arm-none-eabi/12.3.1/../../../../arm-none-eabi/lib/thumb/v6-m/nofp/libc_nano.a(libc_a-lock.o)
                0x08008a5a                __retarget_lock_release_recursive
 .text.memcpy   0x08008a5c       0x12 /opt/st/stm32cubeide_1.17.0/plugins/com.st.stm32cube.ide.mcu.externaltools.gnu-tools-for-stm32.12.3.rel1.linux64_1.1.0.202410170702/tools/bin/../lib/gcc/arm-none-eabi/12.3.1/../../../../arm-none-eabi/lib/thumb/v6-m/nofp/libc_nano.a(libc_a-memcpy-stub.o)
                0x08008a5c                memcpy
 *fill*         0x08008a6e        0x2 
 .text._free_r  0x08008a70       0x94 /opt/st/stm32cubeide_1.17.0/plugins/com.st.stm32cube.ide.mcu.externaltools.gnu-tools-for-stm32.12.3.rel1.linux64_1.1.0.202410170702/tools/bin/../lib/gcc/arm-none-eabi/12.3.1/../../../../arm-none-eabi/lib/thumb/v6-m/nofp/libc_nano.a(libc_a-freer.o)
                0x08008a70                _free_r
 .text._malloc_usable_size_r
                0x08008b04       0x10 /opt/st/stm32cubeide_1.17.0/plugins/com.st.stm32cube.ide.mcu.externaltools.gnu-tools-for-stm32.12.3.rel1.linux64_1.1.0.202410170702/tools/bin/../lib/gcc/arm-none-eabi/12.3.1/../../../../arm-none-eabi/lib/thumb/v6-m/nofp/libc_nano.a(libc_a-msizer.o)
                0x08008b04                _malloc_usable_size_r
 *(.glue_7)
 .glue_7        0x08008b14        0x0 linker stubs
 *(.glue_7t)
 .glue_7t       0x08008b14        0x0 linker stubs
 *(.eh_frame)
 .eh_frame      0x08008b14        0x0 /opt/st/stm32cubeide_1.17.0/plugins/com.st.stm32cube.ide.mcu.externaltools.gnu-tools-for-stm32.12.3.rel1.linux64_1.1.0.202410170702/tools/bin/../lib/gcc/arm-none-eabi/12.3.1/thumb/v6-m/nofp/crtbegin.o
 *(.init)
 .init          0x08008b14        0x4 /opt/st/stm32cubeide_1.17.0/plugins/com.st.stm32cube.ide.mcu.externaltools.gnu-tools-for-stm32.12.3.rel1.linux64_1.1.0.202410170702/tools/bin/../lib/gcc/arm-none-eabi/12.3.1/thumb/v6-m/nofp/crti.o
                0x08008b14                _init
 .init          0x08008b18        0x8 /opt/st/stm32cubeide_1.17.0/plugins/com.st.stm32cube.ide.mcu.externaltools.gnu-tools-for-stm32.12.3.rel1.linux64_1.1.0.202410170702/tools/bin/../lib/gcc/arm-none-eabi/12.3.1/thumb/v6-m/nofp/crtn.o
 *(.fini)
 .fini          0x08008b20        0x4 /opt/st/stm32cubeide_1.17.0/plugins/com.st.stm32cube.ide.mcu.externaltools.gnu-tools-for-stm32.12.3.rel1.linux64_1.1.0.202410170702/tools/bin/../lib/gcc/arm-none-eabi/12.3.1/thumb/v6-m/nofp/crti.o
                0x08008b20                _fini
 .fini          0x08008b24        0x8 /opt/st/stm32cubeide_1.17.0/plugins/com.st.stm32cube.ide.mcu.externaltools.gnu-tools-for-stm32.12.3.rel1.linux64_1.1.0.202410170702/tools/bin/../lib/gcc/arm-none-eabi/12.3.1/thumb/v6-m/nofp/crtn.o
                0x08008b2c                        . = ALIGN (0x4)
                0x08008b2c                        _etext = .

.vfp11_veneer   0x08008b2c        0x0
 .vfp11_veneer  0x08008b2c        0x0 linker stubs

.v4_bx          0x08008b2c        0x0
 .v4_bx         0x08008b2c        0x0 linker stubs

.iplt           0x08008b2c        0x0
 .iplt          0x08008b2c        0x0 /opt/st/stm32cubeide_1.17.0/plugins/com.st.stm32cube.ide.mcu.externaltools.gnu-tools-for-stm32.12.3.rel1.linux64_1.1.0.202410170702/tools/bin/../lib/gcc/arm-none-eabi/12.3.1/thumb/v6-m/nofp/crtbegin.o

.rodata         0x08008b2c      0x310
                0x08008b2c                        . = ALIGN (0x4)
 *(.rodata)
 .rodata        0x08008b2c      0x281 ./Core/Src/main.o
 *fill*         0x08008dad        0x3 
 .rodata        0x08008db0        0x5 ./Middlewares/Third_Party/FreeRTOS/Source/tasks.o
 *(.rodata*)
 *fill*         0x08008db5        0x3 
 .rodata.myRegisterCallback
                0x08008db8       0x18 ./Core/Src/main.o
 .rodata.AHBPrescTable
                0x08008dd0       0x10 ./Core/Src/system_stm32l0xx.o
                0x08008dd0                AHBPrescTable
 .rodata.APBPrescTable
                0x08008de0        0x8 ./Core/Src/system_stm32l0xx.o
                0x08008de0                APBPrescTable
 .rodata.PLLMulTable
                0x08008de8        0x9 ./Core/Src/system_stm32l0xx.o
                0x08008de8                PLLMulTable
 *fill*         0x08008df1        0x3 
 .rodata.UART_SetConfig
                0x08008df4       0x48 ./Drivers/STM32L0xx_HAL_Driver/Src/stm32l0xx_hal_uart.o
                0x08008e3c                        . = ALIGN (0x4)

.ARM.extab      0x08008e3c        0x0
                0x08008e3c                        . = ALIGN (0x4)
 *(.ARM.extab* .gnu.linkonce.armextab.*)
                0x08008e3c                        . = ALIGN (0x4)

.ARM            0x08008e3c        0x8
                0x08008e3c                        . = ALIGN (0x4)
                0x08008e3c                        __exidx_start = .
 *(.ARM.exidx*)
 .ARM.exidx     0x08008e3c        0x8 /opt/st/stm32cubeide_1.17.0/plugins/com.st.stm32cube.ide.mcu.externaltools.gnu-tools-for-stm32.12.3.rel1.linux64_1.1.0.202410170702/tools/bin/../lib/gcc/arm-none-eabi/12.3.1/thumb/v6-m/nofp/libgcc.a(_udivmoddi4.o)
                0x08008e44                        __exidx_end = .
                0x08008e44                        . = ALIGN (0x4)

.preinit_array  0x08008e44        0x0
                0x08008e44                        . = ALIGN (0x4)
                0x08008e44                        PROVIDE (__preinit_array_start = .)
 *(.preinit_array*)
                0x08008e44                        PROVIDE (__preinit_array_end = .)
                0x08008e44                        . = ALIGN (0x4)

.init_array     0x08008e44        0x4
                0x08008e44                        . = ALIGN (0x4)
                0x08008e44                        PROVIDE (__init_array_start = .)
 *(SORT_BY_NAME(.init_array.*))
 *(.init_array*)
 .init_array    0x08008e44        0x4 /opt/st/stm32cubeide_1.17.0/plugins/com.st.stm32cube.ide.mcu.externaltools.gnu-tools-for-stm32.12.3.rel1.linux64_1.1.0.202410170702/tools/bin/../lib/gcc/arm-none-eabi/12.3.1/thumb/v6-m/nofp/crtbegin.o
                0x08008e48                        PROVIDE (__init_array_end = .)
                0x08008e48                        . = ALIGN (0x4)

.fini_array     0x08008e48        0x4
                0x08008e48                        . = ALIGN (0x4)
                [!provide]                        PROVIDE (__fini_array_start = .)
 *(SORT_BY_NAME(.fini_array.*))
 *(.fini_array*)
 .fini_array    0x08008e48        0x4 /opt/st/stm32cubeide_1.17.0/plugins/com.st.stm32cube.ide.mcu.externaltools.gnu-tools-for-stm32.12.3.rel1.linux64_1.1.0.202410170702/tools/bin/../lib/gcc/arm-none-eabi/12.3.1/thumb/v6-m/nofp/crtbegin.o
                [!provide]                        PROVIDE (__fini_array_end = .)
                0x08008e4c                        . = ALIGN (0x4)
                0x08008e4c                        _sidata = LOADADDR (.data)

.rel.dyn        0x08008e4c        0x0
 .rel.iplt      0x08008e4c        0x0 /opt/st/stm32cubeide_1.17.0/plugins/com.st.stm32cube.ide.mcu.externaltools.gnu-tools-for-stm32.12.3.rel1.linux64_1.1.0.202410170702/tools/bin/../lib/gcc/arm-none-eabi/12.3.1/thumb/v6-m/nofp/crtbegin.o

.data           0x20000000       0xe4 load address 0x08008e4c
                0x20000000                        . = ALIGN (0x4)
                0x20000000                        _sdata = .
 *(.data)
 *(.data*)
 .data.modbusSlaveDefaultFunctions
                0x20000000       0x50 ./Core/Src/main.o
                0x20000000                modbusSlaveDefaultFunctions
 .data.LED_Pins
                0x20000050        0xe ./Core/Src/main.o
                0x20000050                LED_Pins
 *fill*         0x2000005e        0x2 
 .data.LED_GPIO
                0x20000060       0x1c ./Core/Src/main.o
                0x20000060                LED_GPIO
 .data.msg      0x2000007c        0x5 ./Core/Src/main.o
                0x2000007c                msg
 *fill*         0x20000081        0x3 
 .data.SystemCoreClock
                0x20000084        0x4 ./Core/Src/system_stm32l0xx.o
                0x20000084                SystemCoreClock
 .data.uwTickPrio
                0x20000088        0x4 ./Drivers/STM32L0xx_HAL_Driver/Src/stm32l0xx_hal.o
                0x20000088                uwTickPrio
 .data.uwTickFreq
                0x2000008c        0x1 ./Drivers/STM32L0xx_HAL_Driver/Src/stm32l0xx_hal.o
                0x2000008c                uwTickFreq
 *fill*         0x2000008d        0x3 
 .data.uxCriticalNesting
                0x20000090        0x4 ./Middlewares/Third_Party/FreeRTOS/Source/portable/GCC/ARM_CM0/port.o
 .data._impure_ptr
                0x20000094        0x4 /opt/st/stm32cubeide_1.17.0/plugins/com.st.stm32cube.ide.mcu.externaltools.gnu-tools-for-stm32.12.3.rel1.linux64_1.1.0.202410170702/tools/bin/../lib/gcc/arm-none-eabi/12.3.1/../../../../arm-none-eabi/lib/thumb/v6-m/nofp/libc_nano.a(libc_a-impure.o)
                0x20000094                _impure_ptr
 .data._impure_data
                0x20000098       0x4c /opt/st/stm32cubeide_1.17.0/plugins/com.st.stm32cube.ide.mcu.externaltools.gnu-tools-for-stm32.12.3.rel1.linux64_1.1.0.202410170702/tools/bin/../lib/gcc/arm-none-eabi/12.3.1/../../../../arm-none-eabi/lib/thumb/v6-m/nofp/libc_nano.a(libc_a-impure.o)
                0x20000098                _impure_data
 *(.RamFunc)
 *(.RamFunc*)
                0x200000e4                        . = ALIGN (0x4)
                0x200000e4                        _edata = .

.igot.plt       0x200000e4        0x0 load address 0x08008f30
 .igot.plt      0x200000e4        0x0 /opt/st/stm32cubeide_1.17.0/plugins/com.st.stm32cube.ide.mcu.externaltools.gnu-tools-for-stm32.12.3.rel1.linux64_1.1.0.202410170702/tools/bin/../lib/gcc/arm-none-eabi/12.3.1/thumb/v6-m/nofp/crtbegin.o
                0x200000e4                        . = ALIGN (0x4)

.bss            0x200000e4     0x1390 load address 0x08008f30
                0x200000e4                        _sbss = .
                0x200000e4                        __bss_start__ = _sbss
 *(.bss)
 .bss           0x200000e4       0x1c /opt/st/stm32cubeide_1.17.0/plugins/com.st.stm32cube.ide.mcu.externaltools.gnu-tools-for-stm32.12.3.rel1.linux64_1.1.0.202410170702/tools/bin/../lib/gcc/arm-none-eabi/12.3.1/thumb/v6-m/nofp/crtbegin.o
 *(.bss*)
 .bss.xIdleTaskTCBBuffer
                0x20000100       0x54 ./Core/Src/freertos.o
 .bss.xIdleStack
                0x20000154      0x200 ./Core/Src/freertos.o
 .bss.hadc      0x20000354       0x5c ./Core/Src/main.o
                0x20000354                hadc
 .bss.hdac      0x200003b0       0x14 ./Core/Src/main.o
                0x200003b0                hdac
 .bss.hlpuart1  0x200003c4       0x88 ./Core/Src/main.o
                0x200003c4                hlpuart1
 .bss.huart1    0x2000044c       0x88 ./Core/Src/main.o
                0x2000044c                huart1
 .bss.htim22    0x200004d4       0x40 ./Core/Src/main.o
                0x200004d4                htim22
 .bss.defaultTaskHandle
                0x20000514        0x4 ./Core/Src/main.o
                0x20000514                defaultTaskHandle
 .bss.timer_on  0x20000518        0x1 ./Core/Src/main.o
                0x20000518                timer_on
 .bss.trig_src  0x20000519        0x1 ./Core/Src/main.o
                0x20000519                trig_src
 *fill*         0x2000051a        0x2 
 .bss.trig_rate_fact
                0x2000051c        0x4 ./Core/Src/main.o
                0x2000051c                trig_rate_fact
 .bss.buf_1     0x20000520       0x20 ./Core/Src/main.o
                0x20000520                buf_1
 .bss.write_1_pos
                0x20000540        0x4 ./Core/Src/main.o
                0x20000540                write_1_pos
 .bss.registers
                0x20000544       0x20 ./Core/Src/main.o
 .bss.inputRegisters
                0x20000564       0x20 ./Core/Src/main.o
 .bss.coils     0x20000584        0x2 ./Core/Src/main.o
 *fill*         0x20000586        0x2 
 .bss.discreteInputs
                0x20000588        0x2 ./Core/Src/main.o
 *fill*         0x2000058a        0x2 
 .bss.slave     0x2000058c       0x24 ./Core/Src/main.o
                0x2000058c                slave
 .bss.rxframe   0x200005b0       0x10 ./Core/Src/main.o
                0x200005b0                rxframe
 .bss.power_changed
                0x200005c0        0x1 ./Core/Src/main.o
                0x200005c0                power_changed
 *fill*         0x200005c1        0x3 
 .bss.err       0x200005c4        0x4 ./Core/Src/main.o
                0x200005c4                err
 .bss.__sbrk_heap_end
                0x200005c8        0x4 ./Core/Src/sysmem.o
 .bss.uwTick    0x200005cc        0x4 ./Drivers/STM32L0xx_HAL_Driver/Src/stm32l0xx_hal.o
                0x200005cc                uwTick
 .bss.pFlash    0x200005d0       0x18 ./Drivers/STM32L0xx_HAL_Driver/Src/stm32l0xx_hal_flash.o
                0x200005d0                pFlash
 .bss.pxCurrentTCB
                0x200005e8        0x4 ./Middlewares/Third_Party/FreeRTOS/Source/tasks.o
                0x200005e8                pxCurrentTCB
 .bss.pxReadyTasksLists
                0x200005ec       0x8c ./Middlewares/Third_Party/FreeRTOS/Source/tasks.o
 .bss.xDelayedTaskList1
                0x20000678       0x14 ./Middlewares/Third_Party/FreeRTOS/Source/tasks.o
 .bss.xDelayedTaskList2
                0x2000068c       0x14 ./Middlewares/Third_Party/FreeRTOS/Source/tasks.o
 .bss.pxDelayedTaskList
                0x200006a0        0x4 ./Middlewares/Third_Party/FreeRTOS/Source/tasks.o
 .bss.pxOverflowDelayedTaskList
                0x200006a4        0x4 ./Middlewares/Third_Party/FreeRTOS/Source/tasks.o
 .bss.xPendingReadyList
                0x200006a8       0x14 ./Middlewares/Third_Party/FreeRTOS/Source/tasks.o
 .bss.xTasksWaitingTermination
                0x200006bc       0x14 ./Middlewares/Third_Party/FreeRTOS/Source/tasks.o
 .bss.uxDeletedTasksWaitingCleanUp
                0x200006d0        0x4 ./Middlewares/Third_Party/FreeRTOS/Source/tasks.o
 .bss.xSuspendedTaskList
                0x200006d4       0x14 ./Middlewares/Third_Party/FreeRTOS/Source/tasks.o
 .bss.uxCurrentNumberOfTasks
                0x200006e8        0x4 ./Middlewares/Third_Party/FreeRTOS/Source/tasks.o
 .bss.xTickCount
                0x200006ec        0x4 ./Middlewares/Third_Party/FreeRTOS/Source/tasks.o
 .bss.uxTopReadyPriority
                0x200006f0        0x4 ./Middlewares/Third_Party/FreeRTOS/Source/tasks.o
 .bss.xSchedulerRunning
                0x200006f4        0x4 ./Middlewares/Third_Party/FreeRTOS/Source/tasks.o
 .bss.uxPendedTicks
                0x200006f8        0x4 ./Middlewares/Third_Party/FreeRTOS/Source/tasks.o
 .bss.xYieldPending
                0x200006fc        0x4 ./Middlewares/Third_Party/FreeRTOS/Source/tasks.o
 .bss.xNumOfOverflows
                0x20000700        0x4 ./Middlewares/Third_Party/FreeRTOS/Source/tasks.o
 .bss.uxTaskNumber
                0x20000704        0x4 ./Middlewares/Third_Party/FreeRTOS/Source/tasks.o
 .bss.xNextTaskUnblockTime
                0x20000708        0x4 ./Middlewares/Third_Party/FreeRTOS/Source/tasks.o
 .bss.xIdleTaskHandle
                0x2000070c        0x4 ./Middlewares/Third_Party/FreeRTOS/Source/tasks.o
 .bss.uxSchedulerSuspended
                0x20000710        0x4 ./Middlewares/Third_Party/FreeRTOS/Source/tasks.o
 .bss.ucHeap    0x20000714      0xc00 ./Middlewares/Third_Party/FreeRTOS/Source/portable/MemMang/heap_4.o
 .bss.xStart    0x20001314        0x8 ./Middlewares/Third_Party/FreeRTOS/Source/portable/MemMang/heap_4.o
 .bss.pxEnd     0x2000131c        0x4 ./Middlewares/Third_Party/FreeRTOS/Source/portable/MemMang/heap_4.o
 .bss.xFreeBytesRemaining
                0x20001320        0x4 ./Middlewares/Third_Party/FreeRTOS/Source/portable/MemMang/heap_4.o
 .bss.xMinimumEverFreeBytesRemaining
                0x20001324        0x4 ./Middlewares/Third_Party/FreeRTOS/Source/portable/MemMang/heap_4.o
 .bss.xBlockAllocatedBit
                0x20001328        0x4 ./Middlewares/Third_Party/FreeRTOS/Source/portable/MemMang/heap_4.o
 .bss.__malloc_sbrk_start
                0x2000132c        0x4 /opt/st/stm32cubeide_1.17.0/plugins/com.st.stm32cube.ide.mcu.externaltools.gnu-tools-for-stm32.12.3.rel1.linux64_1.1.0.202410170702/tools/bin/../lib/gcc/arm-none-eabi/12.3.1/../../../../arm-none-eabi/lib/thumb/v6-m/nofp/libc_nano.a(libc_a-mallocr.o)
                0x2000132c                __malloc_sbrk_start
 .bss.__malloc_free_list
                0x20001330        0x4 /opt/st/stm32cubeide_1.17.0/plugins/com.st.stm32cube.ide.mcu.externaltools.gnu-tools-for-stm32.12.3.rel1.linux64_1.1.0.202410170702/tools/bin/../lib/gcc/arm-none-eabi/12.3.1/../../../../arm-none-eabi/lib/thumb/v6-m/nofp/libc_nano.a(libc_a-mallocr.o)
                0x20001330                __malloc_free_list
 .bss.__sf      0x20001334      0x138 /opt/st/stm32cubeide_1.17.0/plugins/com.st.stm32cube.ide.mcu.externaltools.gnu-tools-for-stm32.12.3.rel1.linux64_1.1.0.202410170702/tools/bin/../lib/gcc/arm-none-eabi/12.3.1/../../../../arm-none-eabi/lib/thumb/v6-m/nofp/libc_nano.a(libc_a-findfp.o)
                0x20001334                __sf
 .bss.errno     0x2000146c        0x4 /opt/st/stm32cubeide_1.17.0/plugins/com.st.stm32cube.ide.mcu.externaltools.gnu-tools-for-stm32.12.3.rel1.linux64_1.1.0.202410170702/tools/bin/../lib/gcc/arm-none-eabi/12.3.1/../../../../arm-none-eabi/lib/thumb/v6-m/nofp/libc_nano.a(libc_a-reent.o)
                0x2000146c                errno
 .bss.__lock___malloc_recursive_mutex
                0x20001470        0x1 /opt/st/stm32cubeide_1.17.0/plugins/com.st.stm32cube.ide.mcu.externaltools.gnu-tools-for-stm32.12.3.rel1.linux64_1.1.0.202410170702/tools/bin/../lib/gcc/arm-none-eabi/12.3.1/../../../../arm-none-eabi/lib/thumb/v6-m/nofp/libc_nano.a(libc_a-lock.o)
                0x20001470                __lock___malloc_recursive_mutex
 *(COMMON)
                0x20001474                        . = ALIGN (0x4)
 *fill*         0x20001471        0x3 
                0x20001474                        _ebss = .
                0x20001474                        __bss_end__ = _ebss

._user_heap_stack
                0x20001474      0x604 load address 0x08008f30
                0x20001478                        . = ALIGN (0x8)
 *fill*         0x20001474        0x4 
                [!provide]                        PROVIDE (end = .)
                0x20001478                        PROVIDE (_end = .)
                0x20001678                        . = (. + _Min_Heap_Size)
 *fill*         0x20001478      0x200 
                0x20001a78                        . = (. + _Min_Stack_Size)
 *fill*         0x20001678      0x400 
                0x20001a78                        . = ALIGN (0x8)

/DISCARD/
 libc.a(*)
 libm.a(*)
 libgcc.a(*)

.ARM.attributes
                0x00000000       0x28
 *(.ARM.attributes)
 .ARM.attributes
                0x00000000       0x1e /opt/st/stm32cubeide_1.17.0/plugins/com.st.stm32cube.ide.mcu.externaltools.gnu-tools-for-stm32.12.3.rel1.linux64_1.1.0.202410170702/tools/bin/../lib/gcc/arm-none-eabi/12.3.1/thumb/v6-m/nofp/crti.o
 .ARM.attributes
                0x0000001e       0x2c /opt/st/stm32cubeide_1.17.0/plugins/com.st.stm32cube.ide.mcu.externaltools.gnu-tools-for-stm32.12.3.rel1.linux64_1.1.0.202410170702/tools/bin/../lib/gcc/arm-none-eabi/12.3.1/thumb/v6-m/nofp/crtbegin.o
 .ARM.attributes
                0x0000004a       0x2c ./Core/Src/freertos.o
 .ARM.attributes
                0x00000076       0x2c ./Core/Src/main.o
 .ARM.attributes
                0x000000a2       0x2c ./Core/Src/stm32l0xx_hal_msp.o
 .ARM.attributes
                0x000000ce       0x2c ./Core/Src/stm32l0xx_it.o
 .ARM.attributes
                0x000000fa       0x2c ./Core/Src/sysmem.o
 .ARM.attributes
                0x00000126       0x2c ./Core/Src/system_stm32l0xx.o
 .ARM.attributes
                0x00000152       0x22 ./Core/Startup/startup_stm32l072czux.o
 .ARM.attributes
                0x00000174       0x2c ./Drivers/STM32L0xx_HAL_Driver/Src/stm32l0xx_hal.o
 .ARM.attributes
                0x000001a0       0x2c ./Drivers/STM32L0xx_HAL_Driver/Src/stm32l0xx_hal_adc.o
 .ARM.attributes
                0x000001cc       0x2c ./Drivers/STM32L0xx_HAL_Driver/Src/stm32l0xx_hal_cortex.o
 .ARM.attributes
                0x000001f8       0x2c ./Drivers/STM32L0xx_HAL_Driver/Src/stm32l0xx_hal_dac.o
 .ARM.attributes
                0x00000224       0x2c ./Drivers/STM32L0xx_HAL_Driver/Src/stm32l0xx_hal_dac_ex.o
 .ARM.attributes
                0x00000250       0x2c ./Drivers/STM32L0xx_HAL_Driver/Src/stm32l0xx_hal_dma.o
 .ARM.attributes
                0x0000027c       0x2c ./Drivers/STM32L0xx_HAL_Driver/Src/stm32l0xx_hal_flash.o
 .ARM.attributes
                0x000002a8       0x2c ./Drivers/STM32L0xx_HAL_Driver/Src/stm32l0xx_hal_flash_ex.o
 .ARM.attributes
                0x000002d4       0x2c ./Drivers/STM32L0xx_HAL_Driver/Src/stm32l0xx_hal_gpio.o
 .ARM.attributes
                0x00000300       0x2c ./Drivers/STM32L0xx_HAL_Driver/Src/stm32l0xx_hal_rcc.o
 .ARM.attributes
                0x0000032c       0x2c ./Drivers/STM32L0xx_HAL_Driver/Src/stm32l0xx_hal_rcc_ex.o
 .ARM.attributes
                0x00000358       0x2c ./Drivers/STM32L0xx_HAL_Driver/Src/stm32l0xx_hal_tim.o
 .ARM.attributes
                0x00000384       0x2c ./Drivers/STM32L0xx_HAL_Driver/Src/stm32l0xx_hal_tim_ex.o
 .ARM.attributes
                0x000003b0       0x2c ./Drivers/STM32L0xx_HAL_Driver/Src/stm32l0xx_hal_uart.o
 .ARM.attributes
                0x000003dc       0x2c ./Drivers/STM32L0xx_HAL_Driver/Src/stm32l0xx_hal_uart_ex.o
 .ARM.attributes
                0x00000408       0x2c ./Middlewares/Third_Party/FreeRTOS/Source/CMSIS_RTOS/cmsis_os.o
 .ARM.attributes
                0x00000434       0x2c ./Middlewares/Third_Party/FreeRTOS/Source/list.o
 .ARM.attributes
                0x00000460       0x2c ./Middlewares/Third_Party/FreeRTOS/Source/tasks.o
 .ARM.attributes
                0x0000048c       0x2c ./Middlewares/Third_Party/FreeRTOS/Source/portable/GCC/ARM_CM0/port.o
 .ARM.attributes
                0x000004b8       0x2c ./Middlewares/Third_Party/FreeRTOS/Source/portable/MemMang/heap_4.o
 .ARM.attributes
                0x000004e4       0x2c /opt/st/stm32cubeide_1.17.0/plugins/com.st.stm32cube.ide.mcu.externaltools.gnu-tools-for-stm32.12.3.rel1.linux64_1.1.0.202410170702/tools/bin/../lib/gcc/arm-none-eabi/12.3.1/../../../../arm-none-eabi/lib/thumb/v6-m/nofp/libc_nano.a(libc_a-malloc.o)
 .ARM.attributes
                0x00000510       0x2c /opt/st/stm32cubeide_1.17.0/plugins/com.st.stm32cube.ide.mcu.externaltools.gnu-tools-for-stm32.12.3.rel1.linux64_1.1.0.202410170702/tools/bin/../lib/gcc/arm-none-eabi/12.3.1/../../../../arm-none-eabi/lib/thumb/v6-m/nofp/libc_nano.a(libc_a-mallocr.o)
 .ARM.attributes
                0x0000053c       0x2c /opt/st/stm32cubeide_1.17.0/plugins/com.st.stm32cube.ide.mcu.externaltools.gnu-tools-for-stm32.12.3.rel1.linux64_1.1.0.202410170702/tools/bin/../lib/gcc/arm-none-eabi/12.3.1/../../../../arm-none-eabi/lib/thumb/v6-m/nofp/libc_nano.a(libc_a-mlock.o)
 .ARM.attributes
                0x00000568       0x2c /opt/st/stm32cubeide_1.17.0/plugins/com.st.stm32cube.ide.mcu.externaltools.gnu-tools-for-stm32.12.3.rel1.linux64_1.1.0.202410170702/tools/bin/../lib/gcc/arm-none-eabi/12.3.1/../../../../arm-none-eabi/lib/thumb/v6-m/nofp/libc_nano.a(libc_a-realloc.o)
 .ARM.attributes
                0x00000594       0x2c /opt/st/stm32cubeide_1.17.0/plugins/com.st.stm32cube.ide.mcu.externaltools.gnu-tools-for-stm32.12.3.rel1.linux64_1.1.0.202410170702/tools/bin/../lib/gcc/arm-none-eabi/12.3.1/../../../../arm-none-eabi/lib/thumb/v6-m/nofp/libc_nano.a(libc_a-reallocr.o)
 .ARM.attributes
                0x000005c0       0x2c /opt/st/stm32cubeide_1.17.0/plugins/com.st.stm32cube.ide.mcu.externaltools.gnu-tools-for-stm32.12.3.rel1.linux64_1.1.0.202410170702/tools/bin/../lib/gcc/arm-none-eabi/12.3.1/../../../../arm-none-eabi/lib/thumb/v6-m/nofp/libc_nano.a(libc_a-findfp.o)
 .ARM.attributes
                0x000005ec       0x2c /opt/st/stm32cubeide_1.17.0/plugins/com.st.stm32cube.ide.mcu.externaltools.gnu-tools-for-stm32.12.3.rel1.linux64_1.1.0.202410170702/tools/bin/../lib/gcc/arm-none-eabi/12.3.1/../../../../arm-none-eabi/lib/thumb/v6-m/nofp/libc_nano.a(libc_a-memset.o)
 .ARM.attributes
                0x00000618       0x2c /opt/st/stm32cubeide_1.17.0/plugins/com.st.stm32cube.ide.mcu.externaltools.gnu-tools-for-stm32.12.3.rel1.linux64_1.1.0.202410170702/tools/bin/../lib/gcc/arm-none-eabi/12.3.1/../../../../arm-none-eabi/lib/thumb/v6-m/nofp/libc_nano.a(libc_a-reent.o)
 .ARM.attributes
                0x00000644       0x2c /opt/st/stm32cubeide_1.17.0/plugins/com.st.stm32cube.ide.mcu.externaltools.gnu-tools-for-stm32.12.3.rel1.linux64_1.1.0.202410170702/tools/bin/../lib/gcc/arm-none-eabi/12.3.1/../../../../arm-none-eabi/lib/thumb/v6-m/nofp/libc_nano.a(libc_a-impure.o)
 .ARM.attributes
                0x00000670       0x2c /opt/st/stm32cubeide_1.17.0/plugins/com.st.stm32cube.ide.mcu.externaltools.gnu-tools-for-stm32.12.3.rel1.linux64_1.1.0.202410170702/tools/bin/../lib/gcc/arm-none-eabi/12.3.1/../../../../arm-none-eabi/lib/thumb/v6-m/nofp/libc_nano.a(libc_a-sbrkr.o)
 .ARM.attributes
                0x0000069c       0x2c /opt/st/stm32cubeide_1.17.0/plugins/com.st.stm32cube.ide.mcu.externaltools.gnu-tools-for-stm32.12.3.rel1.linux64_1.1.0.202410170702/tools/bin/../lib/gcc/arm-none-eabi/12.3.1/../../../../arm-none-eabi/lib/thumb/v6-m/nofp/libc_nano.a(libc_a-errno.o)
 .ARM.attributes
                0x000006c8       0x2c /opt/st/stm32cubeide_1.17.0/plugins/com.st.stm32cube.ide.mcu.externaltools.gnu-tools-for-stm32.12.3.rel1.linux64_1.1.0.202410170702/tools/bin/../lib/gcc/arm-none-eabi/12.3.1/../../../../arm-none-eabi/lib/thumb/v6-m/nofp/libc_nano.a(libc_a-init.o)
 .ARM.attributes
                0x000006f4       0x2c /opt/st/stm32cubeide_1.17.0/plugins/com.st.stm32cube.ide.mcu.externaltools.gnu-tools-for-stm32.12.3.rel1.linux64_1.1.0.202410170702/tools/bin/../lib/gcc/arm-none-eabi/12.3.1/../../../../arm-none-eabi/lib/thumb/v6-m/nofp/libc_nano.a(libc_a-lock.o)
 .ARM.attributes
                0x00000720       0x2c /opt/st/stm32cubeide_1.17.0/plugins/com.st.stm32cube.ide.mcu.externaltools.gnu-tools-for-stm32.12.3.rel1.linux64_1.1.0.202410170702/tools/bin/../lib/gcc/arm-none-eabi/12.3.1/../../../../arm-none-eabi/lib/thumb/v6-m/nofp/libc_nano.a(libc_a-memcpy-stub.o)
 .ARM.attributes
                0x0000074c       0x1c /opt/st/stm32cubeide_1.17.0/plugins/com.st.stm32cube.ide.mcu.externaltools.gnu-tools-for-stm32.12.3.rel1.linux64_1.1.0.202410170702/tools/bin/../lib/gcc/arm-none-eabi/12.3.1/../../../../arm-none-eabi/lib/thumb/v6-m/nofp/libc_nano.a(libc_a-strlen.o)
 .ARM.attributes
                0x00000768       0x2c /opt/st/stm32cubeide_1.17.0/plugins/com.st.stm32cube.ide.mcu.externaltools.gnu-tools-for-stm32.12.3.rel1.linux64_1.1.0.202410170702/tools/bin/../lib/gcc/arm-none-eabi/12.3.1/../../../../arm-none-eabi/lib/thumb/v6-m/nofp/libc_nano.a(libc_a-freer.o)
 .ARM.attributes
                0x00000794       0x2c /opt/st/stm32cubeide_1.17.0/plugins/com.st.stm32cube.ide.mcu.externaltools.gnu-tools-for-stm32.12.3.rel1.linux64_1.1.0.202410170702/tools/bin/../lib/gcc/arm-none-eabi/12.3.1/../../../../arm-none-eabi/lib/thumb/v6-m/nofp/libc_nano.a(libc_a-msizer.o)
 .ARM.attributes
                0x000007c0       0x1e /opt/st/stm32cubeide_1.17.0/plugins/com.st.stm32cube.ide.mcu.externaltools.gnu-tools-for-stm32.12.3.rel1.linux64_1.1.0.202410170702/tools/bin/../lib/gcc/arm-none-eabi/12.3.1/thumb/v6-m/nofp/libgcc.a(_udivsi3.o)
 .ARM.attributes
                0x000007de       0x1e /opt/st/stm32cubeide_1.17.0/plugins/com.st.stm32cube.ide.mcu.externaltools.gnu-tools-for-stm32.12.3.rel1.linux64_1.1.0.202410170702/tools/bin/../lib/gcc/arm-none-eabi/12.3.1/thumb/v6-m/nofp/libgcc.a(_dvmd_tls.o)
 .ARM.attributes
                0x000007fc       0x1e /opt/st/stm32cubeide_1.17.0/plugins/com.st.stm32cube.ide.mcu.externaltools.gnu-tools-for-stm32.12.3.rel1.linux64_1.1.0.202410170702/tools/bin/../lib/gcc/arm-none-eabi/12.3.1/thumb/v6-m/nofp/libgcc.a(_aeabi_uldivmod.o)
 .ARM.attributes
                0x0000081a       0x2c /opt/st/stm32cubeide_1.17.0/plugins/com.st.stm32cube.ide.mcu.externaltools.gnu-tools-for-stm32.12.3.rel1.linux64_1.1.0.202410170702/tools/bin/../lib/gcc/arm-none-eabi/12.3.1/thumb/v6-m/nofp/libgcc.a(_udivmoddi4.o)
 .ARM.attributes
                0x00000846       0x1e /opt/st/stm32cubeide_1.17.0/plugins/com.st.stm32cube.ide.mcu.externaltools.gnu-tools-for-stm32.12.3.rel1.linux64_1.1.0.202410170702/tools/bin/../lib/gcc/arm-none-eabi/12.3.1/thumb/v6-m/nofp/libgcc.a(_clzdi2.o)
 .ARM.attributes
                0x00000864       0x1e /opt/st/stm32cubeide_1.17.0/plugins/com.st.stm32cube.ide.mcu.externaltools.gnu-tools-for-stm32.12.3.rel1.linux64_1.1.0.202410170702/tools/bin/../lib/gcc/arm-none-eabi/12.3.1/thumb/v6-m/nofp/libgcc.a(_clzsi2.o)
 .ARM.attributes
                0x00000882       0x1e /opt/st/stm32cubeide_1.17.0/plugins/com.st.stm32cube.ide.mcu.externaltools.gnu-tools-for-stm32.12.3.rel1.linux64_1.1.0.202410170702/tools/bin/../lib/gcc/arm-none-eabi/12.3.1/thumb/v6-m/nofp/crtn.o
OUTPUT(LED_FEB_2.elf elf32-littlearm)
LOAD linker stubs
LOAD /opt/st/stm32cubeide_1.17.0/plugins/com.st.stm32cube.ide.mcu.externaltools.gnu-tools-for-stm32.12.3.rel1.linux64_1.1.0.202410170702/tools/bin/../lib/gcc/arm-none-eabi/12.3.1/../../../../arm-none-eabi/lib/thumb/v6-m/nofp/libc.a
LOAD /opt/st/stm32cubeide_1.17.0/plugins/com.st.stm32cube.ide.mcu.externaltools.gnu-tools-for-stm32.12.3.rel1.linux64_1.1.0.202410170702/tools/bin/../lib/gcc/arm-none-eabi/12.3.1/../../../../arm-none-eabi/lib/thumb/v6-m/nofp/libm.a
LOAD /opt/st/stm32cubeide_1.17.0/plugins/com.st.stm32cube.ide.mcu.externaltools.gnu-tools-for-stm32.12.3.rel1.linux64_1.1.0.202410170702/tools/bin/../lib/gcc/arm-none-eabi/12.3.1/thumb/v6-m/nofp/libgcc.a

.debug_info     0x00000000    0x16829
 .debug_info    0x00000000      0x279 ./Core/Src/freertos.o
 .debug_info    0x00000279     0x36c3 ./Core/Src/main.o
 .debug_info    0x0000393c     0x130e ./Core/Src/stm32l0xx_hal_msp.o
 .debug_info    0x00004c4a      0x6e0 ./Core/Src/stm32l0xx_it.o
 .debug_info    0x0000532a      0x168 ./Core/Src/sysmem.o
 .debug_info    0x00005492      0x2d0 ./Core/Src/system_stm32l0xx.o
 .debug_info    0x00005762       0x30 ./Core/Startup/startup_stm32l072czux.o
 .debug_info    0x00005792      0x8a6 ./Drivers/STM32L0xx_HAL_Driver/Src/stm32l0xx_hal.o
 .debug_info    0x00006038      0xcea ./Drivers/STM32L0xx_HAL_Driver/Src/stm32l0xx_hal_adc.o
 .debug_info    0x00006d22      0x89c ./Drivers/STM32L0xx_HAL_Driver/Src/stm32l0xx_hal_cortex.o
 .debug_info    0x000075be      0x83d ./Drivers/STM32L0xx_HAL_Driver/Src/stm32l0xx_hal_dac.o
 .debug_info    0x00007dfb      0x9b5 ./Drivers/STM32L0xx_HAL_Driver/Src/stm32l0xx_hal_dac_ex.o
 .debug_info    0x000087b0      0x70b ./Drivers/STM32L0xx_HAL_Driver/Src/stm32l0xx_hal_dma.o
 .debug_info    0x00008ebb      0x594 ./Drivers/STM32L0xx_HAL_Driver/Src/stm32l0xx_hal_flash.o
 .debug_info    0x0000944f      0xaa1 ./Drivers/STM32L0xx_HAL_Driver/Src/stm32l0xx_hal_flash_ex.o
 .debug_info    0x00009ef0      0x617 ./Drivers/STM32L0xx_HAL_Driver/Src/stm32l0xx_hal_gpio.o
 .debug_info    0x0000a507      0xa2a ./Drivers/STM32L0xx_HAL_Driver/Src/stm32l0xx_hal_rcc.o
 .debug_info    0x0000af31      0x7e0 ./Drivers/STM32L0xx_HAL_Driver/Src/stm32l0xx_hal_rcc_ex.o
 .debug_info    0x0000b711     0x27d1 ./Drivers/STM32L0xx_HAL_Driver/Src/stm32l0xx_hal_tim.o
 .debug_info    0x0000dee2      0x6af ./Drivers/STM32L0xx_HAL_Driver/Src/stm32l0xx_hal_tim_ex.o
 .debug_info    0x0000e591     0x3b66 ./Drivers/STM32L0xx_HAL_Driver/Src/stm32l0xx_hal_uart.o
 .debug_info    0x000120f7      0xdaa ./Drivers/STM32L0xx_HAL_Driver/Src/stm32l0xx_hal_uart_ex.o
 .debug_info    0x00012ea1     0x1aff ./Middlewares/Third_Party/FreeRTOS/Source/CMSIS_RTOS/cmsis_os.o
 .debug_info    0x000149a0      0x2af ./Middlewares/Third_Party/FreeRTOS/Source/list.o
 .debug_info    0x00014c4f     0x1648 ./Middlewares/Third_Party/FreeRTOS/Source/tasks.o
 .debug_info    0x00016297      0x289 ./Middlewares/Third_Party/FreeRTOS/Source/portable/GCC/ARM_CM0/port.o
 .debug_info    0x00016520      0x309 ./Middlewares/Third_Party/FreeRTOS/Source/portable/MemMang/heap_4.o

.debug_abbrev   0x00000000     0x3a3f
 .debug_abbrev  0x00000000       0xd2 ./Core/Src/freertos.o
 .debug_abbrev  0x000000d2      0x5a0 ./Core/Src/main.o
 .debug_abbrev  0x00000672      0x248 ./Core/Src/stm32l0xx_hal_msp.o
 .debug_abbrev  0x000008ba      0x1ae ./Core/Src/stm32l0xx_it.o
 .debug_abbrev  0x00000a68       0xbc ./Core/Src/sysmem.o
 .debug_abbrev  0x00000b24      0x11c ./Core/Src/system_stm32l0xx.o
 .debug_abbrev  0x00000c40       0x24 ./Core/Startup/startup_stm32l072czux.o
 .debug_abbrev  0x00000c64      0x2a0 ./Drivers/STM32L0xx_HAL_Driver/Src/stm32l0xx_hal.o
 .debug_abbrev  0x00000f04      0x241 ./Drivers/STM32L0xx_HAL_Driver/Src/stm32l0xx_hal_adc.o
 .debug_abbrev  0x00001145      0x29b ./Drivers/STM32L0xx_HAL_Driver/Src/stm32l0xx_hal_cortex.o
 .debug_abbrev  0x000013e0      0x160 ./Drivers/STM32L0xx_HAL_Driver/Src/stm32l0xx_hal_dac.o
 .debug_abbrev  0x00001540      0x22b ./Drivers/STM32L0xx_HAL_Driver/Src/stm32l0xx_hal_dac_ex.o
 .debug_abbrev  0x0000176b      0x1cd ./Drivers/STM32L0xx_HAL_Driver/Src/stm32l0xx_hal_dma.o
 .debug_abbrev  0x00001938      0x2f9 ./Drivers/STM32L0xx_HAL_Driver/Src/stm32l0xx_hal_flash.o
 .debug_abbrev  0x00001c31      0x333 ./Drivers/STM32L0xx_HAL_Driver/Src/stm32l0xx_hal_flash_ex.o
 .debug_abbrev  0x00001f64      0x1cb ./Drivers/STM32L0xx_HAL_Driver/Src/stm32l0xx_hal_gpio.o
 .debug_abbrev  0x0000212f      0x296 ./Drivers/STM32L0xx_HAL_Driver/Src/stm32l0xx_hal_rcc.o
 .debug_abbrev  0x000023c5      0x21a ./Drivers/STM32L0xx_HAL_Driver/Src/stm32l0xx_hal_rcc_ex.o
 .debug_abbrev  0x000025df      0x272 ./Drivers/STM32L0xx_HAL_Driver/Src/stm32l0xx_hal_tim.o
 .debug_abbrev  0x00002851      0x1ab ./Drivers/STM32L0xx_HAL_Driver/Src/stm32l0xx_hal_tim_ex.o
 .debug_abbrev  0x000029fc      0x2e0 ./Drivers/STM32L0xx_HAL_Driver/Src/stm32l0xx_hal_uart.o
 .debug_abbrev  0x00002cdc      0x2ba ./Drivers/STM32L0xx_HAL_Driver/Src/stm32l0xx_hal_uart_ex.o
 .debug_abbrev  0x00002f96      0x33d ./Middlewares/Third_Party/FreeRTOS/Source/CMSIS_RTOS/cmsis_os.o
 .debug_abbrev  0x000032d3       0xf5 ./Middlewares/Third_Party/FreeRTOS/Source/list.o
 .debug_abbrev  0x000033c8      0x2ec ./Middlewares/Third_Party/FreeRTOS/Source/tasks.o
 .debug_abbrev  0x000036b4      0x1ea ./Middlewares/Third_Party/FreeRTOS/Source/portable/GCC/ARM_CM0/port.o
 .debug_abbrev  0x0000389e      0x1a1 ./Middlewares/Third_Party/FreeRTOS/Source/portable/MemMang/heap_4.o

.debug_aranges  0x00000000     0x1660
 .debug_aranges
                0x00000000       0x20 ./Core/Src/freertos.o
 .debug_aranges
                0x00000020      0x218 ./Core/Src/main.o
 .debug_aranges
                0x00000238       0x68 ./Core/Src/stm32l0xx_hal_msp.o
 .debug_aranges
                0x000002a0       0x48 ./Core/Src/stm32l0xx_it.o
 .debug_aranges
                0x000002e8       0x20 ./Core/Src/sysmem.o
 .debug_aranges
                0x00000308       0x28 ./Core/Src/system_stm32l0xx.o
 .debug_aranges
                0x00000330       0x28 ./Core/Startup/startup_stm32l072czux.o
 .debug_aranges
                0x00000358      0x110 ./Drivers/STM32L0xx_HAL_Driver/Src/stm32l0xx_hal.o
 .debug_aranges
                0x00000468      0x100 ./Drivers/STM32L0xx_HAL_Driver/Src/stm32l0xx_hal_adc.o
 .debug_aranges
                0x00000568       0xe8 ./Drivers/STM32L0xx_HAL_Driver/Src/stm32l0xx_hal_cortex.o
 .debug_aranges
                0x00000650       0xa8 ./Drivers/STM32L0xx_HAL_Driver/Src/stm32l0xx_hal_dac.o
 .debug_aranges
                0x000006f8       0xb8 ./Drivers/STM32L0xx_HAL_Driver/Src/stm32l0xx_hal_dac_ex.o
 .debug_aranges
                0x000007b0       0x80 ./Drivers/STM32L0xx_HAL_Driver/Src/stm32l0xx_hal_dma.o
 .debug_aranges
                0x00000830       0x80 ./Drivers/STM32L0xx_HAL_Driver/Src/stm32l0xx_hal_flash.o
 .debug_aranges
                0x000008b0       0xf0 ./Drivers/STM32L0xx_HAL_Driver/Src/stm32l0xx_hal_flash_ex.o
 .debug_aranges
                0x000009a0       0x58 ./Drivers/STM32L0xx_HAL_Driver/Src/stm32l0xx_hal_gpio.o
 .debug_aranges
                0x000009f8       0x80 ./Drivers/STM32L0xx_HAL_Driver/Src/stm32l0xx_hal_rcc.o
 .debug_aranges
                0x00000a78       0xb0 ./Drivers/STM32L0xx_HAL_Driver/Src/stm32l0xx_hal_rcc_ex.o
 .debug_aranges
                0x00000b28      0x3d0 ./Drivers/STM32L0xx_HAL_Driver/Src/stm32l0xx_hal_tim.o
 .debug_aranges
                0x00000ef8       0x28 ./Drivers/STM32L0xx_HAL_Driver/Src/stm32l0xx_hal_tim_ex.o
 .debug_aranges
                0x00000f20      0x228 ./Drivers/STM32L0xx_HAL_Driver/Src/stm32l0xx_hal_uart.o
 .debug_aranges
                0x00001148       0x80 ./Drivers/STM32L0xx_HAL_Driver/Src/stm32l0xx_hal_uart_ex.o
 .debug_aranges
                0x000011c8      0x1d8 ./Middlewares/Third_Party/FreeRTOS/Source/CMSIS_RTOS/cmsis_os.o
 .debug_aranges
                0x000013a0       0x40 ./Middlewares/Third_Party/FreeRTOS/Source/list.o
 .debug_aranges
                0x000013e0      0x1a8 ./Middlewares/Third_Party/FreeRTOS/Source/tasks.o
 .debug_aranges
                0x00001588       0x88 ./Middlewares/Third_Party/FreeRTOS/Source/portable/GCC/ARM_CM0/port.o
 .debug_aranges
                0x00001610       0x50 ./Middlewares/Third_Party/FreeRTOS/Source/portable/MemMang/heap_4.o

.debug_rnglists
                0x00000000     0x1154
 .debug_rnglists
                0x00000000       0x13 ./Core/Src/freertos.o
 .debug_rnglists
                0x00000013      0x1b4 ./Core/Src/main.o
 .debug_rnglists
                0x000001c7       0x4b ./Core/Src/stm32l0xx_hal_msp.o
 .debug_rnglists
                0x00000212       0x31 ./Core/Src/stm32l0xx_it.o
 .debug_rnglists
                0x00000243       0x13 ./Core/Src/sysmem.o
 .debug_rnglists
                0x00000256       0x1a ./Core/Src/system_stm32l0xx.o
 .debug_rnglists
                0x00000270       0x19 ./Core/Startup/startup_stm32l072czux.o
 .debug_rnglists
                0x00000289       0xc7 ./Drivers/STM32L0xx_HAL_Driver/Src/stm32l0xx_hal.o
 .debug_rnglists
                0x00000350       0xcc ./Drivers/STM32L0xx_HAL_Driver/Src/stm32l0xx_hal_adc.o
 .debug_rnglists
                0x0000041c       0xaa ./Drivers/STM32L0xx_HAL_Driver/Src/stm32l0xx_hal_cortex.o
 .debug_rnglists
                0x000004c6       0x7a ./Drivers/STM32L0xx_HAL_Driver/Src/stm32l0xx_hal_dac.o
 .debug_rnglists
                0x00000540       0x89 ./Drivers/STM32L0xx_HAL_Driver/Src/stm32l0xx_hal_dac_ex.o
 .debug_rnglists
                0x000005c9       0x65 ./Drivers/STM32L0xx_HAL_Driver/Src/stm32l0xx_hal_dma.o
 .debug_rnglists
                0x0000062e       0x5f ./Drivers/STM32L0xx_HAL_Driver/Src/stm32l0xx_hal_flash.o
 .debug_rnglists
                0x0000068d       0xbb ./Drivers/STM32L0xx_HAL_Driver/Src/stm32l0xx_hal_flash_ex.o
 .debug_rnglists
                0x00000748       0x3f ./Drivers/STM32L0xx_HAL_Driver/Src/stm32l0xx_hal_gpio.o
 .debug_rnglists
                0x00000787       0x61 ./Drivers/STM32L0xx_HAL_Driver/Src/stm32l0xx_hal_rcc.o
 .debug_rnglists
                0x000007e8       0x85 ./Drivers/STM32L0xx_HAL_Driver/Src/stm32l0xx_hal_rcc_ex.o
 .debug_rnglists
                0x0000086d      0x310 ./Drivers/STM32L0xx_HAL_Driver/Src/stm32l0xx_hal_tim.o
 .debug_rnglists
                0x00000b7d       0x1a ./Drivers/STM32L0xx_HAL_Driver/Src/stm32l0xx_hal_tim_ex.o
 .debug_rnglists
                0x00000b97      0x1db ./Drivers/STM32L0xx_HAL_Driver/Src/stm32l0xx_hal_uart.o
 .debug_rnglists
                0x00000d72       0x60 ./Drivers/STM32L0xx_HAL_Driver/Src/stm32l0xx_hal_uart_ex.o
 .debug_rnglists
                0x00000dd2      0x168 ./Middlewares/Third_Party/FreeRTOS/Source/CMSIS_RTOS/cmsis_os.o
 .debug_rnglists
                0x00000f3a       0x2b ./Middlewares/Third_Party/FreeRTOS/Source/list.o
 .debug_rnglists
                0x00000f65      0x153 ./Middlewares/Third_Party/FreeRTOS/Source/tasks.o
 .debug_rnglists
                0x000010b8       0x61 ./Middlewares/Third_Party/FreeRTOS/Source/portable/GCC/ARM_CM0/port.o
 .debug_rnglists
                0x00001119       0x3b ./Middlewares/Third_Party/FreeRTOS/Source/portable/MemMang/heap_4.o

.debug_macro    0x00000000    0x18320
 .debug_macro   0x00000000      0x26d ./Core/Src/freertos.o
 .debug_macro   0x0000026d      0xa8a ./Core/Src/freertos.o
 .debug_macro   0x00000cf7      0x189 ./Core/Src/freertos.o
 .debug_macro   0x00000e80       0x22 ./Core/Src/freertos.o
 .debug_macro   0x00000ea2       0x8e ./Core/Src/freertos.o
 .debug_macro   0x00000f30       0x51 ./Core/Src/freertos.o
 .debug_macro   0x00000f81      0x103 ./Core/Src/freertos.o
 .debug_macro   0x00001084       0x6a ./Core/Src/freertos.o
 .debug_macro   0x000010ee      0x1df ./Core/Src/freertos.o
 .debug_macro   0x000012cd       0xc4 ./Core/Src/freertos.o
 .debug_macro   0x00001391      0x15a ./Core/Src/freertos.o
 .debug_macro   0x000014eb       0xb2 ./Core/Src/freertos.o
 .debug_macro   0x0000159d       0x1c ./Core/Src/freertos.o
 .debug_macro   0x000015b9       0x26 ./Core/Src/freertos.o
 .debug_macro   0x000015df      0x4ef ./Core/Src/freertos.o
 .debug_macro   0x00001ace       0xb5 ./Core/Src/freertos.o
 .debug_macro   0x00001b83       0xaa ./Core/Src/freertos.o
 .debug_macro   0x00001c2d      0x131 ./Core/Src/freertos.o
 .debug_macro   0x00001d5e       0x2e ./Core/Src/freertos.o
 .debug_macro   0x00001d8c       0x28 ./Core/Src/freertos.o
 .debug_macro   0x00001db4       0x1c ./Core/Src/freertos.o
 .debug_macro   0x00001dd0       0x22 ./Core/Src/freertos.o
 .debug_macro   0x00001df2       0xaf ./Core/Src/freertos.o
 .debug_macro   0x00001ea1      0x4da ./Core/Src/freertos.o
 .debug_macro   0x0000237b      0x11f ./Core/Src/freertos.o
 .debug_macro   0x0000249a     0xa33b ./Core/Src/freertos.o
 .debug_macro   0x0000c7d5       0x66 ./Core/Src/freertos.o
 .debug_macro   0x0000c83b     0x35ac ./Core/Src/freertos.o
 .debug_macro   0x0000fde7       0x5c ./Core/Src/freertos.o
 .debug_macro   0x0000fe43      0x8ea ./Core/Src/freertos.o
 .debug_macro   0x0001072d      0xb52 ./Core/Src/freertos.o
 .debug_macro   0x0001127f      0x197 ./Core/Src/freertos.o
 .debug_macro   0x00011416      0x13f ./Core/Src/freertos.o
 .debug_macro   0x00011555      0x1ca ./Core/Src/freertos.o
 .debug_macro   0x0001171f       0x82 ./Core/Src/freertos.o
 .debug_macro   0x000117a1      0x28e ./Core/Src/freertos.o
 .debug_macro   0x00011a2f      0x1e9 ./Core/Src/freertos.o
 .debug_macro   0x00011c18      0x4e1 ./Core/Src/freertos.o
 .debug_macro   0x000120f9       0x6b ./Core/Src/freertos.o
 .debug_macro   0x00012164      0x122 ./Core/Src/freertos.o
 .debug_macro   0x00012286       0xa0 ./Core/Src/freertos.o
 .debug_macro   0x00012326      0x13d ./Core/Src/freertos.o
 .debug_macro   0x00012463      0x4ac ./Core/Src/freertos.o
 .debug_macro   0x0001290f      0x22c ./Core/Src/freertos.o
 .debug_macro   0x00012b3b       0x5b ./Core/Src/freertos.o
 .debug_macro   0x00012b96       0xa5 ./Core/Src/freertos.o
 .debug_macro   0x00012c3b      0x186 ./Core/Src/freertos.o
 .debug_macro   0x00012dc1       0x16 ./Core/Src/freertos.o
 .debug_macro   0x00012dd7      0x788 ./Core/Src/freertos.o
 .debug_macro   0x0001355f       0xfc ./Core/Src/freertos.o
 .debug_macro   0x0001365b      0x5cf ./Core/Src/freertos.o
 .debug_macro   0x00013c2a       0x44 ./Core/Src/freertos.o
 .debug_macro   0x00013c6e      0x170 ./Core/Src/freertos.o
 .debug_macro   0x00013dde      0x16c ./Core/Src/freertos.o
 .debug_macro   0x00013f4a      0x56e ./Core/Src/main.o
 .debug_macro   0x000144b8       0x91 ./Core/Src/main.o
 .debug_macro   0x00014549       0x8d ./Core/Src/main.o
 .debug_macro   0x000145d6       0x7e ./Core/Src/main.o
 .debug_macro   0x00014654       0x19 ./Core/Src/main.o
 .debug_macro   0x0001466d       0xf2 ./Core/Src/main.o
 .debug_macro   0x0001475f       0x61 ./Core/Src/main.o
 .debug_macro   0x000147c0       0x24 ./Core/Src/main.o
 .debug_macro   0x000147e4       0x43 ./Core/Src/main.o
 .debug_macro   0x00014827       0x34 ./Core/Src/main.o
 .debug_macro   0x0001485b       0x16 ./Core/Src/main.o
 .debug_macro   0x00014871       0x35 ./Core/Src/main.o
 .debug_macro   0x000148a6      0x369 ./Core/Src/main.o
 .debug_macro   0x00014c0f       0x10 ./Core/Src/main.o
 .debug_macro   0x00014c1f       0x16 ./Core/Src/main.o
 .debug_macro   0x00014c35       0x43 ./Core/Src/main.o
 .debug_macro   0x00014c78       0x34 ./Core/Src/main.o
 .debug_macro   0x00014cac       0x10 ./Core/Src/main.o
 .debug_macro   0x00014cbc       0x58 ./Core/Src/main.o
 .debug_macro   0x00014d14       0x8e ./Core/Src/main.o
 .debug_macro   0x00014da2       0x1c ./Core/Src/main.o
 .debug_macro   0x00014dbe      0x177 ./Core/Src/main.o
 .debug_macro   0x00014f35       0x16 ./Core/Src/main.o
 .debug_macro   0x00014f4b       0x16 ./Core/Src/main.o
 .debug_macro   0x00014f61      0x146 ./Core/Src/main.o
 .debug_macro   0x000150a7       0x16 ./Core/Src/main.o
 .debug_macro   0x000150bd       0x20 ./Core/Src/main.o
 .debug_macro   0x000150dd       0x8e ./Core/Src/main.o
 .debug_macro   0x0001516b       0x16 ./Core/Src/main.o
 .debug_macro   0x00015181       0x16 ./Core/Src/main.o
 .debug_macro   0x00015197       0x29 ./Core/Src/main.o
 .debug_macro   0x000151c0      0x205 ./Core/Src/stm32l0xx_hal_msp.o
 .debug_macro   0x000153c5      0x277 ./Core/Src/stm32l0xx_it.o
 .debug_macro   0x0001563c       0xff ./Core/Src/sysmem.o
 .debug_macro   0x0001573b      0x23c ./Core/Src/sysmem.o
 .debug_macro   0x00015977      0x1f6 ./Core/Src/system_stm32l0xx.o
 .debug_macro   0x00015b6d      0x21a ./Drivers/STM32L0xx_HAL_Driver/Src/stm32l0xx_hal.o
 .debug_macro   0x00015d87      0x205 ./Drivers/STM32L0xx_HAL_Driver/Src/stm32l0xx_hal_adc.o
 .debug_macro   0x00015f8c      0x1f6 ./Drivers/STM32L0xx_HAL_Driver/Src/stm32l0xx_hal_cortex.o
 .debug_macro   0x00016182      0x1f7 ./Drivers/STM32L0xx_HAL_Driver/Src/stm32l0xx_hal_dac.o
 .debug_macro   0x00016379      0x1f6 ./Drivers/STM32L0xx_HAL_Driver/Src/stm32l0xx_hal_dac_ex.o
 .debug_macro   0x0001656f      0x1f6 ./Drivers/STM32L0xx_HAL_Driver/Src/stm32l0xx_hal_dma.o
 .debug_macro   0x00016765      0x1f7 ./Drivers/STM32L0xx_HAL_Driver/Src/stm32l0xx_hal_flash.o
 .debug_macro   0x0001695c      0x1f6 ./Drivers/STM32L0xx_HAL_Driver/Src/stm32l0xx_hal_flash_ex.o
 .debug_macro   0x00016b52      0x1fd ./Drivers/STM32L0xx_HAL_Driver/Src/stm32l0xx_hal_gpio.o
 .debug_macro   0x00016d4f      0x22c ./Drivers/STM32L0xx_HAL_Driver/Src/stm32l0xx_hal_rcc.o
 .debug_macro   0x00016f7b      0x1f6 ./Drivers/STM32L0xx_HAL_Driver/Src/stm32l0xx_hal_rcc_ex.o
 .debug_macro   0x00017171      0x1f7 ./Drivers/STM32L0xx_HAL_Driver/Src/stm32l0xx_hal_tim.o
 .debug_macro   0x00017368      0x1f6 ./Drivers/STM32L0xx_HAL_Driver/Src/stm32l0xx_hal_tim_ex.o
 .debug_macro   0x0001755e      0x221 ./Drivers/STM32L0xx_HAL_Driver/Src/stm32l0xx_hal_uart.o
 .debug_macro   0x0001777f      0x1f6 ./Drivers/STM32L0xx_HAL_Driver/Src/stm32l0xx_hal_uart_ex.o
 .debug_macro   0x00017975      0x1fe ./Middlewares/Third_Party/FreeRTOS/Source/CMSIS_RTOS/cmsis_os.o
 .debug_macro   0x00017b73       0x10 ./Middlewares/Third_Party/FreeRTOS/Source/CMSIS_RTOS/cmsis_os.o
 .debug_macro   0x00017b83       0x9d ./Middlewares/Third_Party/FreeRTOS/Source/CMSIS_RTOS/cmsis_os.o
 .debug_macro   0x00017c20      0x187 ./Middlewares/Third_Party/FreeRTOS/Source/list.o
 .debug_macro   0x00017da7      0x27f ./Middlewares/Third_Party/FreeRTOS/Source/tasks.o
 .debug_macro   0x00018026       0x10 ./Middlewares/Third_Party/FreeRTOS/Source/tasks.o
 .debug_macro   0x00018036      0x13c ./Middlewares/Third_Party/FreeRTOS/Source/portable/GCC/ARM_CM0/port.o
 .debug_macro   0x00018172      0x1ae ./Middlewares/Third_Party/FreeRTOS/Source/portable/MemMang/heap_4.o

.debug_line     0x00000000    0x17ec8
 .debug_line    0x00000000      0x821 ./Core/Src/freertos.o
 .debug_line    0x00000821     0x1eeb ./Core/Src/main.o
 .debug_line    0x0000270c      0x8a1 ./Core/Src/stm32l0xx_hal_msp.o
 .debug_line    0x00002fad      0x8b5 ./Core/Src/stm32l0xx_it.o
 .debug_line    0x00003862      0x4ae ./Core/Src/sysmem.o
 .debug_line    0x00003d10      0x7d4 ./Core/Src/system_stm32l0xx.o
 .debug_line    0x000044e4       0x7b ./Core/Startup/startup_stm32l072czux.o
 .debug_line    0x0000455f      0xa8b ./Drivers/STM32L0xx_HAL_Driver/Src/stm32l0xx_hal.o
 .debug_line    0x00004fea     0x119b ./Drivers/STM32L0xx_HAL_Driver/Src/stm32l0xx_hal_adc.o
 .debug_line    0x00006185      0xb64 ./Drivers/STM32L0xx_HAL_Driver/Src/stm32l0xx_hal_cortex.o
 .debug_line    0x00006ce9      0x973 ./Drivers/STM32L0xx_HAL_Driver/Src/stm32l0xx_hal_dac.o
 .debug_line    0x0000765c      0xb24 ./Drivers/STM32L0xx_HAL_Driver/Src/stm32l0xx_hal_dac_ex.o
 .debug_line    0x00008180      0xc71 ./Drivers/STM32L0xx_HAL_Driver/Src/stm32l0xx_hal_dma.o
 .debug_line    0x00008df1      0xb0d ./Drivers/STM32L0xx_HAL_Driver/Src/stm32l0xx_hal_flash.o
 .debug_line    0x000098fe      0xe57 ./Drivers/STM32L0xx_HAL_Driver/Src/stm32l0xx_hal_flash_ex.o
 .debug_line    0x0000a755      0xb38 ./Drivers/STM32L0xx_HAL_Driver/Src/stm32l0xx_hal_gpio.o
 .debug_line    0x0000b28d      0xeec ./Drivers/STM32L0xx_HAL_Driver/Src/stm32l0xx_hal_rcc.o
 .debug_line    0x0000c179      0xdd7 ./Drivers/STM32L0xx_HAL_Driver/Src/stm32l0xx_hal_rcc_ex.o
 .debug_line    0x0000cf50     0x3004 ./Drivers/STM32L0xx_HAL_Driver/Src/stm32l0xx_hal_tim.o
 .debug_line    0x0000ff54      0x7f6 ./Drivers/STM32L0xx_HAL_Driver/Src/stm32l0xx_hal_tim_ex.o
 .debug_line    0x0001074a     0x2dd6 ./Drivers/STM32L0xx_HAL_Driver/Src/stm32l0xx_hal_uart.o
 .debug_line    0x00013520      0xcb4 ./Drivers/STM32L0xx_HAL_Driver/Src/stm32l0xx_hal_uart_ex.o
 .debug_line    0x000141d4     0x1172 ./Middlewares/Third_Party/FreeRTOS/Source/CMSIS_RTOS/cmsis_os.o
 .debug_line    0x00015346      0x6c0 ./Middlewares/Third_Party/FreeRTOS/Source/list.o
 .debug_line    0x00015a06     0x1634 ./Middlewares/Third_Party/FreeRTOS/Source/tasks.o
 .debug_line    0x0001703a      0x641 ./Middlewares/Third_Party/FreeRTOS/Source/portable/GCC/ARM_CM0/port.o
 .debug_line    0x0001767b      0x84d ./Middlewares/Third_Party/FreeRTOS/Source/portable/MemMang/heap_4.o

.debug_str      0x00000000    0x93f9b
 .debug_str     0x00000000    0x860bb ./Core/Src/freertos.o
                              0x863db (size before relaxing)
 .debug_str     0x000860bb     0x81f1 ./Core/Src/main.o
                              0x8e6e7 (size before relaxing)
 .debug_str     0x0008e2ac      0x282 ./Core/Src/stm32l0xx_hal_msp.o
                              0x83691 (size before relaxing)
 .debug_str     0x0008e52e       0xcd ./Core/Src/stm32l0xx_it.o
                              0x8679b (size before relaxing)
 .debug_str     0x0008e5fb      0x35c ./Core/Src/sysmem.o
                               0x5fc9 (size before relaxing)